INFO:COMEBin	1.1.0:NN setup finished; loss function and training state are ready.
INFO:root:Start SimCLR training for 200 epochs.
INFO:COMEBin	1.1.0:NN training preflight: mode=combined-model, epochs=200, samples=3000, batches_per_epoch=2, batch_size=1024, device=cpu, fp16=False, process_memory={'VmPeak': '1733068 kB', 'VmRSS': '497036 kB'}, gpu_memory=None.
INFO:COMEBin	1.1.0:NN training: enter combined-model loop and request the first DataLoader batch.
INFO:root:kmer_len:	136

INFO:COMEBin	1.1.0:NN training: first combined-model batch received; view_shapes=[(1024, 138), (1024, 138), (1024, 138), (1024, 138), (1024, 138), (1024, 138)].
INFO:COMEBin	1.1.0:NN training: first combined-model batch moved to cpu; shape=(6144, 138).
INFO:COMEBin	1.1.0:NN training: first combined-model forward pass finished; loss=8.530816078186035.
INFO:COMEBin	1.1.0:NN training: first combined-model backward pass and optimizer step finished.
INFO:COMEBin	1.1.0:NN training: epoch=1/200, batches=2, loss=7.8648257, top1=0.2962, elapsed=11.442s, process_memory={'VmPeak': '6375076 kB', 'VmRSS': '1573228 kB'}, gpu_memory=None.
DEBUG:root:Epoch: 0	Loss: 7.86482572555542	Top1 accuracy: 0.2962239384651184
INFO:COMEBin	1.1.0:NN training: epoch=2/200, batches=2, loss=7.595367, top1=0.3776, elapsed=12.150s, process_memory={'VmPeak': '6574412 kB', 'VmRSS': '1573132 kB'}, gpu_memory=None.
DEBUG:root:Epoch: 1	Loss: 7.595366954803467	Top1 accuracy: 0.3776041567325592
INFO:COMEBin	1.1.0:NN training: epoch=3/200, batches=2, loss=7.5304279, top1=0.3418, elapsed=12.133s, process_memory={'VmPeak': '6574412 kB', 'VmRSS': '1557580 kB'}, gpu_memory=None.
DEBUG:root:Epoch: 2	Loss: 7.530427932739258	Top1 accuracy: 0.341796875
INFO:COMEBin	1.1.0:NN training: epoch=4/200, batches=2, loss=7.2860122, top1=0.5827, elapsed=12.069s, process_memory={'VmPeak': '6588076 kB', 'VmRSS': '1573964 kB'}, gpu_memory=None.
DEBUG:root:Epoch: 3	Loss: 7.286012172698975	Top1 accuracy: 0.5826822519302368
INFO:COMEBin	1.1.0:NN training: epoch=5/200, batches=2, loss=7.0509181, top1=0.9863, elapsed=12.041s, process_memory={'VmPeak': '6588076 kB', 'VmRSS': '1577052 kB'}, gpu_memory=None.
DEBUG:root:Epoch: 4	Loss: 7.050918102264404	Top1 accuracy: 0.986328125
INFO:COMEBin	1.1.0:NN training: epoch=6/200, batches=2, loss=6.9313602, top1=1.0254, elapsed=12.414s, process_memory={'VmPeak': '6588076 kB', 'VmRSS': '1563764 kB'}, gpu_memory=None.
DEBUG:root:Epoch: 5	Loss: 6.931360244750977	Top1 accuracy: 1.025390625
INFO:COMEBin	1.1.0:NN training: epoch=7/200, batches=2, loss=6.7925448, top1=1.2402, elapsed=13.194s, process_memory={'VmPeak': '6588076 kB', 'VmRSS': '1541244 kB'}, gpu_memory=None.
DEBUG:root:Epoch: 6	Loss: 6.792544841766357	Top1 accuracy: 1.240234375
INFO:COMEBin	1.1.0:NN training: epoch=8/200, batches=2, loss=6.7998013, top1=1.1751, elapsed=13.098s, process_memory={'VmPeak': '6588076 kB', 'VmRSS': '1580364 kB'}, gpu_memory=None.
DEBUG:root:Epoch: 7	Loss: 6.799801349639893	Top1 accuracy: 1.1751301288604736
INFO:COMEBin	1.1.0:NN training: epoch=9/200, batches=2, loss=6.7905374, top1=1.3053, elapsed=13.157s, process_memory={'VmPeak': '6588076 kB', 'VmRSS': '1544332 kB'}, gpu_memory=None.
DEBUG:root:Epoch: 8	Loss: 6.790537357330322	Top1 accuracy: 1.3053385019302368
