INFO:COMEBin	1.1.0:NN setup finished; loss function and training state are ready.
INFO:root:Start SimCLR training for 200 epochs.
INFO:COMEBin	1.1.0:NN training preflight: mode=combined-model, epochs=200, samples=4900, batches_per_epoch=4, batch_size=1024, device=cpu, fp16=False, process_memory={'VmPeak': '3705624 kB', 'VmRSS': '504636 kB'}, gpu_memory=None.
INFO:COMEBin	1.1.0:NN training: enter combined-model loop and request the first DataLoader batch.
INFO:root:kmer_len:	136

INFO:COMEBin	1.1.0:NN training: first combined-model batch received; view_shapes=[(1024, 138), (1024, 138), (1024, 138), (1024, 138), (1024, 138), (1024, 138)].
INFO:COMEBin	1.1.0:NN training: first combined-model batch moved to cpu; shape=(6144, 138).
INFO:COMEBin	1.1.0:NN training: first combined-model forward pass finished; loss=9.019586563110352.
INFO:COMEBin	1.1.0:NN training: first combined-model backward pass and optimizer step finished.
INFO:COMEBin	1.1.0:NN training: epoch=1/200, batches=4, loss=7.5634012, top1=0.6966, elapsed=15.671s, process_memory={'VmPeak': '8537192 kB', 'VmRSS': '1580708 kB'}, gpu_memory=None.
DEBUG:root:Epoch: 0	Loss: 7.563401222229004	Top1 accuracy: 0.6966145634651184
INFO:COMEBin	1.1.0:NN training: epoch=2/200, batches=4, loss=7.2964969, top1=1.1296, elapsed=17.817s, process_memory={'VmPeak': '8543928 kB', 'VmRSS': '1616752 kB'}, gpu_memory=None.
DEBUG:root:Epoch: 1	Loss: 7.296496868133545	Top1 accuracy: 1.1295572519302368
INFO:COMEBin	1.1.0:NN training: epoch=3/200, batches=4, loss=6.8956776, top1=1.5462, elapsed=18.838s, process_memory={'VmPeak': '8566696 kB', 'VmRSS': '1633156 kB'}, gpu_memory=None.
DEBUG:root:Epoch: 2	Loss: 6.89567756652832	Top1 accuracy: 1.5462238788604736
INFO:COMEBin	1.1.0:NN training: epoch=4/200, batches=4, loss=6.7126722, top1=1.5104, elapsed=18.943s, process_memory={'VmPeak': '8566696 kB', 'VmRSS': '1564696 kB'}, gpu_memory=None.
DEBUG:root:Epoch: 3	Loss: 6.712672233581543	Top1 accuracy: 1.5104166269302368
INFO:COMEBin	1.1.0:NN training: epoch=5/200, batches=4, loss=6.6235585, top1=1.5039, elapsed=19.011s, process_memory={'VmPeak': '8566696 kB', 'VmRSS': '1580984 kB'}, gpu_memory=None.
DEBUG:root:Epoch: 4	Loss: 6.623558521270752	Top1 accuracy: 1.50390625
INFO:COMEBin	1.1.0:NN training: epoch=6/200, batches=4, loss=6.553853, top1=1.5527, elapsed=19.986s, process_memory={'VmPeak': '8566696 kB', 'VmRSS': '1564616 kB'}, gpu_memory=None.
DEBUG:root:Epoch: 5	Loss: 6.5538530349731445	Top1 accuracy: 1.552734375
INFO:COMEBin	1.1.0:NN training: epoch=7/200, batches=4, loss=6.5035386, top1=1.7611, elapsed=19.545s, process_memory={'VmPeak': '8566696 kB', 'VmRSS': '1597392 kB'}, gpu_memory=None.
DEBUG:root:Epoch: 6	Loss: 6.503538608551025	Top1 accuracy: 1.7610676288604736
INFO:COMEBin	1.1.0:NN training: epoch=8/200, batches=4, loss=6.464088, top1=1.9857, elapsed=19.172s, process_memory={'VmPeak': '8566696 kB', 'VmRSS': '1597396 kB'}, gpu_memory=None.
DEBUG:root:Epoch: 7	Loss: 6.464087963104248	Top1 accuracy: 1.9856770038604736
INFO:COMEBin	1.1.0:NN training: epoch=9/200, batches=4, loss=6.3992949, top1=2.2982, elapsed=19.051s, process_memory={'VmPeak': '8566696 kB', 'VmRSS': '1619924 kB'}, gpu_memory=None.
DEBUG:root:Epoch: 8	Loss: 6.399294853210449	Top1 accuracy: 2.2981770038604736
INFO:COMEBin	1.1.0:NN training: epoch=10/200, batches=4, loss=6.3702235, top1=2.2103, elapsed=19.896s, process_memory={'VmPeak': '8569768 kB', 'VmRSS': '1613780 kB'}, gpu_memory=None.
DEBUG:root:Epoch: 9	Loss: 6.370223522186279	Top1 accuracy: 2.2102863788604736
INFO:COMEBin	1.1.0:NN training: epoch=11/200, batches=4, loss=6.316638, top1=2.3665, elapsed=19.948s, process_memory={'VmPeak': '8569768 kB', 'VmRSS': '1564628 kB'}, gpu_memory=None.
DEBUG:root:Epoch: 10	Loss: 6.316637992858887	Top1 accuracy: 2.3665363788604736
INFO:COMEBin	1.1.0:NN training: epoch=12/200, batches=4, loss=6.2900977, top1=2.7507, elapsed=20.154s, process_memory={'VmPeak': '8580008 kB', 'VmRSS': '1600536 kB'}, gpu_memory=None.
DEBUG:root:Epoch: 11	Loss: 6.290097713470459	Top1 accuracy: 2.7506508827209473
INFO:COMEBin	1.1.0:NN training: epoch=13/200, batches=4, loss=6.2252779, top1=2.9785, elapsed=20.195s, process_memory={'VmPeak': '8580008 kB', 'VmRSS': '1597464 kB'}, gpu_memory=None.
DEBUG:root:Epoch: 12	Loss: 6.225277900695801	Top1 accuracy: 2.978515625
INFO:COMEBin	1.1.0:NN training: epoch=14/200, batches=4, loss=6.2410517, top1=2.9720, elapsed=19.303s, process_memory={'VmPeak': '8580008 kB', 'VmRSS': '1620064 kB'}, gpu_memory=None.
DEBUG:root:Epoch: 13	Loss: 6.24105167388916	Top1 accuracy: 2.9720051288604736
INFO:COMEBin	1.1.0:NN training: epoch=15/200, batches=4, loss=6.1656103, top1=3.7826, elapsed=19.731s, process_memory={'VmPeak': '8580008 kB', 'VmRSS': '1584152 kB'}, gpu_memory=None.
DEBUG:root:Epoch: 14	Loss: 6.165610313415527	Top1 accuracy: 3.7825520038604736
INFO:COMEBin	1.1.0:NN training: epoch=16/200, batches=4, loss=6.0812616, top1=4.6354, elapsed=19.718s, process_memory={'VmPeak': '8580008 kB', 'VmRSS': '1581080 kB'}, gpu_memory=None.
DEBUG:root:Epoch: 15	Loss: 6.08126163482666	Top1 accuracy: 4.635416507720947
INFO:COMEBin	1.1.0:NN training: epoch=17/200, batches=4, loss=6.0168223, top1=4.3424, elapsed=19.362s, process_memory={'VmPeak': '8580008 kB', 'VmRSS': '1564700 kB'}, gpu_memory=None.
DEBUG:root:Epoch: 16	Loss: 6.016822338104248	Top1 accuracy: 4.342447757720947
INFO:COMEBin	1.1.0:NN training: epoch=18/200, batches=4, loss=5.9322348, top1=4.6777, elapsed=19.907s, process_memory={'VmPeak': '8580008 kB', 'VmRSS': '1597468 kB'}, gpu_memory=None.
DEBUG:root:Epoch: 17	Loss: 5.932234764099121	Top1 accuracy: 4.677734375
INFO:COMEBin	1.1.0:NN training: epoch=19/200, batches=4, loss=5.9577303, top1=5.2507, elapsed=18.938s, process_memory={'VmPeak': '8580008 kB', 'VmRSS': '1581084 kB'}, gpu_memory=None.
DEBUG:root:Epoch: 18	Loss: 5.957730293273926	Top1 accuracy: 5.250650882720947
INFO:COMEBin	1.1.0:NN training: epoch=20/200, batches=4, loss=5.8628492, top1=5.9993, elapsed=18.608s, process_memory={'VmPeak': '8580008 kB', 'VmRSS': '1630240 kB'}, gpu_memory=None.
DEBUG:root:Epoch: 19	Loss: 5.862849235534668	Top1 accuracy: 5.9993486404418945
INFO:COMEBin	1.1.0:NN training: epoch=21/200, batches=4, loss=5.8645954, top1=6.6211, elapsed=18.752s, process_memory={'VmPeak': '8580008 kB', 'VmRSS': '1616928 kB'}, gpu_memory=None.
DEBUG:root:Epoch: 20	Loss: 5.864595413208008	Top1 accuracy: 6.62109375
INFO:COMEBin	1.1.0:NN training: epoch=22/200, batches=4, loss=5.8769011, top1=6.0710, elapsed=18.934s, process_memory={'VmPeak': '8580008 kB', 'VmRSS': '1631264 kB'}, gpu_memory=None.
DEBUG:root:Epoch: 21	Loss: 5.876901149749756	Top1 accuracy: 6.070963382720947
INFO:COMEBin	1.1.0:NN training: epoch=23/200, batches=4, loss=5.767436, top1=7.9427, elapsed=18.881s, process_memory={'VmPeak': '8580008 kB', 'VmRSS': '1613856 kB'}, gpu_memory=None.
DEBUG:root:Epoch: 22	Loss: 5.7674360275268555	Top1 accuracy: 7.9427080154418945
INFO:COMEBin	1.1.0:NN training: epoch=24/200, batches=4, loss=5.7335725, top1=7.7116, elapsed=19.861s, process_memory={'VmPeak': '8580008 kB', 'VmRSS': '1581088 kB'}, gpu_memory=None.
DEBUG:root:Epoch: 23	Loss: 5.733572483062744	Top1 accuracy: 7.711588382720947
INFO:COMEBin	1.1.0:NN training: epoch=25/200, batches=4, loss=5.7579327, top1=7.6465, elapsed=19.197s, process_memory={'VmPeak': '8580008 kB', 'VmRSS': '1597472 kB'}, gpu_memory=None.
DEBUG:root:Epoch: 24	Loss: 5.757932662963867	Top1 accuracy: 7.646484375
INFO:COMEBin	1.1.0:NN training: epoch=26/200, batches=4, loss=5.7092261, top1=8.4701, elapsed=18.821s, process_memory={'VmPeak': '8580008 kB', 'VmRSS': '1620196 kB'}, gpu_memory=None.
DEBUG:root:Epoch: 25	Loss: 5.709226131439209	Top1 accuracy: 8.470051765441895
INFO:COMEBin	1.1.0:NN training: epoch=27/200, batches=4, loss=5.7135444, top1=8.3301, elapsed=19.329s, process_memory={'VmPeak': '8580008 kB', 'VmRSS': '1620196 kB'}, gpu_memory=None.
DEBUG:root:Epoch: 26	Loss: 5.7135443687438965	Top1 accuracy: 8.330078125
INFO:COMEBin	1.1.0:NN training: epoch=28/200, batches=4, loss=5.650713, top1=8.7891, elapsed=19.126s, process_memory={'VmPeak': '8580008 kB', 'VmRSS': '1564708 kB'}, gpu_memory=None.
DEBUG:root:Epoch: 27	Loss: 5.650712966918945	Top1 accuracy: 8.7890625
INFO:COMEBin	1.1.0:NN training: epoch=29/200, batches=4, loss=5.6048284, top1=10.5404, elapsed=19.138s, process_memory={'VmPeak': '8580008 kB', 'VmRSS': '1630244 kB'}, gpu_memory=None.
DEBUG:root:Epoch: 28	Loss: 5.604828357696533	Top1 accuracy: 10.540364265441895
INFO:COMEBin	1.1.0:NN training: epoch=30/200, batches=4, loss=5.6391315, top1=10.4232, elapsed=19.267s, process_memory={'VmPeak': '8583320 kB', 'VmRSS': '1616932 kB'}, gpu_memory=None.
DEBUG:root:Epoch: 29	Loss: 5.639131546020508	Top1 accuracy: 10.423176765441895
INFO:COMEBin	1.1.0:NN training: epoch=31/200, batches=4, loss=5.4688973, top1=11.9238, elapsed=19.446s, process_memory={'VmPeak': '8583320 kB', 'VmRSS': '1590308 kB'}, gpu_memory=None.
DEBUG:root:Epoch: 30	Loss: 5.468897342681885	Top1 accuracy: 11.923828125
INFO:COMEBin	1.1.0:NN training: epoch=32/200, batches=4, loss=5.5191851, top1=11.8359, elapsed=19.375s, process_memory={'VmPeak': '8583320 kB', 'VmRSS': '1581092 kB'}, gpu_memory=None.
DEBUG:root:Epoch: 31	Loss: 5.5191850662231445	Top1 accuracy: 11.8359375
INFO:COMEBin	1.1.0:NN training: epoch=33/200, batches=4, loss=5.4110937, top1=13.4766, elapsed=18.610s, process_memory={'VmPeak': '8583320 kB', 'VmRSS': '1581092 kB'}, gpu_memory=None.
DEBUG:root:Epoch: 32	Loss: 5.411093711853027	Top1 accuracy: 13.4765625
INFO:COMEBin	1.1.0:NN training: epoch=34/200, batches=4, loss=5.3081808, top1=15.2083, elapsed=18.973s, process_memory={'VmPeak': '8583320 kB', 'VmRSS': '1584164 kB'}, gpu_memory=None.
DEBUG:root:Epoch: 33	Loss: 5.308180809020996	Top1 accuracy: 15.208333015441895
INFO:COMEBin	1.1.0:NN training: epoch=35/200, batches=4, loss=5.2745805, top1=15.4167, elapsed=18.889s, process_memory={'VmPeak': '8583320 kB', 'VmRSS': '1581092 kB'}, gpu_memory=None.
DEBUG:root:Epoch: 34	Loss: 5.274580478668213	Top1 accuracy: 15.416666030883789
INFO:COMEBin	1.1.0:NN training: epoch=36/200, batches=4, loss=5.3318071, top1=15.8431, elapsed=19.007s, process_memory={'VmPeak': '8583320 kB', 'VmRSS': '1584164 kB'}, gpu_memory=None.
DEBUG:root:Epoch: 35	Loss: 5.3318071365356445	Top1 accuracy: 15.843098640441895
INFO:COMEBin	1.1.0:NN training: epoch=37/200, batches=4, loss=5.195457, top1=17.5944, elapsed=19.737s, process_memory={'VmPeak': '8583320 kB', 'VmRSS': '1597476 kB'}, gpu_memory=None.
DEBUG:root:Epoch: 36	Loss: 5.1954569816589355	Top1 accuracy: 17.59440040588379
INFO:COMEBin	1.1.0:NN training: epoch=38/200, batches=4, loss=5.2059932, top1=17.3014, elapsed=19.111s, process_memory={'VmPeak': '8583320 kB', 'VmRSS': '1584164 kB'}, gpu_memory=None.
DEBUG:root:Epoch: 37	Loss: 5.205993175506592	Top1 accuracy: 17.30143165588379
INFO:COMEBin	1.1.0:NN training: epoch=39/200, batches=4, loss=5.2069821, top1=17.9362, elapsed=19.023s, process_memory={'VmPeak': '8583320 kB', 'VmRSS': '1581092 kB'}, gpu_memory=None.
DEBUG:root:Epoch: 38	Loss: 5.206982135772705	Top1 accuracy: 17.93619728088379
INFO:COMEBin	1.1.0:NN training: epoch=40/200, batches=4, loss=5.0932608, top1=19.2025, elapsed=19.163s, process_memory={'VmPeak': '8583320 kB', 'VmRSS': '1616932 kB'}, gpu_memory=None.
DEBUG:root:Epoch: 39	Loss: 5.093260765075684	Top1 accuracy: 19.202472686767578
INFO:COMEBin	1.1.0:NN training: epoch=41/200, batches=4, loss=4.9810762, top1=20.0879, elapsed=18.956s, process_memory={'VmPeak': '8583320 kB', 'VmRSS': '1616932 kB'}, gpu_memory=None.
DEBUG:root:Epoch: 40	Loss: 4.981076240539551	Top1 accuracy: 20.087890625
INFO:COMEBin	1.1.0:NN training: epoch=42/200, batches=4, loss=5.0738049, top1=20.3255, elapsed=19.733s, process_memory={'VmPeak': '8583320 kB', 'VmRSS': '1581092 kB'}, gpu_memory=None.
DEBUG:root:Epoch: 41	Loss: 5.07380485534668	Top1 accuracy: 20.325519561767578
INFO:COMEBin	1.1.0:NN training: epoch=43/200, batches=4, loss=4.9047437, top1=22.0085, elapsed=19.345s, process_memory={'VmPeak': '8593080 kB', 'VmRSS': '1613864 kB'}, gpu_memory=None.
DEBUG:root:Epoch: 42	Loss: 4.904743671417236	Top1 accuracy: 22.00846290588379
INFO:COMEBin	1.1.0:NN training: epoch=44/200, batches=4, loss=4.9673247, top1=22.6628, elapsed=19.313s, process_memory={'VmPeak': '8593080 kB', 'VmRSS': '1613864 kB'}, gpu_memory=None.
DEBUG:root:Epoch: 43	Loss: 4.967324733734131	Top1 accuracy: 22.66275978088379
INFO:COMEBin	1.1.0:NN training: epoch=45/200, batches=4, loss=4.7934141, top1=24.2480, elapsed=19.166s, process_memory={'VmPeak': '8593080 kB', 'VmRSS': '1597480 kB'}, gpu_memory=None.
DEBUG:root:Epoch: 44	Loss: 4.793414115905762	Top1 accuracy: 24.248046875
INFO:COMEBin	1.1.0:NN training: epoch=46/200, batches=4, loss=4.7933292, top1=24.3978, elapsed=18.991s, process_memory={'VmPeak': '8593080 kB', 'VmRSS': '1646652 kB'}, gpu_memory=None.
DEBUG:root:Epoch: 45	Loss: 4.793329238891602	Top1 accuracy: 24.397785186767578
INFO:COMEBin	1.1.0:NN training: epoch=47/200, batches=4, loss=4.8002825, top1=24.3945, elapsed=19.596s, process_memory={'VmPeak': '8593080 kB', 'VmRSS': '1564732 kB'}, gpu_memory=None.
DEBUG:root:Epoch: 46	Loss: 4.8002824783325195	Top1 accuracy: 24.39453125
INFO:COMEBin	1.1.0:NN training: epoch=48/200, batches=4, loss=4.7253318, top1=25.9505, elapsed=19.352s, process_memory={'VmPeak': '8593080 kB', 'VmRSS': '1633340 kB'}, gpu_memory=None.
DEBUG:root:Epoch: 47	Loss: 4.725331783294678	Top1 accuracy: 25.950519561767578
