INFO:COMEBin	1.1.0:NN setup finished; loss function and training state are ready.
INFO:root:Start SimCLR training for 200 epochs.
INFO:COMEBin	1.1.0:NN training preflight: mode=combined-model, epochs=200, samples=3000, batches_per_epoch=2, batch_size=1024, device=cpu, fp16=False, process_memory={'VmPeak': '1668560 kB', 'VmRSS': '497848 kB'}, gpu_memory=None.
INFO:COMEBin	1.1.0:NN training: enter combined-model loop and request the first DataLoader batch.
INFO:root:kmer_len:	136

INFO:COMEBin	1.1.0:NN training: first combined-model batch received; view_shapes=[(1024, 138), (1024, 138), (1024, 138), (1024, 138), (1024, 138), (1024, 138)].
INFO:COMEBin	1.1.0:NN training: first combined-model batch moved to cpu; shape=(6144, 138).
INFO:COMEBin	1.1.0:NN training: first combined-model forward pass finished; loss=9.004576683044434.
INFO:COMEBin	1.1.0:NN training: first combined-model backward pass and optimizer step finished.
INFO:COMEBin	1.1.0:NN training: epoch=1/200, batches=2, loss=7.9373369, top1=0.2897, elapsed=12.928s, process_memory={'VmPeak': '6375444 kB', 'VmRSS': '1573576 kB'}, gpu_memory=None.
DEBUG:root:Epoch: 0	Loss: 7.9373369216918945	Top1 accuracy: 0.2897135317325592
INFO:COMEBin	1.1.0:NN training: epoch=2/200, batches=2, loss=7.6101694, top1=0.4427, elapsed=13.390s, process_memory={'VmPeak': '6574780 kB', 'VmRSS': '1557916 kB'}, gpu_memory=None.
DEBUG:root:Epoch: 1	Loss: 7.610169410705566	Top1 accuracy: 0.4427083134651184
INFO:COMEBin	1.1.0:NN training: epoch=3/200, batches=2, loss=7.5699663, top1=0.4883, elapsed=13.178s, process_memory={'VmPeak': '6574780 kB', 'VmRSS': '1574304 kB'}, gpu_memory=None.
DEBUG:root:Epoch: 2	Loss: 7.5699663162231445	Top1 accuracy: 0.48828125
INFO:COMEBin	1.1.0:NN training: epoch=4/200, batches=2, loss=7.4187756, top1=0.5339, elapsed=13.242s, process_memory={'VmPeak': '6575372 kB', 'VmRSS': '1577376 kB'}, gpu_memory=None.
DEBUG:root:Epoch: 3	Loss: 7.41877555847168	Top1 accuracy: 0.5338541269302368
INFO:COMEBin	1.1.0:NN training: epoch=5/200, batches=2, loss=7.3481193, top1=0.8659, elapsed=13.192s, process_memory={'VmPeak': '6578444 kB', 'VmRSS': '1541536 kB'}, gpu_memory=None.
DEBUG:root:Epoch: 4	Loss: 7.348119258880615	Top1 accuracy: 0.8658853769302368
INFO:COMEBin	1.1.0:NN training: epoch=6/200, batches=2, loss=7.2546573, top1=0.9733, elapsed=12.976s, process_memory={'VmPeak': '6578444 kB', 'VmRSS': '1557952 kB'}, gpu_memory=None.
DEBUG:root:Epoch: 5	Loss: 7.25465726852417	Top1 accuracy: 0.9733072519302368
INFO:COMEBin	1.1.0:NN training: epoch=7/200, batches=2, loss=7.0286031, top1=1.1263, elapsed=13.509s, process_memory={'VmPeak': '6578444 kB', 'VmRSS': '1574344 kB'}, gpu_memory=None.
DEBUG:root:Epoch: 6	Loss: 7.0286030769348145	Top1 accuracy: 1.1263020038604736
INFO:COMEBin	1.1.0:NN training: epoch=8/200, batches=2, loss=6.9260206, top1=1.4355, elapsed=13.799s, process_memory={'VmPeak': '6578444 kB', 'VmRSS': '1580696 kB'}, gpu_memory=None.
DEBUG:root:Epoch: 7	Loss: 6.926020622253418	Top1 accuracy: 1.435546875
INFO:COMEBin	1.1.0:NN training: epoch=9/200, batches=2, loss=6.8279171, top1=1.8783, elapsed=13.818s, process_memory={'VmPeak': '6578444 kB', 'VmRSS': '1580528 kB'}, gpu_memory=None.
DEBUG:root:Epoch: 8	Loss: 6.827917098999023	Top1 accuracy: 1.8782551288604736
INFO:COMEBin	1.1.0:NN training: epoch=10/200, batches=2, loss=6.6816068, top1=1.8750, elapsed=13.574s, process_memory={'VmPeak': '6578444 kB', 'VmRSS': '1580524 kB'}, gpu_memory=None.
DEBUG:root:Epoch: 9	Loss: 6.681606769561768	Top1 accuracy: 1.875
INFO:COMEBin	1.1.0:NN training: epoch=11/200, batches=2, loss=6.5396338, top1=2.1061, elapsed=12.291s, process_memory={'VmPeak': '6581536 kB', 'VmRSS': '1564152 kB'}, gpu_memory=None.
DEBUG:root:Epoch: 10	Loss: 6.539633750915527	Top1 accuracy: 2.1061196327209473
INFO:COMEBin	1.1.0:NN training: epoch=12/200, batches=2, loss=6.4659023, top1=2.0605, elapsed=12.341s, process_memory={'VmPeak': '6581536 kB', 'VmRSS': '1564232 kB'}, gpu_memory=None.
DEBUG:root:Epoch: 11	Loss: 6.465902328491211	Top1 accuracy: 2.060546875
INFO:COMEBin	1.1.0:NN training: epoch=13/200, batches=2, loss=6.3968472, top1=2.8223, elapsed=12.455s, process_memory={'VmPeak': '6581536 kB', 'VmRSS': '1580616 kB'}, gpu_memory=None.
DEBUG:root:Epoch: 12	Loss: 6.396847248077393	Top1 accuracy: 2.822265625
INFO:COMEBin	1.1.0:NN training: epoch=14/200, batches=2, loss=6.3163381, top1=3.1315, elapsed=12.287s, process_memory={'VmPeak': '6581536 kB', 'VmRSS': '1580616 kB'}, gpu_memory=None.
DEBUG:root:Epoch: 13	Loss: 6.316338062286377	Top1 accuracy: 3.1315102577209473
