INFO:COMEBin	1.1.0:NN setup finished; loss function and training state are ready.
INFO:root:Start SimCLR training for 200 epochs.
INFO:COMEBin	1.1.0:NN training preflight: mode=combined-model, epochs=200, samples=3000, batches_per_epoch=2, batch_size=1024, device=cpu, fp16=False, process_memory={'VmPeak': '1641900 kB', 'VmRSS': '471312 kB'}, gpu_memory=None.
INFO:COMEBin	1.1.0:NN training: enter combined-model loop and request the first DataLoader batch.
INFO:root:kmer_len:	136

INFO:COMEBin	1.1.0:NN training: first combined-model batch received; view_shapes=[(1024, 138), (1024, 138), (1024, 138), (1024, 138), (1024, 138), (1024, 138)].
INFO:COMEBin	1.1.0:NN training: first combined-model batch moved to cpu; shape=(6144, 138).
INFO:COMEBin	1.1.0:NN training: first combined-model forward pass finished; loss=8.551729202270508.
INFO:COMEBin	1.1.0:NN training: first combined-model backward pass and optimizer step finished.
INFO:COMEBin	1.1.0:NN training: epoch=1/200, batches=2, loss=7.7601643, top1=0.2441, elapsed=9.578s, process_memory={'VmPeak': '6067548 kB', 'VmRSS': '1651396 kB'}, gpu_memory=None.
DEBUG:root:Epoch: 0	Loss: 7.760164260864258	Top1 accuracy: 0.244140625
INFO:COMEBin	1.1.0:NN training: epoch=2/200, batches=2, loss=7.701798, top1=0.3353, elapsed=10.068s, process_memory={'VmPeak': '6283848 kB', 'VmRSS': '1708888 kB'}, gpu_memory=None.
DEBUG:root:Epoch: 1	Loss: 7.701797962188721	Top1 accuracy: 0.3352864384651184
INFO:COMEBin	1.1.0:NN training: epoch=3/200, batches=2, loss=7.500834, top1=0.3353, elapsed=10.091s, process_memory={'VmPeak': '6283848 kB', 'VmRSS': '1778528 kB'}, gpu_memory=None.
DEBUG:root:Epoch: 2	Loss: 7.500833988189697	Top1 accuracy: 0.3352864384651184
INFO:COMEBin	1.1.0:NN training: epoch=4/200, batches=2, loss=7.3347454, top1=0.4850, elapsed=10.180s, process_memory={'VmPeak': '6308176 kB', 'VmRSS': '1863524 kB'}, gpu_memory=None.
DEBUG:root:Epoch: 3	Loss: 7.334745407104492	Top1 accuracy: 0.4850260317325592
INFO:COMEBin	1.1.0:NN training: epoch=5/200, batches=2, loss=7.1884761, top1=0.7129, elapsed=10.228s, process_memory={'VmPeak': '6312268 kB', 'VmRSS': '1953640 kB'}, gpu_memory=None.
DEBUG:root:Epoch: 4	Loss: 7.188476085662842	Top1 accuracy: 0.712890625
INFO:COMEBin	1.1.0:NN training: epoch=6/200, batches=2, loss=7.0430098, top1=0.6348, elapsed=10.915s, process_memory={'VmPeak': '6336848 kB', 'VmRSS': '2051848 kB'}, gpu_memory=None.
DEBUG:root:Epoch: 5	Loss: 7.0430097579956055	Top1 accuracy: 0.634765625
INFO:COMEBin	1.1.0:NN training: epoch=7/200, batches=2, loss=6.8730469, top1=0.9993, elapsed=11.548s, process_memory={'VmPeak': '6336848 kB', 'VmRSS': '2265864 kB'}, gpu_memory=None.
DEBUG:root:Epoch: 6	Loss: 6.873046875	Top1 accuracy: 0.9993489384651184
INFO:COMEBin	1.1.0:NN training: epoch=8/200, batches=2, loss=6.810451, top1=1.1979, elapsed=11.314s, process_memory={'VmPeak': '6362428 kB', 'VmRSS': '2298764 kB'}, gpu_memory=None.
DEBUG:root:Epoch: 7	Loss: 6.810451030731201	Top1 accuracy: 1.1979166269302368
INFO:COMEBin	1.1.0:NN training: epoch=9/200, batches=2, loss=6.7520208, top1=1.3411, elapsed=11.373s, process_memory={'VmPeak': '6362428 kB', 'VmRSS': '2072460 kB'}, gpu_memory=None.
DEBUG:root:Epoch: 8	Loss: 6.752020835876465	Top1 accuracy: 1.3411457538604736
INFO:COMEBin	1.1.0:NN training: epoch=10/200, batches=2, loss=6.6644154, top1=1.5365, elapsed=11.073s, process_memory={'VmPeak': '6362428 kB', 'VmRSS': '2219920 kB'}, gpu_memory=None.
DEBUG:root:Epoch: 9	Loss: 6.66441535949707	Top1 accuracy: 1.5364582538604736
INFO:COMEBin	1.1.0:NN training: epoch=11/200, batches=2, loss=6.5652919, top1=1.9108, elapsed=11.427s, process_memory={'VmPeak': '6362428 kB', 'VmRSS': '2012056 kB'}, gpu_memory=None.
DEBUG:root:Epoch: 10	Loss: 6.565291881561279	Top1 accuracy: 1.9108072519302368
INFO:COMEBin	1.1.0:NN training: epoch=12/200, batches=2, loss=6.5285344, top1=1.9010, elapsed=11.454s, process_memory={'VmPeak': '6362428 kB', 'VmRSS': '2084840 kB'}, gpu_memory=None.
DEBUG:root:Epoch: 11	Loss: 6.528534412384033	Top1 accuracy: 1.9010416269302368
INFO:COMEBin	1.1.0:NN training: epoch=13/200, batches=2, loss=6.4816699, top1=2.1680, elapsed=11.187s, process_memory={'VmPeak': '6362428 kB', 'VmRSS': '2077672 kB'}, gpu_memory=None.
DEBUG:root:Epoch: 12	Loss: 6.481669902801514	Top1 accuracy: 2.16796875
INFO:COMEBin	1.1.0:NN training: epoch=14/200, batches=2, loss=6.4003892, top1=2.6335, elapsed=11.200s, process_memory={'VmPeak': '6362428 kB', 'VmRSS': '1758184 kB'}, gpu_memory=None.
DEBUG:root:Epoch: 13	Loss: 6.400389194488525	Top1 accuracy: 2.6334633827209473
INFO:COMEBin	1.1.0:NN training: epoch=15/200, batches=2, loss=6.3331828, top1=3.0078, elapsed=10.986s, process_memory={'VmPeak': '6362428 kB', 'VmRSS': '1557484 kB'}, gpu_memory=None.
DEBUG:root:Epoch: 14	Loss: 6.3331828117370605	Top1 accuracy: 3.0078125
INFO:COMEBin	1.1.0:NN training: epoch=16/200, batches=2, loss=6.2940826, top1=2.8092, elapsed=11.033s, process_memory={'VmPeak': '6362428 kB', 'VmRSS': '1553388 kB'}, gpu_memory=None.
DEBUG:root:Epoch: 15	Loss: 6.2940826416015625	Top1 accuracy: 2.8092446327209473
INFO:COMEBin	1.1.0:NN training: epoch=17/200, batches=2, loss=6.2635112, top1=3.3691, elapsed=10.907s, process_memory={'VmPeak': '6362428 kB', 'VmRSS': '1631212 kB'}, gpu_memory=None.
DEBUG:root:Epoch: 16	Loss: 6.2635111808776855	Top1 accuracy: 3.369140625
INFO:COMEBin	1.1.0:NN training: epoch=18/200, batches=2, loss=6.1886492, top1=3.6426, elapsed=10.808s, process_memory={'VmPeak': '6362428 kB', 'VmRSS': '1819632 kB'}, gpu_memory=None.
DEBUG:root:Epoch: 17	Loss: 6.1886491775512695	Top1 accuracy: 3.642578125
INFO:COMEBin	1.1.0:NN training: epoch=19/200, batches=2, loss=6.1690803, top1=3.5612, elapsed=11.028s, process_memory={'VmPeak': '6362428 kB', 'VmRSS': '1868784 kB'}, gpu_memory=None.
DEBUG:root:Epoch: 18	Loss: 6.1690802574157715	Top1 accuracy: 3.5611977577209473
INFO:COMEBin	1.1.0:NN training: epoch=20/200, batches=2, loss=6.1182351, top1=3.9746, elapsed=10.971s, process_memory={'VmPeak': '6362428 kB', 'VmRSS': '1834996 kB'}, gpu_memory=None.
DEBUG:root:Epoch: 19	Loss: 6.118235111236572	Top1 accuracy: 3.974609375
INFO:COMEBin	1.1.0:NN training: epoch=21/200, batches=2, loss=6.0799603, top1=4.3880, elapsed=10.942s, process_memory={'VmPeak': '6362428 kB', 'VmRSS': '2195444 kB'}, gpu_memory=None.
DEBUG:root:Epoch: 20	Loss: 6.079960346221924	Top1 accuracy: 4.3880205154418945
INFO:COMEBin	1.1.0:NN training: epoch=22/200, batches=2, loss=6.0574369, top1=4.8242, elapsed=11.272s, process_memory={'VmPeak': '6362428 kB', 'VmRSS': '2232308 kB'}, gpu_memory=None.
DEBUG:root:Epoch: 21	Loss: 6.057436943054199	Top1 accuracy: 4.82421875
INFO:COMEBin	1.1.0:NN training: epoch=23/200, batches=2, loss=6.064723, top1=4.5833, elapsed=11.336s, process_memory={'VmPeak': '6362428 kB', 'VmRSS': '2105332 kB'}, gpu_memory=None.
DEBUG:root:Epoch: 22	Loss: 6.064723014831543	Top1 accuracy: 4.5833330154418945
INFO:COMEBin	1.1.0:NN training: epoch=24/200, batches=2, loss=6.0064778, top1=5.3190, elapsed=11.257s, process_memory={'VmPeak': '6362428 kB', 'VmRSS': '2154484 kB'}, gpu_memory=None.
DEBUG:root:Epoch: 23	Loss: 6.0064778327941895	Top1 accuracy: 5.319010257720947
INFO:COMEBin	1.1.0:NN training: epoch=25/200, batches=2, loss=6.0034823, top1=5.3190, elapsed=11.326s, process_memory={'VmPeak': '6382916 kB', 'VmRSS': '1922036 kB'}, gpu_memory=None.
DEBUG:root:Epoch: 24	Loss: 6.003482341766357	Top1 accuracy: 5.319010257720947
INFO:COMEBin	1.1.0:NN training: epoch=26/200, batches=2, loss=5.9168277, top1=6.3053, elapsed=10.975s, process_memory={'VmPeak': '6382916 kB', 'VmRSS': '2138996 kB'}, gpu_memory=None.
DEBUG:root:Epoch: 25	Loss: 5.91682767868042	Top1 accuracy: 6.305338382720947
INFO:COMEBin	1.1.0:NN training: epoch=27/200, batches=2, loss=5.8251629, top1=6.8327, elapsed=11.677s, process_memory={'VmPeak': '6382916 kB', 'VmRSS': '1716452 kB'}, gpu_memory=None.
DEBUG:root:Epoch: 26	Loss: 5.825162887573242	Top1 accuracy: 6.832682132720947
INFO:COMEBin	1.1.0:NN training: epoch=28/200, batches=2, loss=5.84269, top1=7.2721, elapsed=11.442s, process_memory={'VmPeak': '6382916 kB', 'VmRSS': '1781988 kB'}, gpu_memory=None.
DEBUG:root:Epoch: 27	Loss: 5.8426899909973145	Top1 accuracy: 7.272135257720947
INFO:COMEBin	1.1.0:NN training: epoch=29/200, batches=2, loss=5.789526, top1=7.9492, elapsed=11.469s, process_memory={'VmPeak': '6382916 kB', 'VmRSS': '1798372 kB'}, gpu_memory=None.
DEBUG:root:Epoch: 28	Loss: 5.789525985717773	Top1 accuracy: 7.94921875
INFO:COMEBin	1.1.0:NN training: epoch=30/200, batches=2, loss=5.7697067, top1=8.6719, elapsed=11.232s, process_memory={'VmPeak': '6382916 kB', 'VmRSS': '1892356 kB'}, gpu_memory=None.
DEBUG:root:Epoch: 29	Loss: 5.769706726074219	Top1 accuracy: 8.671875
INFO:COMEBin	1.1.0:NN training: epoch=31/200, batches=2, loss=5.7369056, top1=8.8411, elapsed=10.921s, process_memory={'VmPeak': '6382916 kB', 'VmRSS': '2203524 kB'}, gpu_memory=None.
DEBUG:root:Epoch: 30	Loss: 5.736905574798584	Top1 accuracy: 8.841145515441895
INFO:COMEBin	1.1.0:NN training: epoch=32/200, batches=2, loss=5.671217, top1=10.1009, elapsed=11.177s, process_memory={'VmPeak': '6382916 kB', 'VmRSS': '2129924 kB'}, gpu_memory=None.
DEBUG:root:Epoch: 31	Loss: 5.67121696472168	Top1 accuracy: 10.100911140441895
INFO:COMEBin	1.1.0:NN training: epoch=33/200, batches=2, loss=5.6249142, top1=10.3906, elapsed=11.144s, process_memory={'VmPeak': '6382916 kB', 'VmRSS': '2252804 kB'}, gpu_memory=None.
DEBUG:root:Epoch: 32	Loss: 5.624914169311523	Top1 accuracy: 10.390625
INFO:COMEBin	1.1.0:NN training: epoch=34/200, batches=2, loss=5.5650301, top1=12.0898, elapsed=11.299s, process_memory={'VmPeak': '6382916 kB', 'VmRSS': '2167812 kB'}, gpu_memory=None.
DEBUG:root:Epoch: 33	Loss: 5.565030097961426	Top1 accuracy: 12.08984375
INFO:COMEBin	1.1.0:NN training: epoch=35/200, batches=2, loss=5.5220408, top1=12.6921, elapsed=11.195s, process_memory={'VmPeak': '6382916 kB', 'VmRSS': '1709060 kB'}, gpu_memory=None.
DEBUG:root:Epoch: 34	Loss: 5.522040843963623	Top1 accuracy: 12.692056655883789
INFO:COMEBin	1.1.0:NN training: epoch=36/200, batches=2, loss=5.4934859, top1=13.7012, elapsed=10.698s, process_memory={'VmPeak': '6382916 kB', 'VmRSS': '1823748 kB'}, gpu_memory=None.
DEBUG:root:Epoch: 35	Loss: 5.493485927581787	Top1 accuracy: 13.701171875
INFO:COMEBin	1.1.0:NN training: epoch=37/200, batches=2, loss=5.4358602, top1=14.9089, elapsed=11.124s, process_memory={'VmPeak': '6382916 kB', 'VmRSS': '1938436 kB'}, gpu_memory=None.
DEBUG:root:Epoch: 36	Loss: 5.4358601570129395	Top1 accuracy: 14.908853530883789
INFO:COMEBin	1.1.0:NN training: epoch=38/200, batches=2, loss=5.4886613, top1=14.0267, elapsed=11.135s, process_memory={'VmPeak': '6382916 kB', 'VmRSS': '1758212 kB'}, gpu_memory=None.
DEBUG:root:Epoch: 37	Loss: 5.488661289215088	Top1 accuracy: 14.026692390441895
INFO:COMEBin	1.1.0:NN training: epoch=39/200, batches=2, loss=5.4230967, top1=14.1764, elapsed=10.869s, process_memory={'VmPeak': '6382916 kB', 'VmRSS': '1871876 kB'}, gpu_memory=None.
DEBUG:root:Epoch: 38	Loss: 5.423096656799316	Top1 accuracy: 14.176431655883789
INFO:COMEBin	1.1.0:NN training: epoch=40/200, batches=2, loss=5.398972, top1=14.6875, elapsed=10.925s, process_memory={'VmPeak': '6382916 kB', 'VmRSS': '1798148 kB'}, gpu_memory=None.
DEBUG:root:Epoch: 39	Loss: 5.398972034454346	Top1 accuracy: 14.6875
INFO:COMEBin	1.1.0:NN training: epoch=41/200, batches=2, loss=5.3763967, top1=15.4069, elapsed=11.139s, process_memory={'VmPeak': '6382916 kB', 'VmRSS': '1654788 kB'}, gpu_memory=None.
DEBUG:root:Epoch: 40	Loss: 5.376396656036377	Top1 accuracy: 15.406900405883789
INFO:COMEBin	1.1.0:NN training: epoch=42/200, batches=2, loss=5.3604188, top1=16.5202, elapsed=11.253s, process_memory={'VmPeak': '6382916 kB', 'VmRSS': '1925124 kB'}, gpu_memory=None.
DEBUG:root:Epoch: 41	Loss: 5.360418796539307	Top1 accuracy: 16.52018165588379
INFO:COMEBin	1.1.0:NN training: epoch=43/200, batches=2, loss=5.3224959, top1=16.6992, elapsed=11.052s, process_memory={'VmPeak': '6382916 kB', 'VmRSS': '1669316 kB'}, gpu_memory=None.
DEBUG:root:Epoch: 42	Loss: 5.322495937347412	Top1 accuracy: 16.69921875
INFO:COMEBin	1.1.0:NN training: epoch=44/200, batches=2, loss=5.3009872, top1=16.5983, elapsed=10.862s, process_memory={'VmPeak': '6382916 kB', 'VmRSS': '1890500 kB'}, gpu_memory=None.
DEBUG:root:Epoch: 43	Loss: 5.300987243652344	Top1 accuracy: 16.59830665588379
INFO:COMEBin	1.1.0:NN training: epoch=45/200, batches=2, loss=5.3298135, top1=16.4909, elapsed=10.828s, process_memory={'VmPeak': '6382916 kB', 'VmRSS': '2029764 kB'}, gpu_memory=None.
DEBUG:root:Epoch: 44	Loss: 5.329813480377197	Top1 accuracy: 16.49088478088379
