INFO:COMEBin	1.1.0:NN setup finished; loss function and training state are ready.
INFO:root:Start SimCLR training for 200 epochs.
INFO:COMEBin	1.1.0:NN training preflight: mode=combined-model, epochs=200, samples=3000, batches_per_epoch=5, batch_size=512, device=cpu, fp16=False, process_memory={'VmPeak': '1640876 kB', 'VmRSS': '470952 kB'}, gpu_memory=None.
INFO:COMEBin	1.1.0:NN training: enter combined-model loop and request the first DataLoader batch.
INFO:root:kmer_len:	136

INFO:COMEBin	1.1.0:NN training: first combined-model batch received; view_shapes=[(512, 138), (512, 138), (512, 138), (512, 138), (512, 138), (512, 138)].
INFO:COMEBin	1.1.0:NN training: first combined-model batch moved to cpu; shape=(3072, 138).
INFO:COMEBin	1.1.0:NN training: first combined-model forward pass finished; loss=7.908632278442383.
INFO:COMEBin	1.1.0:NN training: first combined-model backward pass and optimizer step finished.
INFO:COMEBin	1.1.0:NN training: epoch=1/200, batches=5, loss=6.9270015, top1=0.7161, elapsed=8.501s, process_memory={'VmPeak': '3412340 kB', 'VmRSS': '1015700 kB'}, gpu_memory=None.
DEBUG:root:Epoch: 0	Loss: 6.927001476287842	Top1 accuracy: 0.7161458134651184
INFO:COMEBin	1.1.0:NN training: epoch=2/200, batches=5, loss=6.6803861, top1=0.8073, elapsed=8.890s, process_memory={'VmPeak': '3412340 kB', 'VmRSS': '1105912 kB'}, gpu_memory=None.
DEBUG:root:Epoch: 1	Loss: 6.680386066436768	Top1 accuracy: 0.8072916269302368
INFO:COMEBin	1.1.0:NN training: epoch=3/200, batches=5, loss=6.4427896, top1=1.5820, elapsed=8.637s, process_memory={'VmPeak': '3414388 kB', 'VmRSS': '996404 kB'}, gpu_memory=None.
DEBUG:root:Epoch: 2	Loss: 6.442789554595947	Top1 accuracy: 1.58203125
INFO:COMEBin	1.1.0:NN training: epoch=4/200, batches=5, loss=6.3846765, top1=2.2591, elapsed=8.552s, process_memory={'VmPeak': '3420292 kB', 'VmRSS': '996404 kB'}, gpu_memory=None.
DEBUG:root:Epoch: 3	Loss: 6.384676456451416	Top1 accuracy: 2.2591145038604736
INFO:COMEBin	1.1.0:NN training: epoch=5/200, batches=5, loss=6.3111019, top1=2.8060, elapsed=8.526s, process_memory={'VmPeak': '3423604 kB', 'VmRSS': '1193016 kB'}, gpu_memory=None.
DEBUG:root:Epoch: 4	Loss: 6.311101913452148	Top1 accuracy: 2.8059895038604736
INFO:COMEBin	1.1.0:NN training: epoch=6/200, batches=5, loss=6.2264471, top1=2.5586, elapsed=8.582s, process_memory={'VmPeak': '3423604 kB', 'VmRSS': '1291208 kB'}, gpu_memory=None.
DEBUG:root:Epoch: 5	Loss: 6.226447105407715	Top1 accuracy: 2.55859375
INFO:COMEBin	1.1.0:NN training: epoch=7/200, batches=5, loss=6.2040915, top1=3.6458, elapsed=8.736s, process_memory={'VmPeak': '3423604 kB', 'VmRSS': '1193040 kB'}, gpu_memory=None.
DEBUG:root:Epoch: 6	Loss: 6.204091548919678	Top1 accuracy: 3.6458332538604736
INFO:COMEBin	1.1.0:NN training: epoch=8/200, batches=5, loss=6.0872235, top1=3.3594, elapsed=8.732s, process_memory={'VmPeak': '3469444 kB', 'VmRSS': '1021008 kB'}, gpu_memory=None.
DEBUG:root:Epoch: 7	Loss: 6.087223529815674	Top1 accuracy: 3.359375
INFO:COMEBin	1.1.0:NN training: epoch=9/200, batches=5, loss=6.0725398, top1=4.0430, elapsed=8.558s, process_memory={'VmPeak': '3469444 kB', 'VmRSS': '1017936 kB'}, gpu_memory=None.
DEBUG:root:Epoch: 8	Loss: 6.072539806365967	Top1 accuracy: 4.04296875
INFO:COMEBin	1.1.0:NN training: epoch=10/200, batches=5, loss=6.0419631, top1=5.1888, elapsed=8.523s, process_memory={'VmPeak': '3469444 kB', 'VmRSS': '1017940 kB'}, gpu_memory=None.
DEBUG:root:Epoch: 9	Loss: 6.04196310043335	Top1 accuracy: 5.1888017654418945
