INFO:COMEBin	1.1.0:NN setup finished; loss function and training state are ready.
INFO:root:Start SimCLR training for 200 epochs.
INFO:COMEBin	1.1.0:NN training preflight: mode=combined-model, epochs=200, samples=3000, batches_per_epoch=2, batch_size=1024, device=cpu, fp16=False, process_memory={'VmPeak': '1664308 kB', 'VmRSS': '494780 kB'}, gpu_memory=None.
INFO:COMEBin	1.1.0:NN training: enter combined-model loop and request the first DataLoader batch.
INFO:root:kmer_len:	136

INFO:COMEBin	1.1.0:NN training: first combined-model batch received; view_shapes=[(1024, 138), (1024, 138), (1024, 138), (1024, 138)].
INFO:COMEBin	1.1.0:NN training: first combined-model batch moved to cpu; shape=(4096, 138).
INFO:COMEBin	1.1.0:NN training: first combined-model forward pass finished; loss=8.119355201721191.
INFO:COMEBin	1.1.0:NN training: first combined-model backward pass and optimizer step finished.
INFO:COMEBin	1.1.0:NN training: epoch=1/200, batches=2, loss=7.3241782, top1=0.4801, elapsed=5.948s, process_memory={'VmPeak': '3709192 kB', 'VmRSS': '1013684 kB'}, gpu_memory=None.
DEBUG:root:Epoch: 0	Loss: 7.324178218841553	Top1 accuracy: 0.4801432192325592
INFO:COMEBin	1.1.0:NN training: epoch=2/200, batches=2, loss=7.1290116, top1=0.8138, elapsed=6.405s, process_memory={'VmPeak': '3874228 kB', 'VmRSS': '1013712 kB'}, gpu_memory=None.
DEBUG:root:Epoch: 1	Loss: 7.129011631011963	Top1 accuracy: 0.8138020634651184
INFO:COMEBin	1.1.0:NN training: epoch=3/200, batches=2, loss=6.9415703, top1=1.0986, elapsed=7.123s, process_memory={'VmPeak': '3874228 kB', 'VmRSS': '1013720 kB'}, gpu_memory=None.
DEBUG:root:Epoch: 2	Loss: 6.941570281982422	Top1 accuracy: 1.0986328125
INFO:COMEBin	1.1.0:NN training: epoch=4/200, batches=2, loss=6.7078071, top1=1.4567, elapsed=6.730s, process_memory={'VmPeak': '3874228 kB', 'VmRSS': '1030116 kB'}, gpu_memory=None.
DEBUG:root:Epoch: 3	Loss: 6.7078070640563965	Top1 accuracy: 1.4567056894302368
INFO:COMEBin	1.1.0:NN training: epoch=5/200, batches=2, loss=6.5112309, top1=1.7904, elapsed=6.810s, process_memory={'VmPeak': '3874228 kB', 'VmRSS': '1079264 kB'}, gpu_memory=None.
DEBUG:root:Epoch: 4	Loss: 6.511230945587158	Top1 accuracy: 1.7903645038604736
INFO:COMEBin	1.1.0:NN training: epoch=6/200, batches=2, loss=6.3789201, top1=2.3356, elapsed=6.443s, process_memory={'VmPeak': '3890600 kB', 'VmRSS': '1063028 kB'}, gpu_memory=None.
DEBUG:root:Epoch: 5	Loss: 6.378920078277588	Top1 accuracy: 2.3356118202209473
