INFO:COMEBin	1.1.0:NN setup finished; loss function and training state are ready.
INFO:root:Start SimCLR training for 200 epochs.
INFO:COMEBin	1.1.0:NN training preflight: mode=combined-model, epochs=200, samples=3000, batches_per_epoch=2, batch_size=1024, device=cpu, fp16=False, process_memory={'VmPeak': '1666512 kB', 'VmRSS': '496800 kB'}, gpu_memory=None.
INFO:COMEBin	1.1.0:NN training: enter combined-model loop and request the first DataLoader batch.
INFO:root:kmer_len:	136

INFO:COMEBin	1.1.0:NN training: first combined-model batch received; view_shapes=[(1024, 138), (1024, 138), (1024, 138), (1024, 138), (1024, 138), (1024, 138)].
INFO:COMEBin	1.1.0:NN training: first combined-model batch moved to cpu; shape=(6144, 138).
INFO:COMEBin	1.1.0:NN training: first combined-model forward pass finished; loss=8.575154304504395.
INFO:COMEBin	1.1.0:NN training: first combined-model backward pass and optimizer step finished.
INFO:COMEBin	1.1.0:NN training: epoch=1/200, batches=2, loss=7.8151565, top1=0.2572, elapsed=12.448s, process_memory={'VmPeak': '6375076 kB', 'VmRSS': '1589376 kB'}, gpu_memory=None.
DEBUG:root:Epoch: 0	Loss: 7.81515645980835	Top1 accuracy: 0.2571614384651184
INFO:COMEBin	1.1.0:NN training: epoch=2/200, batches=2, loss=7.5683622, top1=0.3711, elapsed=12.087s, process_memory={'VmPeak': '6590796 kB', 'VmRSS': '1569868 kB'}, gpu_memory=None.
DEBUG:root:Epoch: 1	Loss: 7.568362236022949	Top1 accuracy: 0.37109375
INFO:COMEBin	1.1.0:NN training: epoch=3/200, batches=2, loss=7.5049806, top1=0.4362, elapsed=12.031s, process_memory={'VmPeak': '6590796 kB', 'VmRSS': '1557340 kB'}, gpu_memory=None.
DEBUG:root:Epoch: 2	Loss: 7.504980564117432	Top1 accuracy: 0.4361979067325592
INFO:COMEBin	1.1.0:NN training: epoch=4/200, batches=2, loss=7.3224258, top1=0.5208, elapsed=13.697s, process_memory={'VmPeak': '6604460 kB', 'VmRSS': '1576796 kB'}, gpu_memory=None.
DEBUG:root:Epoch: 3	Loss: 7.322425842285156	Top1 accuracy: 0.5208333134651184
INFO:COMEBin	1.1.0:NN training: epoch=5/200, batches=2, loss=7.1084223, top1=0.7715, elapsed=13.496s, process_memory={'VmPeak': '6604460 kB', 'VmRSS': '1540972 kB'}, gpu_memory=None.
DEBUG:root:Epoch: 4	Loss: 7.10842227935791	Top1 accuracy: 0.771484375
INFO:COMEBin	1.1.0:NN training: epoch=6/200, batches=2, loss=7.0398083, top1=0.9310, elapsed=12.029s, process_memory={'VmPeak': '6604460 kB', 'VmRSS': '1563516 kB'}, gpu_memory=None.
DEBUG:root:Epoch: 5	Loss: 7.03980827331543	Top1 accuracy: 0.9309895634651184
INFO:COMEBin	1.1.0:NN training: epoch=7/200, batches=2, loss=6.9458489, top1=1.1068, elapsed=12.030s, process_memory={'VmPeak': '6604460 kB', 'VmRSS': '1563524 kB'}, gpu_memory=None.
DEBUG:root:Epoch: 6	Loss: 6.9458489418029785	Top1 accuracy: 1.1067707538604736
INFO:COMEBin	1.1.0:NN training: epoch=8/200, batches=2, loss=6.8129072, top1=1.0970, elapsed=12.053s, process_memory={'VmPeak': '6604460 kB', 'VmRSS': '1576856 kB'}, gpu_memory=None.
DEBUG:root:Epoch: 7	Loss: 6.8129072189331055	Top1 accuracy: 1.0970051288604736
INFO:COMEBin	1.1.0:NN training: epoch=9/200, batches=2, loss=6.7924867, top1=1.0938, elapsed=12.010s, process_memory={'VmPeak': '6604460 kB', 'VmRSS': '1573784 kB'}, gpu_memory=None.
DEBUG:root:Epoch: 8	Loss: 6.792486667633057	Top1 accuracy: 1.09375
INFO:COMEBin	1.1.0:NN training: epoch=10/200, batches=2, loss=6.729784, top1=0.9993, elapsed=12.024s, process_memory={'VmPeak': '6604460 kB', 'VmRSS': '1541016 kB'}, gpu_memory=None.
DEBUG:root:Epoch: 9	Loss: 6.72978401184082	Top1 accuracy: 0.9993489384651184
