Batch size: 1024
N50: 4551
Tau(temperature): 0.15
/vol/data/benchmark/runs/sweep_002_master/comebin_out/data_augmentation does not exist.
Running data augmentation.
2026-09-28 14:14:07,980 - generate_aug_data: fastafile
2026-09-28 14:14:11,679 - aug:	1
2026-09-28 14:14:13,982 - aug:	2
2026-09-28 14:14:16,292 - aug:	3
2026-09-28 14:14:18,578 - aug:	4
2026-09-28 14:14:20,895 - aug:	5
2026-09-28 14:14:23,171 - Generate coverage files from bam files.
2026-09-28 14:14:23,290 - Processing `/vol/data/datasets/comebin_medium/bamfiles/reads.bam`
2026-09-28 14:14:41,070 - Processed:/vol/data/datasets/comebin_medium/bamfiles/reads.bam
2026-09-28 14:14:49,374 - Processed:/vol/data/benchmark/runs/sweep_002_master/comebin_out/data_augmentation/depth/reads.bam_0_depth.txt
2026-09-28 14:14:54,454 - Processed:/vol/data/benchmark/runs/sweep_002_master/comebin_out/data_augmentation/depth/reads.bam_0_depth.txt
2026-09-28 14:14:54,495 - Finish calculating coverage for aug_1
2026-09-28 14:14:59,448 - Processed:/vol/data/benchmark/runs/sweep_002_master/comebin_out/data_augmentation/depth/reads.bam_0_depth.txt
2026-09-28 14:14:59,501 - Finish calculating coverage for aug_2
2026-09-28 14:15:04,467 - Processed:/vol/data/benchmark/runs/sweep_002_master/comebin_out/data_augmentation/depth/reads.bam_0_depth.txt
2026-09-28 14:15:04,514 - Finish calculating coverage for aug_3
2026-09-28 14:15:09,488 - Processed:/vol/data/benchmark/runs/sweep_002_master/comebin_out/data_augmentation/depth/reads.bam_0_depth.txt
2026-09-28 14:15:09,541 - Finish calculating coverage for aug_4
2026-09-28 14:15:14,486 - Processed:/vol/data/benchmark/runs/sweep_002_master/comebin_out/data_augmentation/depth/reads.bam_0_depth.txt
2026-09-28 14:15:14,540 - Finish calculating coverage for aug_5
2026-09-28 14:15:14,547 - Generate coverage variance files from bam files.
2026-09-28 14:15:23,220 - Processed:/vol/data/benchmark/runs/sweep_002_master/comebin_out/data_augmentation/depth/reads.bam_0_depth.txt
2026-09-28 14:15:28,386 - Processed:/vol/data/benchmark/runs/sweep_002_master/comebin_out/data_augmentation/depth/reads.bam_0_depth.txt
2026-09-28 14:15:28,445 - Finish calculating coverage variance for aug_1
2026-09-28 14:15:33,504 - Processed:/vol/data/benchmark/runs/sweep_002_master/comebin_out/data_augmentation/depth/reads.bam_0_depth.txt
2026-09-28 14:15:33,571 - Finish calculating coverage variance for aug_2
2026-09-28 14:15:38,621 - Processed:/vol/data/benchmark/runs/sweep_002_master/comebin_out/data_augmentation/depth/reads.bam_0_depth.txt
2026-09-28 14:15:38,677 - Finish calculating coverage variance for aug_3
2026-09-28 14:15:43,752 - Processed:/vol/data/benchmark/runs/sweep_002_master/comebin_out/data_augmentation/depth/reads.bam_0_depth.txt
2026-09-28 14:15:43,792 - Finish calculating coverage variance for aug_4
2026-09-28 14:15:48,827 - Processed:/vol/data/benchmark/runs/sweep_002_master/comebin_out/data_augmentation/depth/reads.bam_0_depth.txt
2026-09-28 14:15:48,881 - Finish calculating coverage variance for aug_5
/vol/data/benchmark/runs/sweep_002_master/comebin_out/comebin_res does not exist.
Running getting representation.
2026-09-28 14:15:51,849 - train
2026-09-28 14:15:51,849 - Generate features for the data.
Traceback (most recent call last):
  File "/vol/data/repos/COMEBin-master904/COMEBin/main.py", line 369, in <module>
    main()
  File "/vol/data/repos/COMEBin-master904/COMEBin/main.py", line 289, in main
    train_CLmodel(logger,args)
  File "/vol/data/repos/COMEBin-master904/COMEBin/train_CLmodel.py", line 46, in train_CLmodel
    length_weight.append(lengths[seq_id])
KeyError: 'BATS_SAMN07137077_METAG-scaffold_22978'
Something went wrong with running training network. Exiting.
