INFO:COMEBin	1.1.0:NN setup finished; loss function and training state are ready.
INFO:root:Start SimCLR training for 200 epochs.
INFO:COMEBin	1.1.0:NN training preflight: mode=combined-model, epochs=200, samples=3000, batches_per_epoch=2, batch_size=1024, device=cpu, fp16=False, process_memory={'VmPeak': '1666504 kB', 'VmRSS': '496640 kB'}, gpu_memory=None.
INFO:COMEBin	1.1.0:NN training: enter combined-model loop and request the first DataLoader batch.
INFO:root:kmer_len:	136

INFO:COMEBin	1.1.0:NN training: first combined-model batch received; view_shapes=[(1024, 138), (1024, 138), (1024, 138), (1024, 138), (1024, 138), (1024, 138)].
INFO:COMEBin	1.1.0:NN training: first combined-model batch moved to cpu; shape=(6144, 138).
INFO:COMEBin	1.1.0:NN training: first combined-model forward pass finished; loss=8.58910846710205.
INFO:COMEBin	1.1.0:NN training: first combined-model backward pass and optimizer step finished.
INFO:COMEBin	1.1.0:NN training: epoch=1/200, batches=2, loss=7.8517132, top1=0.2702, elapsed=13.375s, process_memory={'VmPeak': '6375068 kB', 'VmRSS': '1572816 kB'}, gpu_memory=None.
DEBUG:root:Epoch: 0	Loss: 7.851713180541992	Top1 accuracy: 0.2701822817325592
INFO:COMEBin	1.1.0:NN training: epoch=2/200, batches=2, loss=7.7309766, top1=0.2507, elapsed=12.924s, process_memory={'VmPeak': '6574404 kB', 'VmRSS': '1589336 kB'}, gpu_memory=None.
DEBUG:root:Epoch: 1	Loss: 7.730976581573486	Top1 accuracy: 0.2506510317325592
INFO:COMEBin	1.1.0:NN training: epoch=3/200, batches=2, loss=7.6087699, top1=0.3288, elapsed=12.174s, process_memory={'VmPeak': '6590788 kB', 'VmRSS': '1540312 kB'}, gpu_memory=None.
DEBUG:root:Epoch: 2	Loss: 7.60876989364624	Top1 accuracy: 0.3287760317325592
INFO:COMEBin	1.1.0:NN training: epoch=4/200, batches=2, loss=7.467236, top1=0.3451, elapsed=13.129s, process_memory={'VmPeak': '6590788 kB', 'VmRSS': '1563308 kB'}, gpu_memory=None.
DEBUG:root:Epoch: 3	Loss: 7.467236042022705	Top1 accuracy: 0.3450520634651184
INFO:COMEBin	1.1.0:NN training: epoch=5/200, batches=2, loss=7.3889241, top1=0.6217, elapsed=13.102s, process_memory={'VmPeak': '6590788 kB', 'VmRSS': '1579692 kB'}, gpu_memory=None.
DEBUG:root:Epoch: 4	Loss: 7.3889241218566895	Top1 accuracy: 0.6217447519302368
INFO:COMEBin	1.1.0:NN training: epoch=6/200, batches=2, loss=7.3402376, top1=0.7389, elapsed=12.159s, process_memory={'VmPeak': '6590788 kB', 'VmRSS': '1543888 kB'}, gpu_memory=None.
DEBUG:root:Epoch: 5	Loss: 7.340237617492676	Top1 accuracy: 0.7389322519302368
INFO:COMEBin	1.1.0:NN training: epoch=7/200, batches=2, loss=7.2156005, top1=0.9049, elapsed=13.844s, process_memory={'VmPeak': '6590788 kB', 'VmRSS': '1540820 kB'}, gpu_memory=None.
DEBUG:root:Epoch: 6	Loss: 7.215600490570068	Top1 accuracy: 0.9049478769302368
INFO:COMEBin	1.1.0:NN training: epoch=8/200, batches=2, loss=7.1717987, top1=0.9147, elapsed=13.984s, process_memory={'VmPeak': '6590788 kB', 'VmRSS': '1563556 kB'}, gpu_memory=None.
DEBUG:root:Epoch: 7	Loss: 7.1717987060546875	Top1 accuracy: 0.9147135019302368
INFO:COMEBin	1.1.0:NN training: epoch=9/200, batches=2, loss=7.1689382, top1=0.9212, elapsed=13.950s, process_memory={'VmPeak': '6590788 kB', 'VmRSS': '1560292 kB'}, gpu_memory=None.
DEBUG:root:Epoch: 8	Loss: 7.168938159942627	Top1 accuracy: 0.9212239384651184
INFO:COMEBin	1.1.0:NN training: epoch=10/200, batches=2, loss=7.0944662, top1=1.0938, elapsed=13.257s, process_memory={'VmPeak': '6590788 kB', 'VmRSS': '1557220 kB'}, gpu_memory=None.
DEBUG:root:Epoch: 9	Loss: 7.094466209411621	Top1 accuracy: 1.09375
INFO:COMEBin	1.1.0:NN training: epoch=11/200, batches=2, loss=7.0392632, top1=1.1328, elapsed=13.201s, process_memory={'VmPeak': '6590788 kB', 'VmRSS': '1557224 kB'}, gpu_memory=None.
DEBUG:root:Epoch: 10	Loss: 7.0392632484436035	Top1 accuracy: 1.1328125
INFO:COMEBin	1.1.0:NN training: epoch=12/200, batches=2, loss=7.0152144, top1=1.1491, elapsed=12.127s, process_memory={'VmPeak': '6590788 kB', 'VmRSS': '1573688 kB'}, gpu_memory=None.
DEBUG:root:Epoch: 11	Loss: 7.015214443206787	Top1 accuracy: 1.1490885019302368
INFO:COMEBin	1.1.0:NN training: epoch=13/200, batches=2, loss=7.0034747, top1=0.9831, elapsed=13.094s, process_memory={'VmPeak': '6590788 kB', 'VmRSS': '1560376 kB'}, gpu_memory=None.
DEBUG:root:Epoch: 12	Loss: 7.003474712371826	Top1 accuracy: 0.9830728769302368
INFO:COMEBin	1.1.0:NN training: epoch=14/200, batches=2, loss=6.9824705, top1=1.3542, elapsed=12.233s, process_memory={'VmPeak': '6590788 kB', 'VmRSS': '1540920 kB'}, gpu_memory=None.
DEBUG:root:Epoch: 13	Loss: 6.982470512390137	Top1 accuracy: 1.3541666269302368
INFO:COMEBin	1.1.0:NN training: epoch=15/200, batches=2, loss=6.9493437, top1=1.4290, elapsed=13.245s, process_memory={'VmPeak': '6591140 kB', 'VmRSS': '1576764 kB'}, gpu_memory=None.
DEBUG:root:Epoch: 14	Loss: 6.949343681335449	Top1 accuracy: 1.4290363788604736
INFO:COMEBin	1.1.0:NN training: epoch=16/200, batches=2, loss=6.9084945, top1=1.3997, elapsed=13.689s, process_memory={'VmPeak': '6591140 kB', 'VmRSS': '1573692 kB'}, gpu_memory=None.
DEBUG:root:Epoch: 15	Loss: 6.908494472503662	Top1 accuracy: 1.3997395038604736
INFO:COMEBin	1.1.0:NN training: epoch=17/200, batches=2, loss=6.9093366, top1=1.5397, elapsed=13.303s, process_memory={'VmPeak': '6591140 kB', 'VmRSS': '1557308 kB'}, gpu_memory=None.
DEBUG:root:Epoch: 16	Loss: 6.909336566925049	Top1 accuracy: 1.5397135019302368
INFO:COMEBin	1.1.0:NN training: epoch=18/200, batches=2, loss=6.8730831, top1=1.6797, elapsed=13.896s, process_memory={'VmPeak': '6591140 kB', 'VmRSS': '1560380 kB'}, gpu_memory=None.
DEBUG:root:Epoch: 17	Loss: 6.873083114624023	Top1 accuracy: 1.6796875
INFO:COMEBin	1.1.0:NN training: epoch=19/200, batches=2, loss=6.838203, top1=1.6243, elapsed=13.279s, process_memory={'VmPeak': '6591140 kB', 'VmRSS': '1573692 kB'}, gpu_memory=None.
DEBUG:root:Epoch: 18	Loss: 6.838202953338623	Top1 accuracy: 1.6243488788604736
INFO:COMEBin	1.1.0:NN training: epoch=20/200, batches=2, loss=6.8289046, top1=1.9922, elapsed=12.941s, process_memory={'VmPeak': '6591140 kB', 'VmRSS': '1606460 kB'}, gpu_memory=None.
DEBUG:root:Epoch: 19	Loss: 6.828904628753662	Top1 accuracy: 1.9921875
INFO:COMEBin	1.1.0:NN training: epoch=21/200, batches=2, loss=6.8232074, top1=2.0052, elapsed=12.680s, process_memory={'VmPeak': '6591140 kB', 'VmRSS': '1590080 kB'}, gpu_memory=None.
DEBUG:root:Epoch: 20	Loss: 6.823207378387451	Top1 accuracy: 2.0052082538604736
INFO:COMEBin	1.1.0:NN training: epoch=22/200, batches=2, loss=6.8124356, top1=1.8197, elapsed=11.964s, process_memory={'VmPeak': '6591140 kB', 'VmRSS': '1590080 kB'}, gpu_memory=None.
DEBUG:root:Epoch: 21	Loss: 6.812435626983643	Top1 accuracy: 1.8196613788604736
INFO:COMEBin	1.1.0:NN training: epoch=23/200, batches=2, loss=6.814075, top1=2.0703, elapsed=11.885s, process_memory={'VmPeak': '6591140 kB', 'VmRSS': '1590080 kB'}, gpu_memory=None.
DEBUG:root:Epoch: 22	Loss: 6.814074993133545	Top1 accuracy: 2.0703125
INFO:COMEBin	1.1.0:NN training: epoch=24/200, batches=2, loss=6.7957177, top1=2.2331, elapsed=11.971s, process_memory={'VmPeak': '6591140 kB', 'VmRSS': '1590084 kB'}, gpu_memory=None.
DEBUG:root:Epoch: 23	Loss: 6.795717716217041	Top1 accuracy: 2.2330727577209473
INFO:COMEBin	1.1.0:NN training: epoch=25/200, batches=2, loss=6.8132086, top1=2.3828, elapsed=12.330s, process_memory={'VmPeak': '6591140 kB', 'VmRSS': '1566852 kB'}, gpu_memory=None.
DEBUG:root:Epoch: 24	Loss: 6.81320858001709	Top1 accuracy: 2.3828125
INFO:COMEBin	1.1.0:NN training: epoch=26/200, batches=2, loss=6.7556329, top1=2.8223, elapsed=12.674s, process_memory={'VmPeak': '6591140 kB', 'VmRSS': '1576772 kB'}, gpu_memory=None.
DEBUG:root:Epoch: 25	Loss: 6.7556328773498535	Top1 accuracy: 2.822265625
INFO:COMEBin	1.1.0:NN training: epoch=27/200, batches=2, loss=6.7250156, top1=2.8418, elapsed=12.927s, process_memory={'VmPeak': '6591140 kB', 'VmRSS': '1593156 kB'}, gpu_memory=None.
DEBUG:root:Epoch: 26	Loss: 6.725015640258789	Top1 accuracy: 2.841796875
INFO:COMEBin	1.1.0:NN training: epoch=28/200, batches=2, loss=6.7444329, top1=2.8906, elapsed=13.355s, process_memory={'VmPeak': '6594452 kB', 'VmRSS': '1540932 kB'}, gpu_memory=None.
DEBUG:root:Epoch: 27	Loss: 6.7444329261779785	Top1 accuracy: 2.890625
INFO:COMEBin	1.1.0:NN training: epoch=29/200, batches=2, loss=6.7227221, top1=3.2487, elapsed=13.565s, process_memory={'VmPeak': '6594452 kB', 'VmRSS': '1560388 kB'}, gpu_memory=None.
DEBUG:root:Epoch: 28	Loss: 6.722722053527832	Top1 accuracy: 3.2486977577209473
INFO:COMEBin	1.1.0:NN training: epoch=30/200, batches=2, loss=6.7071161, top1=3.3431, elapsed=13.302s, process_memory={'VmPeak': '6594452 kB', 'VmRSS': '1557316 kB'}, gpu_memory=None.
DEBUG:root:Epoch: 29	Loss: 6.70711612701416	Top1 accuracy: 3.3430988788604736
INFO:COMEBin	1.1.0:NN training: epoch=31/200, batches=2, loss=6.7223058, top1=3.7207, elapsed=13.338s, process_memory={'VmPeak': '6594452 kB', 'VmRSS': '1540932 kB'}, gpu_memory=None.
DEBUG:root:Epoch: 30	Loss: 6.722305774688721	Top1 accuracy: 3.720703125
INFO:COMEBin	1.1.0:NN training: epoch=32/200, batches=2, loss=6.6904511, top1=3.7598, elapsed=13.524s, process_memory={'VmPeak': '6594452 kB', 'VmRSS': '1563460 kB'}, gpu_memory=None.
DEBUG:root:Epoch: 31	Loss: 6.690451145172119	Top1 accuracy: 3.759765625
INFO:COMEBin	1.1.0:NN training: epoch=33/200, batches=2, loss=6.6668973, top1=4.2415, elapsed=13.512s, process_memory={'VmPeak': '6594452 kB', 'VmRSS': '1576780 kB'}, gpu_memory=None.
DEBUG:root:Epoch: 32	Loss: 6.666897296905518	Top1 accuracy: 4.2415361404418945
INFO:COMEBin	1.1.0:NN training: epoch=34/200, batches=2, loss=6.6313944, top1=4.9023, elapsed=13.495s, process_memory={'VmPeak': '6594452 kB', 'VmRSS': '1593164 kB'}, gpu_memory=None.
DEBUG:root:Epoch: 33	Loss: 6.631394386291504	Top1 accuracy: 4.90234375
INFO:COMEBin	1.1.0:NN training: epoch=35/200, batches=2, loss=6.6202483, top1=5.4102, elapsed=13.441s, process_memory={'VmPeak': '6594452 kB', 'VmRSS': '1557328 kB'}, gpu_memory=None.
DEBUG:root:Epoch: 34	Loss: 6.620248317718506	Top1 accuracy: 5.41015625
INFO:COMEBin	1.1.0:NN training: epoch=36/200, batches=2, loss=6.614337, top1=5.5762, elapsed=13.408s, process_memory={'VmPeak': '6594452 kB', 'VmRSS': '1573712 kB'}, gpu_memory=None.
DEBUG:root:Epoch: 35	Loss: 6.614336967468262	Top1 accuracy: 5.576171875
INFO:COMEBin	1.1.0:NN training: epoch=37/200, batches=2, loss=6.5884104, top1=6.1686, elapsed=13.447s, process_memory={'VmPeak': '6594452 kB', 'VmRSS': '1573712 kB'}, gpu_memory=None.
DEBUG:root:Epoch: 36	Loss: 6.588410377502441	Top1 accuracy: 6.168619632720947
INFO:COMEBin	1.1.0:NN training: epoch=38/200, batches=2, loss=6.6004438, top1=5.8952, elapsed=13.467s, process_memory={'VmPeak': '6594452 kB', 'VmRSS': '1573712 kB'}, gpu_memory=None.
DEBUG:root:Epoch: 37	Loss: 6.6004438400268555	Top1 accuracy: 5.895182132720947
INFO:COMEBin	1.1.0:NN training: epoch=39/200, batches=2, loss=6.5853481, top1=6.7611, elapsed=13.472s, process_memory={'VmPeak': '6594452 kB', 'VmRSS': '1589264 kB'}, gpu_memory=None.
DEBUG:root:Epoch: 38	Loss: 6.585348129272461	Top1 accuracy: 6.7610673904418945
INFO:COMEBin	1.1.0:NN training: epoch=40/200, batches=2, loss=6.579658, top1=6.2044, elapsed=13.424s, process_memory={'VmPeak': '6594452 kB', 'VmRSS': '1547092 kB'}, gpu_memory=None.
DEBUG:root:Epoch: 39	Loss: 6.579658031463623	Top1 accuracy: 6.2044267654418945
INFO:COMEBin	1.1.0:NN training: epoch=41/200, batches=2, loss=6.5506148, top1=7.3796, elapsed=13.326s, process_memory={'VmPeak': '6594452 kB', 'VmRSS': '1563476 kB'}, gpu_memory=None.
DEBUG:root:Epoch: 40	Loss: 6.550614833831787	Top1 accuracy: 7.379557132720947
INFO:COMEBin	1.1.0:NN training: epoch=42/200, batches=2, loss=6.5518036, top1=7.0443, elapsed=13.605s, process_memory={'VmPeak': '6594452 kB', 'VmRSS': '1576788 kB'}, gpu_memory=None.
DEBUG:root:Epoch: 41	Loss: 6.5518035888671875	Top1 accuracy: 7.0442705154418945
INFO:COMEBin	1.1.0:NN training: epoch=43/200, batches=2, loss=6.5465398, top1=8.1478, elapsed=13.749s, process_memory={'VmPeak': '6594452 kB', 'VmRSS': '1573716 kB'}, gpu_memory=None.
DEBUG:root:Epoch: 42	Loss: 6.546539783477783	Top1 accuracy: 8.147786140441895
INFO:COMEBin	1.1.0:NN training: epoch=44/200, batches=2, loss=6.5179443, top1=8.7272, elapsed=13.663s, process_memory={'VmPeak': '6594452 kB', 'VmRSS': '1573364 kB'}, gpu_memory=None.
DEBUG:root:Epoch: 43	Loss: 6.5179443359375	Top1 accuracy: 8.727212905883789
INFO:COMEBin	1.1.0:NN training: epoch=45/200, batches=2, loss=6.5458364, top1=8.0273, elapsed=13.554s, process_memory={'VmPeak': '6594452 kB', 'VmRSS': '1592820 kB'}, gpu_memory=None.
DEBUG:root:Epoch: 44	Loss: 6.545836448669434	Top1 accuracy: 8.02734375
INFO:COMEBin	1.1.0:NN training: epoch=46/200, batches=2, loss=6.5353298, top1=8.4049, elapsed=13.322s, process_memory={'VmPeak': '6594452 kB', 'VmRSS': '1560052 kB'}, gpu_memory=None.
DEBUG:root:Epoch: 45	Loss: 6.535329818725586	Top1 accuracy: 8.404947280883789
INFO:COMEBin	1.1.0:NN training: epoch=47/200, batches=2, loss=6.5098553, top1=8.9779, elapsed=13.510s, process_memory={'VmPeak': '6594452 kB', 'VmRSS': '1570100 kB'}, gpu_memory=None.
DEBUG:root:Epoch: 46	Loss: 6.509855270385742	Top1 accuracy: 8.977864265441895
INFO:COMEBin	1.1.0:NN training: epoch=48/200, batches=2, loss=6.5076804, top1=8.8770, elapsed=13.509s, process_memory={'VmPeak': '6594452 kB', 'VmRSS': '1557332 kB'}, gpu_memory=None.
DEBUG:root:Epoch: 47	Loss: 6.507680416107178	Top1 accuracy: 8.876953125
INFO:COMEBin	1.1.0:NN training: epoch=49/200, batches=2, loss=6.4981871, top1=9.6126, elapsed=13.337s, process_memory={'VmPeak': '6594452 kB', 'VmRSS': '1576788 kB'}, gpu_memory=None.
DEBUG:root:Epoch: 48	Loss: 6.498187065124512	Top1 accuracy: 9.612629890441895
INFO:COMEBin	1.1.0:NN training: epoch=50/200, batches=2, loss=6.4904842, top1=9.9577, elapsed=13.523s, process_memory={'VmPeak': '6594452 kB', 'VmRSS': '1576788 kB'}, gpu_memory=None.
DEBUG:root:Epoch: 49	Loss: 6.490484237670898	Top1 accuracy: 9.957681655883789
INFO:COMEBin	1.1.0:NN training: epoch=51/200, batches=2, loss=6.4612551, top1=10.3743, elapsed=13.908s, process_memory={'VmPeak': '6594452 kB', 'VmRSS': '1582932 kB'}, gpu_memory=None.
DEBUG:root:Epoch: 50	Loss: 6.461255073547363	Top1 accuracy: 10.374348640441895
INFO:COMEBin	1.1.0:NN training: epoch=52/200, batches=2, loss=6.4984593, top1=9.8665, elapsed=13.327s, process_memory={'VmPeak': '6597284 kB', 'VmRSS': '1599316 kB'}, gpu_memory=None.
DEBUG:root:Epoch: 51	Loss: 6.498459339141846	Top1 accuracy: 9.866536140441895
INFO:COMEBin	1.1.0:NN training: epoch=53/200, batches=2, loss=6.4760394, top1=9.7428, elapsed=13.281s, process_memory={'VmPeak': '6597284 kB', 'VmRSS': '1563476 kB'}, gpu_memory=None.
DEBUG:root:Epoch: 52	Loss: 6.476039409637451	Top1 accuracy: 9.742837905883789
INFO:COMEBin	1.1.0:NN training: epoch=54/200, batches=2, loss=6.4601693, top1=10.6803, elapsed=13.231s, process_memory={'VmPeak': '6597284 kB', 'VmRSS': '1596244 kB'}, gpu_memory=None.
DEBUG:root:Epoch: 53	Loss: 6.460169315338135	Top1 accuracy: 10.680337905883789
INFO:COMEBin	1.1.0:NN training: epoch=55/200, batches=2, loss=6.4314985, top1=11.2142, elapsed=13.342s, process_memory={'VmPeak': '6597284 kB', 'VmRSS': '1596244 kB'}, gpu_memory=None.
DEBUG:root:Epoch: 54	Loss: 6.4314985275268555	Top1 accuracy: 11.214192390441895
INFO:COMEBin	1.1.0:NN training: epoch=56/200, batches=2, loss=6.4492998, top1=11.2077, elapsed=13.320s, process_memory={'VmPeak': '6597284 kB', 'VmRSS': '1596244 kB'}, gpu_memory=None.
DEBUG:root:Epoch: 55	Loss: 6.4492998123168945	Top1 accuracy: 11.207681655883789
INFO:COMEBin	1.1.0:NN training: epoch=57/200, batches=2, loss=6.4410191, top1=10.8301, elapsed=13.753s, process_memory={'VmPeak': '6597284 kB', 'VmRSS': '1596244 kB'}, gpu_memory=None.
DEBUG:root:Epoch: 56	Loss: 6.441019058227539	Top1 accuracy: 10.830078125
INFO:COMEBin	1.1.0:NN training: epoch=58/200, batches=2, loss=6.446156, top1=11.1328, elapsed=13.469s, process_memory={'VmPeak': '6597284 kB', 'VmRSS': '1596244 kB'}, gpu_memory=None.
DEBUG:root:Epoch: 57	Loss: 6.446156024932861	Top1 accuracy: 11.1328125
INFO:COMEBin	1.1.0:NN training: epoch=59/200, batches=2, loss=6.449759, top1=11.6536, elapsed=13.306s, process_memory={'VmPeak': '6597284 kB', 'VmRSS': '1596248 kB'}, gpu_memory=None.
DEBUG:root:Epoch: 58	Loss: 6.449759006500244	Top1 accuracy: 11.653645515441895
INFO:COMEBin	1.1.0:NN training: epoch=60/200, batches=2, loss=6.4267111, top1=11.9173, elapsed=13.375s, process_memory={'VmPeak': '6597284 kB', 'VmRSS': '1596248 kB'}, gpu_memory=None.
DEBUG:root:Epoch: 59	Loss: 6.426711082458496	Top1 accuracy: 11.917317390441895
INFO:COMEBin	1.1.0:NN training: epoch=61/200, batches=2, loss=6.4329834, top1=11.2500, elapsed=13.425s, process_memory={'VmPeak': '6597284 kB', 'VmRSS': '1566552 kB'}, gpu_memory=None.
DEBUG:root:Epoch: 60	Loss: 6.4329833984375	Top1 accuracy: 11.25
INFO:COMEBin	1.1.0:NN training: epoch=62/200, batches=2, loss=6.4227877, top1=12.4544, elapsed=13.477s, process_memory={'VmPeak': '6597284 kB', 'VmRSS': '1544024 kB'}, gpu_memory=None.
DEBUG:root:Epoch: 61	Loss: 6.422787666320801	Top1 accuracy: 12.454426765441895
INFO:COMEBin	1.1.0:NN training: epoch=63/200, batches=2, loss=6.4156132, top1=12.7865, elapsed=13.431s, process_memory={'VmPeak': '6597284 kB', 'VmRSS': '1583128 kB'}, gpu_memory=None.
DEBUG:root:Epoch: 62	Loss: 6.415613174438477	Top1 accuracy: 12.786458015441895
INFO:COMEBin	1.1.0:NN training: epoch=64/200, batches=2, loss=6.4033613, top1=12.0833, elapsed=13.423s, process_memory={'VmPeak': '6597284 kB', 'VmRSS': '1593176 kB'}, gpu_memory=None.
DEBUG:root:Epoch: 63	Loss: 6.4033613204956055	Top1 accuracy: 12.083333015441895
INFO:COMEBin	1.1.0:NN training: epoch=65/200, batches=2, loss=6.4005737, top1=13.4766, elapsed=13.257s, process_memory={'VmPeak': '6597284 kB', 'VmRSS': '1560408 kB'}, gpu_memory=None.
DEBUG:root:Epoch: 64	Loss: 6.40057373046875	Top1 accuracy: 13.4765625
INFO:COMEBin	1.1.0:NN training: epoch=66/200, batches=2, loss=6.4193549, top1=13.4473, elapsed=13.292s, process_memory={'VmPeak': '6597284 kB', 'VmRSS': '1573720 kB'}, gpu_memory=None.
DEBUG:root:Epoch: 65	Loss: 6.4193549156188965	Top1 accuracy: 13.447265625
INFO:COMEBin	1.1.0:NN training: epoch=67/200, batches=2, loss=6.3933959, top1=13.5645, elapsed=13.087s, process_memory={'VmPeak': '6597284 kB', 'VmRSS': '1590104 kB'}, gpu_memory=None.
DEBUG:root:Epoch: 66	Loss: 6.393395900726318	Top1 accuracy: 13.564453125
INFO:COMEBin	1.1.0:NN training: epoch=68/200, batches=2, loss=6.4042335, top1=13.2487, elapsed=13.031s, process_memory={'VmPeak': '6597284 kB', 'VmRSS': '1590104 kB'}, gpu_memory=None.
DEBUG:root:Epoch: 67	Loss: 6.404233455657959	Top1 accuracy: 13.248697280883789
INFO:COMEBin	1.1.0:NN training: epoch=69/200, batches=2, loss=6.3879819, top1=13.7728, elapsed=13.046s, process_memory={'VmPeak': '6597284 kB', 'VmRSS': '1590104 kB'}, gpu_memory=None.
DEBUG:root:Epoch: 68	Loss: 6.38798189163208	Top1 accuracy: 13.772786140441895
INFO:COMEBin	1.1.0:NN training: epoch=70/200, batches=2, loss=6.3885632, top1=14.2415, elapsed=13.098s, process_memory={'VmPeak': '6597284 kB', 'VmRSS': '1540952 kB'}, gpu_memory=None.
DEBUG:root:Epoch: 69	Loss: 6.38856315612793	Top1 accuracy: 14.241536140441895
INFO:COMEBin	1.1.0:NN training: epoch=71/200, batches=2, loss=6.3703599, top1=14.6680, elapsed=13.168s, process_memory={'VmPeak': '6597284 kB', 'VmRSS': '1572888 kB'}, gpu_memory=None.
DEBUG:root:Epoch: 70	Loss: 6.370359897613525	Top1 accuracy: 14.66796875
INFO:COMEBin	1.1.0:NN training: epoch=72/200, batches=2, loss=6.3854995, top1=14.5345, elapsed=13.213s, process_memory={'VmPeak': '6597284 kB', 'VmRSS': '1557336 kB'}, gpu_memory=None.
DEBUG:root:Epoch: 71	Loss: 6.385499477386475	Top1 accuracy: 14.534504890441895
INFO:COMEBin	1.1.0:NN training: epoch=73/200, batches=2, loss=6.3868451, top1=14.7038, elapsed=13.132s, process_memory={'VmPeak': '6597284 kB', 'VmRSS': '1573720 kB'}, gpu_memory=None.
DEBUG:root:Epoch: 72	Loss: 6.386845111846924	Top1 accuracy: 14.703775405883789
INFO:COMEBin	1.1.0:NN training: epoch=74/200, batches=2, loss=6.3764014, top1=15.1758, elapsed=13.302s, process_memory={'VmPeak': '6597284 kB', 'VmRSS': '1557336 kB'}, gpu_memory=None.
DEBUG:root:Epoch: 73	Loss: 6.376401424407959	Top1 accuracy: 15.17578125
INFO:COMEBin	1.1.0:NN training: epoch=75/200, batches=2, loss=6.3794661, top1=15.6803, elapsed=13.283s, process_memory={'VmPeak': '6597284 kB', 'VmRSS': '1573720 kB'}, gpu_memory=None.
DEBUG:root:Epoch: 74	Loss: 6.3794660568237305	Top1 accuracy: 15.680337905883789
INFO:COMEBin	1.1.0:NN training: epoch=76/200, batches=2, loss=6.3762965, top1=16.3216, elapsed=13.127s, process_memory={'VmPeak': '6597284 kB', 'VmRSS': '1590104 kB'}, gpu_memory=None.
DEBUG:root:Epoch: 75	Loss: 6.376296520233154	Top1 accuracy: 16.321613311767578
