INFO:COMEBin	1.1.0:NN setup finished; loss function and training state are ready.
INFO:root:Start SimCLR training for 200 epochs.
INFO:COMEBin	1.1.0:NN training preflight: mode=combined-model, epochs=200, samples=300, batches_per_epoch=1, batch_size=256, device=cpu, fp16=False, process_memory={'VmPeak': '1657752 kB', 'VmRSS': '422432 kB'}, gpu_memory=None.
INFO:COMEBin	1.1.0:NN training: enter combined-model loop and request the first DataLoader batch.
INFO:root:kmer_len:	136

INFO:COMEBin	1.1.0:NN training: first combined-model batch received; view_shapes=[(256, 138), (256, 138), (256, 138), (256, 138), (256, 138), (256, 138)].
INFO:COMEBin	1.1.0:NN training: first combined-model batch moved to cpu; shape=(1536, 138).
INFO:COMEBin	1.1.0:NN training: first combined-model forward pass finished; loss=7.544755458831787.
INFO:COMEBin	1.1.0:NN training: first combined-model backward pass and optimizer step finished.
INFO:COMEBin	1.1.0:NN training: epoch=1/200, batches=1, loss=7.5447555, top1=0.2995, elapsed=0.533s, process_memory={'VmPeak': '2147748 kB', 'VmRSS': '563952 kB'}, gpu_memory=None.
DEBUG:root:Epoch: 0	Loss: 7.544755458831787	Top1 accuracy: 0.2994791567325592
INFO:COMEBin	1.1.0:NN training: epoch=2/200, batches=1, loss=6.7604818, top1=0.2604, elapsed=0.811s, process_memory={'VmPeak': '2275296 kB', 'VmRSS': '610080 kB'}, gpu_memory=None.
DEBUG:root:Epoch: 1	Loss: 6.760481834411621	Top1 accuracy: 0.2604166567325592
INFO:COMEBin	1.1.0:NN training: epoch=3/200, batches=1, loss=6.4873672, top1=0.5208, elapsed=0.996s, process_memory={'VmPeak': '2275296 kB', 'VmRSS': '619172 kB'}, gpu_memory=None.
DEBUG:root:Epoch: 2	Loss: 6.487367153167725	Top1 accuracy: 0.5208333134651184
INFO:COMEBin	1.1.0:NN training: epoch=4/200, batches=1, loss=6.3501558, top1=0.5599, elapsed=1.017s, process_memory={'VmPeak': '2287524 kB', 'VmRSS': '613160 kB'}, gpu_memory=None.
DEBUG:root:Epoch: 3	Loss: 6.350155830383301	Top1 accuracy: 0.5598958134651184
INFO:COMEBin	1.1.0:NN training: epoch=5/200, batches=1, loss=6.326447, top1=0.7031, elapsed=1.000s, process_memory={'VmPeak': '2287524 kB', 'VmRSS': '619172 kB'}, gpu_memory=None.
DEBUG:root:Epoch: 4	Loss: 6.326447010040283	Top1 accuracy: 0.703125
INFO:COMEBin	1.1.0:NN training: epoch=6/200, batches=1, loss=6.2344208, top1=0.7552, elapsed=1.046s, process_memory={'VmPeak': '2287524 kB', 'VmRSS': '610092 kB'}, gpu_memory=None.
DEBUG:root:Epoch: 5	Loss: 6.2344207763671875	Top1 accuracy: 0.7552083134651184
INFO:COMEBin	1.1.0:NN training: epoch=7/200, batches=1, loss=6.2219391, top1=0.9375, elapsed=1.012s, process_memory={'VmPeak': '2287524 kB', 'VmRSS': '610096 kB'}, gpu_memory=None.
DEBUG:root:Epoch: 6	Loss: 6.2219390869140625	Top1 accuracy: 0.9375
INFO:COMEBin	1.1.0:NN training: epoch=8/200, batches=1, loss=6.1820393, top1=0.8203, elapsed=1.043s, process_memory={'VmPeak': '2287524 kB', 'VmRSS': '613176 kB'}, gpu_memory=None.
DEBUG:root:Epoch: 7	Loss: 6.182039260864258	Top1 accuracy: 0.8203125
INFO:COMEBin	1.1.0:NN training: epoch=9/200, batches=1, loss=6.2177033, top1=0.9505, elapsed=1.005s, process_memory={'VmPeak': '2287524 kB', 'VmRSS': '613176 kB'}, gpu_memory=None.
DEBUG:root:Epoch: 8	Loss: 6.217703342437744	Top1 accuracy: 0.9505208134651184
INFO:COMEBin	1.1.0:NN training: epoch=10/200, batches=1, loss=6.1316233, top1=1.1458, elapsed=1.001s, process_memory={'VmPeak': '2287524 kB', 'VmRSS': '610104 kB'}, gpu_memory=None.
DEBUG:root:Epoch: 9	Loss: 6.131623268127441	Top1 accuracy: 1.1458332538604736
INFO:COMEBin	1.1.0:NN training: epoch=11/200, batches=1, loss=6.0616369, top1=0.9766, elapsed=1.003s, process_memory={'VmPeak': '2287524 kB', 'VmRSS': '610116 kB'}, gpu_memory=None.
DEBUG:root:Epoch: 10	Loss: 6.061636924743652	Top1 accuracy: 0.9765625
INFO:COMEBin	1.1.0:NN training: epoch=12/200, batches=1, loss=6.0200806, top1=1.0026, elapsed=1.011s, process_memory={'VmPeak': '2287524 kB', 'VmRSS': '610192 kB'}, gpu_memory=None.
DEBUG:root:Epoch: 11	Loss: 6.02008056640625	Top1 accuracy: 1.0026041269302368
INFO:COMEBin	1.1.0:NN training: epoch=13/200, batches=1, loss=6.071208, top1=1.1589, elapsed=0.987s, process_memory={'VmPeak': '2287524 kB', 'VmRSS': '610192 kB'}, gpu_memory=None.
DEBUG:root:Epoch: 12	Loss: 6.0712080001831055	Top1 accuracy: 1.1588541269302368
INFO:COMEBin	1.1.0:NN training: epoch=14/200, batches=1, loss=5.9579592, top1=1.5365, elapsed=0.984s, process_memory={'VmPeak': '2287524 kB', 'VmRSS': '619276 kB'}, gpu_memory=None.
DEBUG:root:Epoch: 13	Loss: 5.957959175109863	Top1 accuracy: 1.5364582538604736
INFO:COMEBin	1.1.0:NN training: epoch=15/200, batches=1, loss=5.9107571, top1=1.6276, elapsed=1.027s, process_memory={'VmPeak': '2290596 kB', 'VmRSS': '616340 kB'}, gpu_memory=None.
DEBUG:root:Epoch: 14	Loss: 5.910757064819336	Top1 accuracy: 1.6276041269302368
INFO:COMEBin	1.1.0:NN training: epoch=16/200, batches=1, loss=5.8424101, top1=1.9401, elapsed=1.005s, process_memory={'VmPeak': '2290596 kB', 'VmRSS': '610200 kB'}, gpu_memory=None.
DEBUG:root:Epoch: 15	Loss: 5.842410087585449	Top1 accuracy: 1.9401041269302368
INFO:COMEBin	1.1.0:NN training: epoch=17/200, batches=1, loss=5.8003116, top1=2.0964, elapsed=0.976s, process_memory={'VmPeak': '2290596 kB', 'VmRSS': '619284 kB'}, gpu_memory=None.
DEBUG:root:Epoch: 16	Loss: 5.80031156539917	Top1 accuracy: 2.0963540077209473
INFO:COMEBin	1.1.0:NN training: epoch=18/200, batches=1, loss=5.7683768, top1=2.4349, elapsed=1.001s, process_memory={'VmPeak': '2293668 kB', 'VmRSS': '619416 kB'}, gpu_memory=None.
DEBUG:root:Epoch: 17	Loss: 5.76837682723999	Top1 accuracy: 2.4348957538604736
INFO:COMEBin	1.1.0:NN training: epoch=19/200, batches=1, loss=5.7508192, top1=2.2266, elapsed=0.997s, process_memory={'VmPeak': '2293668 kB', 'VmRSS': '610200 kB'}, gpu_memory=None.
DEBUG:root:Epoch: 18	Loss: 5.750819206237793	Top1 accuracy: 2.2265625
INFO:COMEBin	1.1.0:NN training: epoch=20/200, batches=1, loss=5.6915798, top1=2.6042, elapsed=0.989s, process_memory={'VmPeak': '2293668 kB', 'VmRSS': '610208 kB'}, gpu_memory=None.
DEBUG:root:Epoch: 19	Loss: 5.691579818725586	Top1 accuracy: 2.6041665077209473
INFO:COMEBin	1.1.0:NN training: epoch=21/200, batches=1, loss=5.6854, top1=2.7995, elapsed=1.016s, process_memory={'VmPeak': '2293668 kB', 'VmRSS': '610208 kB'}, gpu_memory=None.
DEBUG:root:Epoch: 20	Loss: 5.685400009155273	Top1 accuracy: 2.7994790077209473
INFO:COMEBin	1.1.0:NN training: epoch=22/200, batches=1, loss=5.6571264, top1=2.3568, elapsed=0.971s, process_memory={'VmPeak': '2293668 kB', 'VmRSS': '619292 kB'}, gpu_memory=None.
DEBUG:root:Epoch: 21	Loss: 5.657126426696777	Top1 accuracy: 2.3567707538604736
INFO:COMEBin	1.1.0:NN training: epoch=23/200, batches=1, loss=5.6123571, top1=2.9948, elapsed=1.018s, process_memory={'VmPeak': '2293668 kB', 'VmRSS': '610208 kB'}, gpu_memory=None.
DEBUG:root:Epoch: 22	Loss: 5.612357139587402	Top1 accuracy: 2.9947915077209473
INFO:COMEBin	1.1.0:NN training: epoch=24/200, batches=1, loss=5.5975966, top1=2.9427, elapsed=1.006s, process_memory={'VmPeak': '2293668 kB', 'VmRSS': '619424 kB'}, gpu_memory=None.
DEBUG:root:Epoch: 23	Loss: 5.597596645355225	Top1 accuracy: 2.9427082538604736
INFO:COMEBin	1.1.0:NN training: epoch=25/200, batches=1, loss=5.584384, top1=3.2161, elapsed=1.018s, process_memory={'VmPeak': '2293668 kB', 'VmRSS': '610208 kB'}, gpu_memory=None.
DEBUG:root:Epoch: 24	Loss: 5.584383964538574	Top1 accuracy: 3.2161457538604736
INFO:COMEBin	1.1.0:NN training: epoch=26/200, batches=1, loss=5.544385, top1=2.8255, elapsed=1.019s, process_memory={'VmPeak': '2293668 kB', 'VmRSS': '610208 kB'}, gpu_memory=None.
DEBUG:root:Epoch: 25	Loss: 5.544384956359863	Top1 accuracy: 2.8255207538604736
INFO:COMEBin	1.1.0:NN training: epoch=27/200, batches=1, loss=5.4993715, top1=2.7995, elapsed=1.007s, process_memory={'VmPeak': '2293668 kB', 'VmRSS': '613152 kB'}, gpu_memory=None.
DEBUG:root:Epoch: 26	Loss: 5.499371528625488	Top1 accuracy: 2.7994790077209473
INFO:COMEBin	1.1.0:NN training: epoch=28/200, batches=1, loss=5.5085735, top1=3.2943, elapsed=0.961s, process_memory={'VmPeak': '2296740 kB', 'VmRSS': '622496 kB'}, gpu_memory=None.
DEBUG:root:Epoch: 27	Loss: 5.508573532104492	Top1 accuracy: 3.2942707538604736
INFO:COMEBin	1.1.0:NN training: epoch=29/200, batches=1, loss=5.4996719, top1=3.3594, elapsed=1.051s, process_memory={'VmPeak': '2296740 kB', 'VmRSS': '613280 kB'}, gpu_memory=None.
DEBUG:root:Epoch: 28	Loss: 5.499671936035156	Top1 accuracy: 3.359375
INFO:COMEBin	1.1.0:NN training: epoch=30/200, batches=1, loss=5.4337754, top1=2.9557, elapsed=0.996s, process_memory={'VmPeak': '2296740 kB', 'VmRSS': '613280 kB'}, gpu_memory=None.
DEBUG:root:Epoch: 29	Loss: 5.433775424957275	Top1 accuracy: 2.9557290077209473
INFO:COMEBin	1.1.0:NN training: epoch=31/200, batches=1, loss=5.4834499, top1=3.2682, elapsed=1.002s, process_memory={'VmPeak': '2296740 kB', 'VmRSS': '610208 kB'}, gpu_memory=None.
DEBUG:root:Epoch: 30	Loss: 5.483449935913086	Top1 accuracy: 3.2682290077209473
INFO:COMEBin	1.1.0:NN training: epoch=32/200, batches=1, loss=5.3987556, top1=3.8802, elapsed=1.001s, process_memory={'VmPeak': '2296740 kB', 'VmRSS': '610208 kB'}, gpu_memory=None.
DEBUG:root:Epoch: 31	Loss: 5.3987555503845215	Top1 accuracy: 3.8802082538604736
INFO:COMEBin	1.1.0:NN training: epoch=33/200, batches=1, loss=5.4030986, top1=3.7630, elapsed=1.010s, process_memory={'VmPeak': '2296740 kB', 'VmRSS': '619292 kB'}, gpu_memory=None.
DEBUG:root:Epoch: 32	Loss: 5.4030985832214355	Top1 accuracy: 3.7630207538604736
INFO:COMEBin	1.1.0:NN training: epoch=34/200, batches=1, loss=5.3162742, top1=3.9323, elapsed=1.037s, process_memory={'VmPeak': '2296740 kB', 'VmRSS': '613280 kB'}, gpu_memory=None.
DEBUG:root:Epoch: 33	Loss: 5.316274166107178	Top1 accuracy: 3.9322915077209473
INFO:COMEBin	1.1.0:NN training: epoch=35/200, batches=1, loss=5.2797899, top1=4.0234, elapsed=0.988s, process_memory={'VmPeak': '2296740 kB', 'VmRSS': '610208 kB'}, gpu_memory=None.
DEBUG:root:Epoch: 34	Loss: 5.279789924621582	Top1 accuracy: 4.0234375
INFO:COMEBin	1.1.0:NN training: epoch=36/200, batches=1, loss=5.275805, top1=4.5573, elapsed=1.021s, process_memory={'VmPeak': '2296740 kB', 'VmRSS': '616356 kB'}, gpu_memory=None.
DEBUG:root:Epoch: 35	Loss: 5.2758049964904785	Top1 accuracy: 4.557291507720947
INFO:COMEBin	1.1.0:NN training: epoch=37/200, batches=1, loss=5.3577991, top1=3.8932, elapsed=0.999s, process_memory={'VmPeak': '2296740 kB', 'VmRSS': '619296 kB'}, gpu_memory=None.
DEBUG:root:Epoch: 36	Loss: 5.357799053192139	Top1 accuracy: 3.8932290077209473
INFO:COMEBin	1.1.0:NN training: epoch=38/200, batches=1, loss=5.2891135, top1=3.6719, elapsed=1.027s, process_memory={'VmPeak': '2296740 kB', 'VmRSS': '616360 kB'}, gpu_memory=None.
DEBUG:root:Epoch: 37	Loss: 5.289113521575928	Top1 accuracy: 3.671875
INFO:COMEBin	1.1.0:NN training: epoch=39/200, batches=1, loss=5.2632079, top1=4.4271, elapsed=1.028s, process_memory={'VmPeak': '2296740 kB', 'VmRSS': '610216 kB'}, gpu_memory=None.
DEBUG:root:Epoch: 38	Loss: 5.263207912445068	Top1 accuracy: 4.4270830154418945
INFO:COMEBin	1.1.0:NN training: epoch=40/200, batches=1, loss=5.2495279, top1=4.6745, elapsed=1.010s, process_memory={'VmPeak': '2296740 kB', 'VmRSS': '613288 kB'}, gpu_memory=None.
DEBUG:root:Epoch: 39	Loss: 5.249527931213379	Top1 accuracy: 4.674479007720947
INFO:COMEBin	1.1.0:NN training: epoch=41/200, batches=1, loss=5.2459388, top1=5.0000, elapsed=1.002s, process_memory={'VmPeak': '2296740 kB', 'VmRSS': '619300 kB'}, gpu_memory=None.
DEBUG:root:Epoch: 40	Loss: 5.245938777923584	Top1 accuracy: 5.0
INFO:COMEBin	1.1.0:NN training: epoch=42/200, batches=1, loss=5.2168288, top1=4.7786, elapsed=1.053s, process_memory={'VmPeak': '2296740 kB', 'VmRSS': '613292 kB'}, gpu_memory=None.
DEBUG:root:Epoch: 41	Loss: 5.2168288230896	Top1 accuracy: 4.7786455154418945
INFO:COMEBin	1.1.0:NN training: epoch=43/200, batches=1, loss=5.1777258, top1=4.6615, elapsed=0.995s, process_memory={'VmPeak': '2296740 kB', 'VmRSS': '619304 kB'}, gpu_memory=None.
DEBUG:root:Epoch: 42	Loss: 5.177725791931152	Top1 accuracy: 4.6614580154418945
INFO:COMEBin	1.1.0:NN training: epoch=44/200, batches=1, loss=5.2021742, top1=4.6484, elapsed=1.008s, process_memory={'VmPeak': '2296740 kB', 'VmRSS': '610220 kB'}, gpu_memory=None.
DEBUG:root:Epoch: 43	Loss: 5.202174186706543	Top1 accuracy: 4.6484375
INFO:COMEBin	1.1.0:NN training: epoch=45/200, batches=1, loss=5.1711612, top1=5.4036, elapsed=1.010s, process_memory={'VmPeak': '2296740 kB', 'VmRSS': '610220 kB'}, gpu_memory=None.
DEBUG:root:Epoch: 44	Loss: 5.17116117477417	Top1 accuracy: 5.4036455154418945
INFO:COMEBin	1.1.0:NN training: epoch=46/200, batches=1, loss=5.1985126, top1=4.8438, elapsed=0.982s, process_memory={'VmPeak': '2296740 kB', 'VmRSS': '610220 kB'}, gpu_memory=None.
DEBUG:root:Epoch: 45	Loss: 5.198512554168701	Top1 accuracy: 4.84375
INFO:COMEBin	1.1.0:NN training: epoch=47/200, batches=1, loss=5.1627579, top1=5.4688, elapsed=0.984s, process_memory={'VmPeak': '2296740 kB', 'VmRSS': '616364 kB'}, gpu_memory=None.
DEBUG:root:Epoch: 46	Loss: 5.162757873535156	Top1 accuracy: 5.46875
INFO:COMEBin	1.1.0:NN training: epoch=48/200, batches=1, loss=5.1490908, top1=5.7292, elapsed=1.037s, process_memory={'VmPeak': '2296740 kB', 'VmRSS': '613292 kB'}, gpu_memory=None.
DEBUG:root:Epoch: 47	Loss: 5.149090766906738	Top1 accuracy: 5.729166507720947
INFO:COMEBin	1.1.0:NN training: epoch=49/200, batches=1, loss=5.1089478, top1=5.3646, elapsed=1.024s, process_memory={'VmPeak': '2296740 kB', 'VmRSS': '613292 kB'}, gpu_memory=None.
DEBUG:root:Epoch: 48	Loss: 5.10894775390625	Top1 accuracy: 5.3645830154418945
INFO:COMEBin	1.1.0:NN training: epoch=50/200, batches=1, loss=5.1071682, top1=6.3151, elapsed=0.996s, process_memory={'VmPeak': '2296740 kB', 'VmRSS': '610220 kB'}, gpu_memory=None.
DEBUG:root:Epoch: 49	Loss: 5.107168197631836	Top1 accuracy: 6.315104007720947
INFO:COMEBin	1.1.0:NN training: epoch=51/200, batches=1, loss=5.0727687, top1=5.9115, elapsed=0.988s, process_memory={'VmPeak': '2296740 kB', 'VmRSS': '610220 kB'}, gpu_memory=None.
DEBUG:root:Epoch: 50	Loss: 5.072768688201904	Top1 accuracy: 5.9114580154418945
INFO:COMEBin	1.1.0:NN training: epoch=52/200, batches=1, loss=5.0602326, top1=5.6250, elapsed=0.984s, process_memory={'VmPeak': '2296740 kB', 'VmRSS': '610220 kB'}, gpu_memory=None.
DEBUG:root:Epoch: 51	Loss: 5.060232639312744	Top1 accuracy: 5.625
INFO:COMEBin	1.1.0:NN training: epoch=53/200, batches=1, loss=4.986598, top1=6.5234, elapsed=0.973s, process_memory={'VmPeak': '2296740 kB', 'VmRSS': '610220 kB'}, gpu_memory=None.
DEBUG:root:Epoch: 52	Loss: 4.986598014831543	Top1 accuracy: 6.5234375
INFO:COMEBin	1.1.0:NN training: epoch=54/200, batches=1, loss=5.073493, top1=6.9792, elapsed=1.005s, process_memory={'VmPeak': '2296740 kB', 'VmRSS': '610220 kB'}, gpu_memory=None.
DEBUG:root:Epoch: 53	Loss: 5.073493003845215	Top1 accuracy: 6.979166507720947
INFO:COMEBin	1.1.0:NN training: epoch=55/200, batches=1, loss=5.0000234, top1=5.8333, elapsed=1.008s, process_memory={'VmPeak': '2296740 kB', 'VmRSS': '616364 kB'}, gpu_memory=None.
DEBUG:root:Epoch: 54	Loss: 5.000023365020752	Top1 accuracy: 5.8333330154418945
INFO:COMEBin	1.1.0:NN training: epoch=56/200, batches=1, loss=5.055974, top1=6.3411, elapsed=1.008s, process_memory={'VmPeak': '2296740 kB', 'VmRSS': '619436 kB'}, gpu_memory=None.
DEBUG:root:Epoch: 55	Loss: 5.055974006652832	Top1 accuracy: 6.3411455154418945
INFO:COMEBin	1.1.0:NN training: epoch=57/200, batches=1, loss=4.9946089, top1=7.1224, elapsed=1.014s, process_memory={'VmPeak': '2296740 kB', 'VmRSS': '610220 kB'}, gpu_memory=None.
DEBUG:root:Epoch: 56	Loss: 4.9946088790893555	Top1 accuracy: 7.1223955154418945
INFO:COMEBin	1.1.0:NN training: epoch=58/200, batches=1, loss=4.9265971, top1=7.1224, elapsed=1.005s, process_memory={'VmPeak': '2296740 kB', 'VmRSS': '610220 kB'}, gpu_memory=None.
DEBUG:root:Epoch: 57	Loss: 4.9265971183776855	Top1 accuracy: 7.1223955154418945
INFO:COMEBin	1.1.0:NN training: epoch=59/200, batches=1, loss=4.9496131, top1=7.5260, elapsed=0.999s, process_memory={'VmPeak': '2296740 kB', 'VmRSS': '610220 kB'}, gpu_memory=None.
DEBUG:root:Epoch: 58	Loss: 4.949613094329834	Top1 accuracy: 7.526041507720947
INFO:COMEBin	1.1.0:NN training: epoch=60/200, batches=1, loss=4.9178343, top1=7.6302, elapsed=1.030s, process_memory={'VmPeak': '2296740 kB', 'VmRSS': '610220 kB'}, gpu_memory=None.
DEBUG:root:Epoch: 59	Loss: 4.917834281921387	Top1 accuracy: 7.6302080154418945
INFO:COMEBin	1.1.0:NN training: epoch=61/200, batches=1, loss=4.9190979, top1=6.8750, elapsed=1.006s, process_memory={'VmPeak': '2296740 kB', 'VmRSS': '610220 kB'}, gpu_memory=None.
DEBUG:root:Epoch: 60	Loss: 4.919097900390625	Top1 accuracy: 6.875
INFO:COMEBin	1.1.0:NN training: epoch=62/200, batches=1, loss=4.901865, top1=7.2786, elapsed=1.008s, process_memory={'VmPeak': '2296740 kB', 'VmRSS': '616368 kB'}, gpu_memory=None.
DEBUG:root:Epoch: 61	Loss: 4.901865005493164	Top1 accuracy: 7.2786455154418945
INFO:COMEBin	1.1.0:NN training: epoch=63/200, batches=1, loss=4.8603725, top1=7.1224, elapsed=1.014s, process_memory={'VmPeak': '2296740 kB', 'VmRSS': '619308 kB'}, gpu_memory=None.
DEBUG:root:Epoch: 62	Loss: 4.860372543334961	Top1 accuracy: 7.1223955154418945
INFO:COMEBin	1.1.0:NN training: epoch=64/200, batches=1, loss=4.8882704, top1=7.4479, elapsed=1.038s, process_memory={'VmPeak': '2296740 kB', 'VmRSS': '610224 kB'}, gpu_memory=None.
DEBUG:root:Epoch: 63	Loss: 4.888270378112793	Top1 accuracy: 7.447916507720947
INFO:COMEBin	1.1.0:NN training: epoch=65/200, batches=1, loss=4.8375745, top1=8.7240, elapsed=0.959s, process_memory={'VmPeak': '2296740 kB', 'VmRSS': '619444 kB'}, gpu_memory=None.
DEBUG:root:Epoch: 64	Loss: 4.837574481964111	Top1 accuracy: 8.723958015441895
INFO:COMEBin	1.1.0:NN training: epoch=66/200, batches=1, loss=4.8082552, top1=8.5938, elapsed=0.985s, process_memory={'VmPeak': '2296740 kB', 'VmRSS': '619448 kB'}, gpu_memory=None.
DEBUG:root:Epoch: 65	Loss: 4.808255195617676	Top1 accuracy: 8.59375
INFO:COMEBin	1.1.0:NN training: epoch=67/200, batches=1, loss=4.8071904, top1=9.1797, elapsed=0.982s, process_memory={'VmPeak': '2296740 kB', 'VmRSS': '613304 kB'}, gpu_memory=None.
DEBUG:root:Epoch: 66	Loss: 4.807190418243408	Top1 accuracy: 9.1796875
INFO:COMEBin	1.1.0:NN training: epoch=68/200, batches=1, loss=4.7620702, top1=7.8255, elapsed=1.004s, process_memory={'VmPeak': '2296740 kB', 'VmRSS': '619320 kB'}, gpu_memory=None.
DEBUG:root:Epoch: 67	Loss: 4.762070178985596	Top1 accuracy: 7.8255205154418945
INFO:COMEBin	1.1.0:NN training: epoch=69/200, batches=1, loss=4.7102532, top1=9.4271, elapsed=1.023s, process_memory={'VmPeak': '2296740 kB', 'VmRSS': '613308 kB'}, gpu_memory=None.
DEBUG:root:Epoch: 68	Loss: 4.7102532386779785	Top1 accuracy: 9.427083015441895
INFO:COMEBin	1.1.0:NN training: epoch=70/200, batches=1, loss=4.6645541, top1=9.7135, elapsed=1.024s, process_memory={'VmPeak': '2296740 kB', 'VmRSS': '610236 kB'}, gpu_memory=None.
DEBUG:root:Epoch: 69	Loss: 4.664554119110107	Top1 accuracy: 9.713541030883789
INFO:COMEBin	1.1.0:NN training: epoch=71/200, batches=1, loss=4.7198968, top1=8.9453, elapsed=1.020s, process_memory={'VmPeak': '2296740 kB', 'VmRSS': '610236 kB'}, gpu_memory=None.
DEBUG:root:Epoch: 70	Loss: 4.7198967933654785	Top1 accuracy: 8.9453125
INFO:COMEBin	1.1.0:NN training: epoch=72/200, batches=1, loss=4.6974034, top1=9.0625, elapsed=1.040s, process_memory={'VmPeak': '2296740 kB', 'VmRSS': '613180 kB'}, gpu_memory=None.
DEBUG:root:Epoch: 71	Loss: 4.697403430938721	Top1 accuracy: 9.0625
INFO:COMEBin	1.1.0:NN training: epoch=73/200, batches=1, loss=4.6316481, top1=9.7656, elapsed=1.019s, process_memory={'VmPeak': '2296740 kB', 'VmRSS': '610236 kB'}, gpu_memory=None.
DEBUG:root:Epoch: 72	Loss: 4.631648063659668	Top1 accuracy: 9.765625
INFO:COMEBin	1.1.0:NN training: epoch=74/200, batches=1, loss=4.5971117, top1=10.0260, elapsed=0.985s, process_memory={'VmPeak': '2296740 kB', 'VmRSS': '610236 kB'}, gpu_memory=None.
DEBUG:root:Epoch: 73	Loss: 4.597111701965332	Top1 accuracy: 10.026041030883789
INFO:COMEBin	1.1.0:NN training: epoch=75/200, batches=1, loss=4.6422577, top1=9.9609, elapsed=1.004s, process_memory={'VmPeak': '2296740 kB', 'VmRSS': '619416 kB'}, gpu_memory=None.
DEBUG:root:Epoch: 74	Loss: 4.6422576904296875	Top1 accuracy: 9.9609375
INFO:COMEBin	1.1.0:NN training: epoch=76/200, batches=1, loss=4.5984225, top1=11.4844, elapsed=1.028s, process_memory={'VmPeak': '2296740 kB', 'VmRSS': '610236 kB'}, gpu_memory=None.
DEBUG:root:Epoch: 75	Loss: 4.598422527313232	Top1 accuracy: 11.484375
INFO:COMEBin	1.1.0:NN training: epoch=77/200, batches=1, loss=4.5808988, top1=12.0573, elapsed=0.977s, process_memory={'VmPeak': '2296740 kB', 'VmRSS': '610236 kB'}, gpu_memory=None.
DEBUG:root:Epoch: 76	Loss: 4.580898761749268	Top1 accuracy: 12.057291030883789
INFO:COMEBin	1.1.0:NN training: epoch=78/200, batches=1, loss=4.5456643, top1=12.4609, elapsed=0.980s, process_memory={'VmPeak': '2296740 kB', 'VmRSS': '610236 kB'}, gpu_memory=None.
DEBUG:root:Epoch: 77	Loss: 4.545664310455322	Top1 accuracy: 12.4609375
INFO:COMEBin	1.1.0:NN training: epoch=79/200, batches=1, loss=4.5142832, top1=12.1875, elapsed=0.998s, process_memory={'VmPeak': '2296740 kB', 'VmRSS': '610236 kB'}, gpu_memory=None.
DEBUG:root:Epoch: 78	Loss: 4.514283180236816	Top1 accuracy: 12.1875
INFO:COMEBin	1.1.0:NN training: epoch=80/200, batches=1, loss=4.52777, top1=12.4740, elapsed=0.992s, process_memory={'VmPeak': '2296740 kB', 'VmRSS': '610236 kB'}, gpu_memory=None.
DEBUG:root:Epoch: 79	Loss: 4.527770042419434	Top1 accuracy: 12.473958015441895
INFO:COMEBin	1.1.0:NN training: epoch=81/200, batches=1, loss=4.4641395, top1=13.8021, elapsed=1.005s, process_memory={'VmPeak': '2296740 kB', 'VmRSS': '610236 kB'}, gpu_memory=None.
DEBUG:root:Epoch: 80	Loss: 4.464139461517334	Top1 accuracy: 13.802083015441895
INFO:COMEBin	1.1.0:NN training: epoch=82/200, batches=1, loss=4.4450898, top1=14.1016, elapsed=0.987s, process_memory={'VmPeak': '2296740 kB', 'VmRSS': '619320 kB'}, gpu_memory=None.
DEBUG:root:Epoch: 81	Loss: 4.445089817047119	Top1 accuracy: 14.1015625
INFO:COMEBin	1.1.0:NN training: epoch=83/200, batches=1, loss=4.4201941, top1=13.4505, elapsed=1.015s, process_memory={'VmPeak': '2296740 kB', 'VmRSS': '610236 kB'}, gpu_memory=None.
DEBUG:root:Epoch: 82	Loss: 4.420194149017334	Top1 accuracy: 13.450520515441895
INFO:COMEBin	1.1.0:NN training: epoch=84/200, batches=1, loss=4.4451289, top1=13.4766, elapsed=0.990s, process_memory={'VmPeak': '2296740 kB', 'VmRSS': '610236 kB'}, gpu_memory=None.
DEBUG:root:Epoch: 83	Loss: 4.445128917694092	Top1 accuracy: 13.4765625
INFO:COMEBin	1.1.0:NN training: epoch=85/200, batches=1, loss=4.3588381, top1=14.5443, elapsed=0.991s, process_memory={'VmPeak': '2296740 kB', 'VmRSS': '610236 kB'}, gpu_memory=None.
DEBUG:root:Epoch: 84	Loss: 4.358838081359863	Top1 accuracy: 14.544270515441895
INFO:COMEBin	1.1.0:NN training: epoch=86/200, batches=1, loss=4.3433056, top1=15.1953, elapsed=0.993s, process_memory={'VmPeak': '2296740 kB', 'VmRSS': '610236 kB'}, gpu_memory=None.
DEBUG:root:Epoch: 85	Loss: 4.343305587768555	Top1 accuracy: 15.1953125
INFO:COMEBin	1.1.0:NN training: epoch=87/200, batches=1, loss=4.3981833, top1=14.4271, elapsed=1.020s, process_memory={'VmPeak': '2296740 kB', 'VmRSS': '610236 kB'}, gpu_memory=None.
DEBUG:root:Epoch: 86	Loss: 4.398183345794678	Top1 accuracy: 14.427083015441895
INFO:COMEBin	1.1.0:NN training: epoch=88/200, batches=1, loss=4.3190904, top1=16.0677, elapsed=0.971s, process_memory={'VmPeak': '2296740 kB', 'VmRSS': '619320 kB'}, gpu_memory=None.
DEBUG:root:Epoch: 87	Loss: 4.319090366363525	Top1 accuracy: 16.067707061767578
INFO:COMEBin	1.1.0:NN training: epoch=89/200, batches=1, loss=4.2773943, top1=16.4974, elapsed=1.039s, process_memory={'VmPeak': '2296740 kB', 'VmRSS': '610236 kB'}, gpu_memory=None.
DEBUG:root:Epoch: 88	Loss: 4.2773942947387695	Top1 accuracy: 16.497394561767578
INFO:COMEBin	1.1.0:NN training: epoch=90/200, batches=1, loss=4.2457504, top1=16.9922, elapsed=0.993s, process_memory={'VmPeak': '2296740 kB', 'VmRSS': '616380 kB'}, gpu_memory=None.
DEBUG:root:Epoch: 89	Loss: 4.245750427246094	Top1 accuracy: 16.9921875
INFO:COMEBin	1.1.0:NN training: epoch=91/200, batches=1, loss=4.2375941, top1=17.2656, elapsed=1.026s, process_memory={'VmPeak': '2296740 kB', 'VmRSS': '616380 kB'}, gpu_memory=None.
DEBUG:root:Epoch: 90	Loss: 4.237594127655029	Top1 accuracy: 17.265625
INFO:COMEBin	1.1.0:NN training: epoch=92/200, batches=1, loss=4.1677227, top1=18.0729, elapsed=1.020s, process_memory={'VmPeak': '2296740 kB', 'VmRSS': '616380 kB'}, gpu_memory=None.
DEBUG:root:Epoch: 91	Loss: 4.167722702026367	Top1 accuracy: 18.07291603088379
INFO:COMEBin	1.1.0:NN training: epoch=93/200, batches=1, loss=4.1346917, top1=17.8385, elapsed=1.014s, process_memory={'VmPeak': '2296740 kB', 'VmRSS': '616380 kB'}, gpu_memory=None.
DEBUG:root:Epoch: 92	Loss: 4.1346917152404785	Top1 accuracy: 17.83854103088379
INFO:COMEBin	1.1.0:NN training: epoch=94/200, batches=1, loss=4.1512122, top1=18.0078, elapsed=1.012s, process_memory={'VmPeak': '2296740 kB', 'VmRSS': '610236 kB'}, gpu_memory=None.
DEBUG:root:Epoch: 93	Loss: 4.151212215423584	Top1 accuracy: 18.0078125
INFO:COMEBin	1.1.0:NN training: epoch=95/200, batches=1, loss=4.1418371, top1=18.6198, elapsed=0.977s, process_memory={'VmPeak': '2296740 kB', 'VmRSS': '619324 kB'}, gpu_memory=None.
DEBUG:root:Epoch: 94	Loss: 4.141837120056152	Top1 accuracy: 18.61979103088379
INFO:COMEBin	1.1.0:NN training: epoch=96/200, batches=1, loss=4.0775919, top1=18.5286, elapsed=0.996s, process_memory={'VmPeak': '2296740 kB', 'VmRSS': '610240 kB'}, gpu_memory=None.
DEBUG:root:Epoch: 95	Loss: 4.077591896057129	Top1 accuracy: 18.528644561767578
INFO:COMEBin	1.1.0:NN training: epoch=97/200, batches=1, loss=4.0746717, top1=18.6458, elapsed=0.985s, process_memory={'VmPeak': '2296740 kB', 'VmRSS': '616388 kB'}, gpu_memory=None.
DEBUG:root:Epoch: 96	Loss: 4.074671745300293	Top1 accuracy: 18.645832061767578
INFO:COMEBin	1.1.0:NN training: epoch=98/200, batches=1, loss=4.0710931, top1=19.9349, elapsed=1.002s, process_memory={'VmPeak': '2296740 kB', 'VmRSS': '613316 kB'}, gpu_memory=None.
DEBUG:root:Epoch: 97	Loss: 4.0710930824279785	Top1 accuracy: 19.934894561767578
INFO:COMEBin	1.1.0:NN training: epoch=99/200, batches=1, loss=4.0222588, top1=19.6484, elapsed=0.997s, process_memory={'VmPeak': '2296740 kB', 'VmRSS': '610244 kB'}, gpu_memory=None.
DEBUG:root:Epoch: 98	Loss: 4.022258758544922	Top1 accuracy: 19.6484375
INFO:COMEBin	1.1.0:NN training: epoch=100/200, batches=1, loss=4.0287509, top1=19.0625, elapsed=0.992s, process_memory={'VmPeak': '2296740 kB', 'VmRSS': '610244 kB'}, gpu_memory=None.
DEBUG:root:Epoch: 99	Loss: 4.028750896453857	Top1 accuracy: 19.0625
INFO:COMEBin	1.1.0:NN training: epoch=101/200, batches=1, loss=4.0150061, top1=19.7266, elapsed=0.994s, process_memory={'VmPeak': '2296740 kB', 'VmRSS': '610244 kB'}, gpu_memory=None.
DEBUG:root:Epoch: 100	Loss: 4.015006065368652	Top1 accuracy: 19.7265625
INFO:COMEBin	1.1.0:NN training: epoch=102/200, batches=1, loss=3.9999366, top1=20.9766, elapsed=0.987s, process_memory={'VmPeak': '2296740 kB', 'VmRSS': '610244 kB'}, gpu_memory=None.
DEBUG:root:Epoch: 101	Loss: 3.999936580657959	Top1 accuracy: 20.9765625
INFO:COMEBin	1.1.0:NN training: epoch=103/200, batches=1, loss=3.9190779, top1=21.1979, elapsed=0.973s, process_memory={'VmPeak': '2296740 kB', 'VmRSS': '610248 kB'}, gpu_memory=None.
DEBUG:root:Epoch: 102	Loss: 3.9190778732299805	Top1 accuracy: 21.19791603088379
INFO:COMEBin	1.1.0:NN training: epoch=104/200, batches=1, loss=3.9537199, top1=22.7083, elapsed=0.997s, process_memory={'VmPeak': '2296740 kB', 'VmRSS': '613324 kB'}, gpu_memory=None.
DEBUG:root:Epoch: 103	Loss: 3.9537198543548584	Top1 accuracy: 22.708332061767578
INFO:COMEBin	1.1.0:NN training: epoch=105/200, batches=1, loss=3.8862417, top1=21.5234, elapsed=0.982s, process_memory={'VmPeak': '2296740 kB', 'VmRSS': '613196 kB'}, gpu_memory=None.
DEBUG:root:Epoch: 104	Loss: 3.8862416744232178	Top1 accuracy: 21.5234375
INFO:COMEBin	1.1.0:NN training: epoch=106/200, batches=1, loss=3.9336698, top1=22.0573, elapsed=0.993s, process_memory={'VmPeak': '2296740 kB', 'VmRSS': '610252 kB'}, gpu_memory=None.
DEBUG:root:Epoch: 105	Loss: 3.9336698055267334	Top1 accuracy: 22.05729103088379
INFO:COMEBin	1.1.0:NN training: epoch=107/200, batches=1, loss=3.9268873, top1=21.7188, elapsed=0.982s, process_memory={'VmPeak': '2296740 kB', 'VmRSS': '610252 kB'}, gpu_memory=None.
DEBUG:root:Epoch: 106	Loss: 3.926887273788452	Top1 accuracy: 21.71875
INFO:COMEBin	1.1.0:NN training: epoch=108/200, batches=1, loss=3.8093023, top1=24.6745, elapsed=1.002s, process_memory={'VmPeak': '2296740 kB', 'VmRSS': '610252 kB'}, gpu_memory=None.
DEBUG:root:Epoch: 107	Loss: 3.80930233001709	Top1 accuracy: 24.67447853088379
INFO:COMEBin	1.1.0:NN training: epoch=109/200, batches=1, loss=3.8246312, top1=23.3854, elapsed=0.968s, process_memory={'VmPeak': '2296740 kB', 'VmRSS': '610252 kB'}, gpu_memory=None.
DEBUG:root:Epoch: 108	Loss: 3.8246312141418457	Top1 accuracy: 23.38541603088379
INFO:COMEBin	1.1.0:NN training: epoch=110/200, batches=1, loss=3.7674241, top1=23.9714, elapsed=0.987s, process_memory={'VmPeak': '2296740 kB', 'VmRSS': '610252 kB'}, gpu_memory=None.
DEBUG:root:Epoch: 109	Loss: 3.7674241065979004	Top1 accuracy: 23.97135353088379
INFO:COMEBin	1.1.0:NN training: epoch=111/200, batches=1, loss=3.7983999, top1=23.2682, elapsed=0.977s, process_memory={'VmPeak': '2296740 kB', 'VmRSS': '619336 kB'}, gpu_memory=None.
DEBUG:root:Epoch: 110	Loss: 3.7983999252319336	Top1 accuracy: 23.26822853088379
INFO:COMEBin	1.1.0:NN training: epoch=112/200, batches=1, loss=3.8236394, top1=22.6953, elapsed=0.999s, process_memory={'VmPeak': '2296740 kB', 'VmRSS': '619468 kB'}, gpu_memory=None.
DEBUG:root:Epoch: 111	Loss: 3.823639392852783	Top1 accuracy: 22.6953125
INFO:COMEBin	1.1.0:NN training: epoch=113/200, batches=1, loss=3.7644889, top1=24.9609, elapsed=0.984s, process_memory={'VmPeak': '2296740 kB', 'VmRSS': '619468 kB'}, gpu_memory=None.
DEBUG:root:Epoch: 112	Loss: 3.764488935470581	Top1 accuracy: 24.9609375
INFO:COMEBin	1.1.0:NN training: epoch=114/200, batches=1, loss=3.7220144, top1=25.0000, elapsed=1.014s, process_memory={'VmPeak': '2296740 kB', 'VmRSS': '613196 kB'}, gpu_memory=None.
DEBUG:root:Epoch: 113	Loss: 3.7220144271850586	Top1 accuracy: 25.0
INFO:COMEBin	1.1.0:NN training: epoch=115/200, batches=1, loss=3.6618464, top1=26.0156, elapsed=1.062s, process_memory={'VmPeak': '2296740 kB', 'VmRSS': '610252 kB'}, gpu_memory=None.
DEBUG:root:Epoch: 114	Loss: 3.661846399307251	Top1 accuracy: 26.015625
INFO:COMEBin	1.1.0:NN training: epoch=116/200, batches=1, loss=3.6930273, top1=25.4036, elapsed=0.970s, process_memory={'VmPeak': '2296740 kB', 'VmRSS': '619336 kB'}, gpu_memory=None.
DEBUG:root:Epoch: 115	Loss: 3.6930272579193115	Top1 accuracy: 25.403644561767578
INFO:COMEBin	1.1.0:NN training: epoch=117/200, batches=1, loss=3.6677215, top1=26.2630, elapsed=1.016s, process_memory={'VmPeak': '2296740 kB', 'VmRSS': '613324 kB'}, gpu_memory=None.
DEBUG:root:Epoch: 116	Loss: 3.6677215099334717	Top1 accuracy: 26.263019561767578
INFO:COMEBin	1.1.0:NN training: epoch=118/200, batches=1, loss=3.6419327, top1=25.5729, elapsed=1.001s, process_memory={'VmPeak': '2296740 kB', 'VmRSS': '610252 kB'}, gpu_memory=None.
DEBUG:root:Epoch: 117	Loss: 3.641932725906372	Top1 accuracy: 25.57291603088379
INFO:COMEBin	1.1.0:NN training: epoch=119/200, batches=1, loss=3.6435068, top1=26.8229, elapsed=1.012s, process_memory={'VmPeak': '2296740 kB', 'VmRSS': '610252 kB'}, gpu_memory=None.
DEBUG:root:Epoch: 118	Loss: 3.6435067653656006	Top1 accuracy: 26.82291603088379
INFO:COMEBin	1.1.0:NN training: epoch=120/200, batches=1, loss=3.6132965, top1=27.4479, elapsed=0.989s, process_memory={'VmPeak': '2296740 kB', 'VmRSS': '619336 kB'}, gpu_memory=None.
DEBUG:root:Epoch: 119	Loss: 3.6132965087890625	Top1 accuracy: 27.44791603088379
INFO:COMEBin	1.1.0:NN training: epoch=121/200, batches=1, loss=3.5910754, top1=26.4714, elapsed=1.055s, process_memory={'VmPeak': '2296740 kB', 'VmRSS': '613324 kB'}, gpu_memory=None.
DEBUG:root:Epoch: 120	Loss: 3.5910754203796387	Top1 accuracy: 26.47135353088379
INFO:COMEBin	1.1.0:NN training: epoch=122/200, batches=1, loss=3.5965335, top1=27.5260, elapsed=1.072s, process_memory={'VmPeak': '2296740 kB', 'VmRSS': '616396 kB'}, gpu_memory=None.
DEBUG:root:Epoch: 121	Loss: 3.5965335369110107	Top1 accuracy: 27.52604103088379
INFO:COMEBin	1.1.0:NN training: epoch=123/200, batches=1, loss=3.5140615, top1=28.5938, elapsed=1.060s, process_memory={'VmPeak': '2296740 kB', 'VmRSS': '619468 kB'}, gpu_memory=None.
DEBUG:root:Epoch: 122	Loss: 3.514061450958252	Top1 accuracy: 28.59375
INFO:COMEBin	1.1.0:NN training: epoch=124/200, batches=1, loss=3.4934931, top1=30.0130, elapsed=1.077s, process_memory={'VmPeak': '2296740 kB', 'VmRSS': '625480 kB'}, gpu_memory=None.
DEBUG:root:Epoch: 123	Loss: 3.49349308013916	Top1 accuracy: 30.013019561767578
INFO:COMEBin	1.1.0:NN training: epoch=125/200, batches=1, loss=3.523555, top1=29.7005, elapsed=1.075s, process_memory={'VmPeak': '2296740 kB', 'VmRSS': '616396 kB'}, gpu_memory=None.
DEBUG:root:Epoch: 124	Loss: 3.523555040359497	Top1 accuracy: 29.700519561767578
INFO:COMEBin	1.1.0:NN training: epoch=126/200, batches=1, loss=3.4447978, top1=29.2448, elapsed=1.032s, process_memory={'VmPeak': '2296740 kB', 'VmRSS': '610252 kB'}, gpu_memory=None.
DEBUG:root:Epoch: 125	Loss: 3.4447977542877197	Top1 accuracy: 29.24479103088379
INFO:COMEBin	1.1.0:NN training: epoch=127/200, batches=1, loss=3.4384141, top1=29.4271, elapsed=1.023s, process_memory={'VmPeak': '2296740 kB', 'VmRSS': '613328 kB'}, gpu_memory=None.
DEBUG:root:Epoch: 126	Loss: 3.4384140968322754	Top1 accuracy: 29.427082061767578
INFO:COMEBin	1.1.0:NN training: epoch=128/200, batches=1, loss=3.4560614, top1=30.2604, elapsed=1.073s, process_memory={'VmPeak': '2296740 kB', 'VmRSS': '610256 kB'}, gpu_memory=None.
DEBUG:root:Epoch: 127	Loss: 3.456061363220215	Top1 accuracy: 30.26041603088379
INFO:COMEBin	1.1.0:NN training: epoch=129/200, batches=1, loss=3.420682, top1=28.2682, elapsed=1.001s, process_memory={'VmPeak': '2296740 kB', 'VmRSS': '613328 kB'}, gpu_memory=None.
DEBUG:root:Epoch: 128	Loss: 3.420681953430176	Top1 accuracy: 28.26822853088379
INFO:COMEBin	1.1.0:NN training: epoch=130/200, batches=1, loss=3.4648623, top1=29.7135, elapsed=1.032s, process_memory={'VmPeak': '2296740 kB', 'VmRSS': '610256 kB'}, gpu_memory=None.
DEBUG:root:Epoch: 129	Loss: 3.46486234664917	Top1 accuracy: 29.71354103088379
INFO:COMEBin	1.1.0:NN training: epoch=131/200, batches=1, loss=3.3604634, top1=31.1979, elapsed=1.011s, process_memory={'VmPeak': '2296740 kB', 'VmRSS': '613328 kB'}, gpu_memory=None.
DEBUG:root:Epoch: 130	Loss: 3.3604633808135986	Top1 accuracy: 31.19791603088379
INFO:COMEBin	1.1.0:NN training: epoch=132/200, batches=1, loss=3.3560278, top1=31.0026, elapsed=1.042s, process_memory={'VmPeak': '2296740 kB', 'VmRSS': '610256 kB'}, gpu_memory=None.
DEBUG:root:Epoch: 131	Loss: 3.356027841567993	Top1 accuracy: 31.00260353088379
INFO:COMEBin	1.1.0:NN training: epoch=133/200, batches=1, loss=3.2795691, top1=32.6823, elapsed=1.014s, process_memory={'VmPeak': '2296740 kB', 'VmRSS': '613328 kB'}, gpu_memory=None.
DEBUG:root:Epoch: 132	Loss: 3.279569149017334	Top1 accuracy: 32.682289123535156
INFO:COMEBin	1.1.0:NN training: epoch=134/200, batches=1, loss=3.2291329, top1=34.5052, elapsed=1.004s, process_memory={'VmPeak': '2296740 kB', 'VmRSS': '619472 kB'}, gpu_memory=None.
DEBUG:root:Epoch: 133	Loss: 3.229132890701294	Top1 accuracy: 34.50520706176758
INFO:COMEBin	1.1.0:NN training: epoch=135/200, batches=1, loss=3.3460505, top1=31.4974, elapsed=1.026s, process_memory={'VmPeak': '2296740 kB', 'VmRSS': '619472 kB'}, gpu_memory=None.
DEBUG:root:Epoch: 134	Loss: 3.346050500869751	Top1 accuracy: 31.497394561767578
INFO:COMEBin	1.1.0:NN training: epoch=136/200, batches=1, loss=3.2719345, top1=32.5521, elapsed=1.060s, process_memory={'VmPeak': '2296740 kB', 'VmRSS': '616400 kB'}, gpu_memory=None.
DEBUG:root:Epoch: 135	Loss: 3.2719345092773438	Top1 accuracy: 32.55208206176758
INFO:COMEBin	1.1.0:NN training: epoch=137/200, batches=1, loss=3.2511861, top1=34.5703, elapsed=0.993s, process_memory={'VmPeak': '2296740 kB', 'VmRSS': '619340 kB'}, gpu_memory=None.
DEBUG:root:Epoch: 136	Loss: 3.2511861324310303	Top1 accuracy: 34.5703125
INFO:COMEBin	1.1.0:NN training: epoch=138/200, batches=1, loss=3.2473292, top1=32.8385, elapsed=1.023s, process_memory={'VmPeak': '2296740 kB', 'VmRSS': '610256 kB'}, gpu_memory=None.
DEBUG:root:Epoch: 137	Loss: 3.2473292350769043	Top1 accuracy: 32.838539123535156
INFO:COMEBin	1.1.0:NN training: epoch=139/200, batches=1, loss=3.2195866, top1=33.5938, elapsed=1.003s, process_memory={'VmPeak': '2296740 kB', 'VmRSS': '610256 kB'}, gpu_memory=None.
DEBUG:root:Epoch: 138	Loss: 3.2195866107940674	Top1 accuracy: 33.59375
INFO:COMEBin	1.1.0:NN training: epoch=140/200, batches=1, loss=3.1490521, top1=34.6484, elapsed=0.993s, process_memory={'VmPeak': '2296740 kB', 'VmRSS': '613328 kB'}, gpu_memory=None.
DEBUG:root:Epoch: 139	Loss: 3.149052143096924	Top1 accuracy: 34.6484375
INFO:COMEBin	1.1.0:NN training: epoch=141/200, batches=1, loss=3.2306404, top1=34.4792, elapsed=1.023s, process_memory={'VmPeak': '2296740 kB', 'VmRSS': '613328 kB'}, gpu_memory=None.
DEBUG:root:Epoch: 140	Loss: 3.230640411376953	Top1 accuracy: 34.479164123535156
INFO:COMEBin	1.1.0:NN training: epoch=142/200, batches=1, loss=3.1150203, top1=36.3151, elapsed=1.033s, process_memory={'VmPeak': '2296740 kB', 'VmRSS': '610256 kB'}, gpu_memory=None.
DEBUG:root:Epoch: 141	Loss: 3.115020275115967	Top1 accuracy: 36.315101623535156
INFO:COMEBin	1.1.0:NN training: epoch=143/200, batches=1, loss=3.1308198, top1=36.2109, elapsed=1.054s, process_memory={'VmPeak': '2296740 kB', 'VmRSS': '610256 kB'}, gpu_memory=None.
DEBUG:root:Epoch: 142	Loss: 3.130819797515869	Top1 accuracy: 36.2109375
INFO:COMEBin	1.1.0:NN training: epoch=144/200, batches=1, loss=3.09078, top1=36.8229, elapsed=1.063s, process_memory={'VmPeak': '2296740 kB', 'VmRSS': '613200 kB'}, gpu_memory=None.
DEBUG:root:Epoch: 143	Loss: 3.090780019760132	Top1 accuracy: 36.822914123535156
INFO:COMEBin	1.1.0:NN training: epoch=145/200, batches=1, loss=3.0413177, top1=37.5521, elapsed=1.038s, process_memory={'VmPeak': '2296740 kB', 'VmRSS': '619340 kB'}, gpu_memory=None.
DEBUG:root:Epoch: 144	Loss: 3.0413177013397217	Top1 accuracy: 37.55208206176758
INFO:COMEBin	1.1.0:NN training: epoch=146/200, batches=1, loss=3.1081488, top1=36.6276, elapsed=1.037s, process_memory={'VmPeak': '2296740 kB', 'VmRSS': '622544 kB'}, gpu_memory=None.
DEBUG:root:Epoch: 145	Loss: 3.1081488132476807	Top1 accuracy: 36.627601623535156
INFO:COMEBin	1.1.0:NN training: epoch=147/200, batches=1, loss=3.0438159, top1=37.5781, elapsed=1.067s, process_memory={'VmPeak': '2296740 kB', 'VmRSS': '613200 kB'}, gpu_memory=None.
DEBUG:root:Epoch: 146	Loss: 3.043815851211548	Top1 accuracy: 37.578125
INFO:COMEBin	1.1.0:NN training: epoch=148/200, batches=1, loss=2.9119754, top1=40.9375, elapsed=0.982s, process_memory={'VmPeak': '2296740 kB', 'VmRSS': '619476 kB'}, gpu_memory=None.
DEBUG:root:Epoch: 147	Loss: 2.911975383758545	Top1 accuracy: 40.9375
INFO:COMEBin	1.1.0:NN training: epoch=149/200, batches=1, loss=3.0209198, top1=37.7734, elapsed=1.008s, process_memory={'VmPeak': '2296740 kB', 'VmRSS': '619476 kB'}, gpu_memory=None.
DEBUG:root:Epoch: 148	Loss: 3.0209197998046875	Top1 accuracy: 37.7734375
INFO:COMEBin	1.1.0:NN training: epoch=150/200, batches=1, loss=3.0526612, top1=37.8776, elapsed=1.068s, process_memory={'VmPeak': '2296740 kB', 'VmRSS': '619476 kB'}, gpu_memory=None.
DEBUG:root:Epoch: 149	Loss: 3.052661180496216	Top1 accuracy: 37.877601623535156
INFO:COMEBin	1.1.0:NN training: epoch=151/200, batches=1, loss=2.9496601, top1=40.1172, elapsed=1.057s, process_memory={'VmPeak': '2296740 kB', 'VmRSS': '619476 kB'}, gpu_memory=None.
DEBUG:root:Epoch: 150	Loss: 2.949660062789917	Top1 accuracy: 40.1171875
INFO:COMEBin	1.1.0:NN training: epoch=152/200, batches=1, loss=2.9182277, top1=38.0859, elapsed=1.034s, process_memory={'VmPeak': '2296740 kB', 'VmRSS': '610260 kB'}, gpu_memory=None.
DEBUG:root:Epoch: 151	Loss: 2.9182276725769043	Top1 accuracy: 38.0859375
INFO:COMEBin	1.1.0:NN training: epoch=153/200, batches=1, loss=2.933671, top1=39.7917, elapsed=1.000s, process_memory={'VmPeak': '2296740 kB', 'VmRSS': '619476 kB'}, gpu_memory=None.
DEBUG:root:Epoch: 152	Loss: 2.933670997619629	Top1 accuracy: 39.791664123535156
INFO:COMEBin	1.1.0:NN training: epoch=154/200, batches=1, loss=2.9084275, top1=39.6745, elapsed=1.052s, process_memory={'VmPeak': '2296740 kB', 'VmRSS': '610260 kB'}, gpu_memory=None.
DEBUG:root:Epoch: 153	Loss: 2.9084274768829346	Top1 accuracy: 39.674476623535156
INFO:COMEBin	1.1.0:NN training: epoch=155/200, batches=1, loss=2.9049551, top1=40.3516, elapsed=1.001s, process_memory={'VmPeak': '2296740 kB', 'VmRSS': '622548 kB'}, gpu_memory=None.
DEBUG:root:Epoch: 154	Loss: 2.9049551486968994	Top1 accuracy: 40.3515625
INFO:COMEBin	1.1.0:NN training: epoch=156/200, batches=1, loss=2.8688252, top1=38.5807, elapsed=1.055s, process_memory={'VmPeak': '2296740 kB', 'VmRSS': '622548 kB'}, gpu_memory=None.
DEBUG:root:Epoch: 155	Loss: 2.8688251972198486	Top1 accuracy: 38.580726623535156
INFO:COMEBin	1.1.0:NN training: epoch=157/200, batches=1, loss=2.8464508, top1=39.7005, elapsed=1.066s, process_memory={'VmPeak': '2296740 kB', 'VmRSS': '616404 kB'}, gpu_memory=None.
DEBUG:root:Epoch: 156	Loss: 2.8464508056640625	Top1 accuracy: 39.70051956176758
INFO:COMEBin	1.1.0:NN training: epoch=158/200, batches=1, loss=2.8156009, top1=42.9427, elapsed=1.038s, process_memory={'VmPeak': '2296740 kB', 'VmRSS': '610264 kB'}, gpu_memory=None.
DEBUG:root:Epoch: 157	Loss: 2.815600872039795	Top1 accuracy: 42.94270706176758
INFO:COMEBin	1.1.0:NN training: epoch=159/200, batches=1, loss=2.8101044, top1=40.3385, elapsed=1.016s, process_memory={'VmPeak': '2296740 kB', 'VmRSS': '610264 kB'}, gpu_memory=None.
DEBUG:root:Epoch: 158	Loss: 2.8101043701171875	Top1 accuracy: 40.338539123535156
INFO:COMEBin	1.1.0:NN training: epoch=160/200, batches=1, loss=2.8686633, top1=40.3385, elapsed=1.014s, process_memory={'VmPeak': '2296740 kB', 'VmRSS': '616408 kB'}, gpu_memory=None.
DEBUG:root:Epoch: 159	Loss: 2.8686633110046387	Top1 accuracy: 40.338539123535156
INFO:COMEBin	1.1.0:NN training: epoch=161/200, batches=1, loss=2.7904704, top1=40.9245, elapsed=1.039s, process_memory={'VmPeak': '2296740 kB', 'VmRSS': '610264 kB'}, gpu_memory=None.
DEBUG:root:Epoch: 160	Loss: 2.7904703617095947	Top1 accuracy: 40.924476623535156
INFO:COMEBin	1.1.0:NN training: epoch=162/200, batches=1, loss=2.7813005, top1=42.7995, elapsed=0.979s, process_memory={'VmPeak': '2296740 kB', 'VmRSS': '619348 kB'}, gpu_memory=None.
DEBUG:root:Epoch: 161	Loss: 2.7813005447387695	Top1 accuracy: 42.799476623535156
INFO:COMEBin	1.1.0:NN training: epoch=163/200, batches=1, loss=2.8210008, top1=41.8229, elapsed=1.047s, process_memory={'VmPeak': '2296740 kB', 'VmRSS': '616280 kB'}, gpu_memory=None.
DEBUG:root:Epoch: 162	Loss: 2.821000814437866	Top1 accuracy: 41.822914123535156
INFO:COMEBin	1.1.0:NN training: epoch=164/200, batches=1, loss=2.823168, top1=42.0964, elapsed=1.024s, process_memory={'VmPeak': '2296740 kB', 'VmRSS': '610264 kB'}, gpu_memory=None.
DEBUG:root:Epoch: 163	Loss: 2.8231680393218994	Top1 accuracy: 42.096351623535156
INFO:COMEBin	1.1.0:NN training: epoch=165/200, batches=1, loss=2.6694379, top1=43.8151, elapsed=1.021s, process_memory={'VmPeak': '2296740 kB', 'VmRSS': '610264 kB'}, gpu_memory=None.
DEBUG:root:Epoch: 164	Loss: 2.669437885284424	Top1 accuracy: 43.815101623535156
INFO:COMEBin	1.1.0:NN training: epoch=166/200, batches=1, loss=2.7349422, top1=42.7344, elapsed=1.001s, process_memory={'VmPeak': '2296740 kB', 'VmRSS': '616408 kB'}, gpu_memory=None.
DEBUG:root:Epoch: 165	Loss: 2.7349421977996826	Top1 accuracy: 42.734375
INFO:COMEBin	1.1.0:NN training: epoch=167/200, batches=1, loss=2.7208297, top1=43.5026, elapsed=1.026s, process_memory={'VmPeak': '2296740 kB', 'VmRSS': '610264 kB'}, gpu_memory=None.
DEBUG:root:Epoch: 166	Loss: 2.720829725265503	Top1 accuracy: 43.502601623535156
INFO:COMEBin	1.1.0:NN training: epoch=168/200, batches=1, loss=2.692719, top1=43.8151, elapsed=1.003s, process_memory={'VmPeak': '2296740 kB', 'VmRSS': '610264 kB'}, gpu_memory=None.
DEBUG:root:Epoch: 167	Loss: 2.692718982696533	Top1 accuracy: 43.815101623535156
INFO:COMEBin	1.1.0:NN training: epoch=169/200, batches=1, loss=2.6269875, top1=45.2604, elapsed=1.012s, process_memory={'VmPeak': '2296740 kB', 'VmRSS': '613336 kB'}, gpu_memory=None.
DEBUG:root:Epoch: 168	Loss: 2.6269874572753906	Top1 accuracy: 45.260414123535156
INFO:COMEBin	1.1.0:NN training: epoch=170/200, batches=1, loss=2.6525803, top1=44.4141, elapsed=1.034s, process_memory={'VmPeak': '2296740 kB', 'VmRSS': '610264 kB'}, gpu_memory=None.
DEBUG:root:Epoch: 169	Loss: 2.6525802612304688	Top1 accuracy: 44.4140625
INFO:COMEBin	1.1.0:NN training: epoch=171/200, batches=1, loss=2.6631472, top1=44.5182, elapsed=1.004s, process_memory={'VmPeak': '2296740 kB', 'VmRSS': '613336 kB'}, gpu_memory=None.
DEBUG:root:Epoch: 170	Loss: 2.663147211074829	Top1 accuracy: 44.518226623535156
INFO:COMEBin	1.1.0:NN training: epoch=172/200, batches=1, loss=2.7085187, top1=45.2344, elapsed=1.031s, process_memory={'VmPeak': '2296740 kB', 'VmRSS': '619348 kB'}, gpu_memory=None.
DEBUG:root:Epoch: 171	Loss: 2.7085187435150146	Top1 accuracy: 45.234375
INFO:COMEBin	1.1.0:NN training: epoch=173/200, batches=1, loss=2.6804965, top1=43.9193, elapsed=1.007s, process_memory={'VmPeak': '2296740 kB', 'VmRSS': '610264 kB'}, gpu_memory=None.
DEBUG:root:Epoch: 172	Loss: 2.6804964542388916	Top1 accuracy: 43.91926956176758
INFO:COMEBin	1.1.0:NN training: epoch=174/200, batches=1, loss=2.6867023, top1=44.1797, elapsed=1.027s, process_memory={'VmPeak': '2296740 kB', 'VmRSS': '610264 kB'}, gpu_memory=None.
DEBUG:root:Epoch: 173	Loss: 2.686702251434326	Top1 accuracy: 44.1796875
INFO:COMEBin	1.1.0:NN training: epoch=175/200, batches=1, loss=2.6063342, top1=45.0911, elapsed=1.032s, process_memory={'VmPeak': '2296740 kB', 'VmRSS': '613336 kB'}, gpu_memory=None.
DEBUG:root:Epoch: 174	Loss: 2.6063342094421387	Top1 accuracy: 45.09114456176758
INFO:COMEBin	1.1.0:NN training: epoch=176/200, batches=1, loss=2.5807376, top1=44.3359, elapsed=1.018s, process_memory={'VmPeak': '2296740 kB', 'VmRSS': '619348 kB'}, gpu_memory=None.
DEBUG:root:Epoch: 175	Loss: 2.580737590789795	Top1 accuracy: 44.3359375
INFO:COMEBin	1.1.0:NN training: epoch=177/200, batches=1, loss=2.5936902, top1=46.8490, elapsed=1.067s, process_memory={'VmPeak': '2296740 kB', 'VmRSS': '619348 kB'}, gpu_memory=None.
DEBUG:root:Epoch: 176	Loss: 2.5936901569366455	Top1 accuracy: 46.84895706176758
INFO:COMEBin	1.1.0:NN training: epoch=178/200, batches=1, loss=2.6134031, top1=45.2083, elapsed=1.040s, process_memory={'VmPeak': '2296740 kB', 'VmRSS': '619348 kB'}, gpu_memory=None.
DEBUG:root:Epoch: 177	Loss: 2.613403081893921	Top1 accuracy: 45.20833206176758
INFO:COMEBin	1.1.0:NN training: epoch=179/200, batches=1, loss=2.5210474, top1=46.9401, elapsed=1.065s, process_memory={'VmPeak': '2296740 kB', 'VmRSS': '619480 kB'}, gpu_memory=None.
DEBUG:root:Epoch: 178	Loss: 2.521047353744507	Top1 accuracy: 46.940101623535156
INFO:COMEBin	1.1.0:NN training: epoch=180/200, batches=1, loss=2.6220727, top1=45.2344, elapsed=1.075s, process_memory={'VmPeak': '2296740 kB', 'VmRSS': '610264 kB'}, gpu_memory=None.
DEBUG:root:Epoch: 179	Loss: 2.622072696685791	Top1 accuracy: 45.234375
INFO:COMEBin	1.1.0:NN training: epoch=181/200, batches=1, loss=2.6987593, top1=42.5911, elapsed=0.974s, process_memory={'VmPeak': '2296740 kB', 'VmRSS': '619480 kB'}, gpu_memory=None.
DEBUG:root:Epoch: 180	Loss: 2.6987593173980713	Top1 accuracy: 42.59114456176758
INFO:COMEBin	1.1.0:NN training: epoch=182/200, batches=1, loss=2.5993338, top1=46.0677, elapsed=1.015s, process_memory={'VmPeak': '2296740 kB', 'VmRSS': '619480 kB'}, gpu_memory=None.
DEBUG:root:Epoch: 181	Loss: 2.5993337631225586	Top1 accuracy: 46.06770706176758
INFO:COMEBin	1.1.0:NN training: epoch=183/200, batches=1, loss=2.6082666, top1=44.5182, elapsed=1.048s, process_memory={'VmPeak': '2296740 kB', 'VmRSS': '616408 kB'}, gpu_memory=None.
DEBUG:root:Epoch: 182	Loss: 2.608266592025757	Top1 accuracy: 44.518226623535156
INFO:COMEBin	1.1.0:NN training: epoch=184/200, batches=1, loss=2.6141634, top1=45.3255, elapsed=1.024s, process_memory={'VmPeak': '2296740 kB', 'VmRSS': '619348 kB'}, gpu_memory=None.
DEBUG:root:Epoch: 183	Loss: 2.614163398742676	Top1 accuracy: 45.32551956176758
INFO:COMEBin	1.1.0:NN training: epoch=185/200, batches=1, loss=2.5667458, top1=45.8984, elapsed=1.029s, process_memory={'VmPeak': '2302884 kB', 'VmRSS': '610264 kB'}, gpu_memory=None.
DEBUG:root:Epoch: 184	Loss: 2.5667457580566406	Top1 accuracy: 45.8984375
INFO:COMEBin	1.1.0:NN training: epoch=186/200, batches=1, loss=2.4964569, top1=47.2135, elapsed=1.016s, process_memory={'VmPeak': '2302884 kB', 'VmRSS': '619348 kB'}, gpu_memory=None.
DEBUG:root:Epoch: 185	Loss: 2.4964568614959717	Top1 accuracy: 47.213539123535156
INFO:COMEBin	1.1.0:NN training: epoch=187/200, batches=1, loss=2.5334234, top1=48.3464, elapsed=1.036s, process_memory={'VmPeak': '2302884 kB', 'VmRSS': '613340 kB'}, gpu_memory=None.
DEBUG:root:Epoch: 186	Loss: 2.53342342376709	Top1 accuracy: 48.346351623535156
INFO:COMEBin	1.1.0:NN training: epoch=188/200, batches=1, loss=2.594877, top1=45.0651, elapsed=1.029s, process_memory={'VmPeak': '2302884 kB', 'VmRSS': '610268 kB'}, gpu_memory=None.
DEBUG:root:Epoch: 187	Loss: 2.594877004623413	Top1 accuracy: 45.065101623535156
INFO:COMEBin	1.1.0:NN training: epoch=189/200, batches=1, loss=2.5171919, top1=47.1745, elapsed=1.041s, process_memory={'VmPeak': '2302884 kB', 'VmRSS': '610268 kB'}, gpu_memory=None.
DEBUG:root:Epoch: 188	Loss: 2.5171918869018555	Top1 accuracy: 47.174476623535156
INFO:COMEBin	1.1.0:NN training: epoch=190/200, batches=1, loss=2.5028126, top1=46.9792, elapsed=0.994s, process_memory={'VmPeak': '2302884 kB', 'VmRSS': '619352 kB'}, gpu_memory=None.
DEBUG:root:Epoch: 189	Loss: 2.502812623977661	Top1 accuracy: 46.979164123535156
INFO:COMEBin	1.1.0:NN training: epoch=191/200, batches=1, loss=2.5392005, top1=46.8490, elapsed=1.024s, process_memory={'VmPeak': '2302884 kB', 'VmRSS': '610268 kB'}, gpu_memory=None.
DEBUG:root:Epoch: 190	Loss: 2.5392005443573	Top1 accuracy: 46.84895706176758
INFO:COMEBin	1.1.0:NN training: epoch=192/200, batches=1, loss=2.4781311, top1=48.1901, elapsed=1.009s, process_memory={'VmPeak': '2302884 kB', 'VmRSS': '613344 kB'}, gpu_memory=None.
DEBUG:root:Epoch: 191	Loss: 2.478131055831909	Top1 accuracy: 48.190101623535156
INFO:COMEBin	1.1.0:NN training: epoch=193/200, batches=1, loss=2.5332992, top1=47.2005, elapsed=1.019s, process_memory={'VmPeak': '2302884 kB', 'VmRSS': '613344 kB'}, gpu_memory=None.
DEBUG:root:Epoch: 192	Loss: 2.533299207687378	Top1 accuracy: 47.20051956176758
INFO:COMEBin	1.1.0:NN training: epoch=194/200, batches=1, loss=2.5370555, top1=47.1484, elapsed=1.022s, process_memory={'VmPeak': '2302884 kB', 'VmRSS': '610272 kB'}, gpu_memory=None.
DEBUG:root:Epoch: 193	Loss: 2.537055492401123	Top1 accuracy: 47.1484375
INFO:COMEBin	1.1.0:NN training: epoch=195/200, batches=1, loss=2.6046557, top1=46.7839, elapsed=0.955s, process_memory={'VmPeak': '2302884 kB', 'VmRSS': '619488 kB'}, gpu_memory=None.
DEBUG:root:Epoch: 194	Loss: 2.6046557426452637	Top1 accuracy: 46.783851623535156
INFO:COMEBin	1.1.0:NN training: epoch=196/200, batches=1, loss=2.5392778, top1=46.9271, elapsed=1.014s, process_memory={'VmPeak': '2302884 kB', 'VmRSS': '610272 kB'}, gpu_memory=None.
DEBUG:root:Epoch: 195	Loss: 2.5392777919769287	Top1 accuracy: 46.92708206176758
INFO:COMEBin	1.1.0:NN training: epoch=197/200, batches=1, loss=2.5548673, top1=46.3411, elapsed=1.015s, process_memory={'VmPeak': '2302884 kB', 'VmRSS': '610272 kB'}, gpu_memory=None.
DEBUG:root:Epoch: 196	Loss: 2.5548672676086426	Top1 accuracy: 46.34114456176758
INFO:COMEBin	1.1.0:NN training: epoch=198/200, batches=1, loss=2.5514424, top1=46.2109, elapsed=0.997s, process_memory={'VmPeak': '2302884 kB', 'VmRSS': '613344 kB'}, gpu_memory=None.
DEBUG:root:Epoch: 197	Loss: 2.5514423847198486	Top1 accuracy: 46.2109375
INFO:COMEBin	1.1.0:NN training: epoch=199/200, batches=1, loss=2.4985378, top1=47.6172, elapsed=1.045s, process_memory={'VmPeak': '2302884 kB', 'VmRSS': '610272 kB'}, gpu_memory=None.
DEBUG:root:Epoch: 198	Loss: 2.49853777885437	Top1 accuracy: 47.6171875
INFO:COMEBin	1.1.0:NN training: epoch=200/200, batches=1, loss=2.6121292, top1=44.8568, elapsed=0.977s, process_memory={'VmPeak': '2302884 kB', 'VmRSS': '619488 kB'}, gpu_memory=None.
DEBUG:root:Epoch: 199	Loss: 2.6121292114257812	Top1 accuracy: 44.85676956176758
INFO:root:Training has finished.
INFO:root:Model checkpoint and metadata has been saved at /vol/data/benchmark/runs/small_v11_issue28_regression/comebin_out/comebin_res.
INFO:COMEBin	1.1.0:Final inference: start one traversal; contigs=300, batch_size=1024, embedding_dimensions=128, coverage_dimensions=128.
INFO:COMEBin	1.1.0:Final inference: first batch published to temporary targets; rows=300, process_memory={'VmPeak': '2302884 kB', 'VmRSS': '620040 kB'}, gpu_memory=None.
INFO:COMEBin	1.1.0:Final inference: published complete binary embedding bundle; contigs=300.
INFO:COMEBin	1.1.0:Finish training.
