INFO:COMEBin	1.1.0:NN setup finished; loss function and training state are ready.
INFO:root:Start SimCLR training for 200 epochs.
INFO:COMEBin	1.1.0:NN training preflight: mode=combined-model, epochs=200, samples=3000, batches_per_epoch=5, batch_size=512, device=cpu, fp16=False, process_memory={'VmPeak': '1666504 kB', 'VmRSS': '496960 kB'}, gpu_memory=None.
INFO:COMEBin	1.1.0:NN training: enter combined-model loop and request the first DataLoader batch.
INFO:root:kmer_len:	136

INFO:COMEBin	1.1.0:NN training: first combined-model batch received; view_shapes=[(512, 138), (512, 138), (512, 138), (512, 138), (512, 138), (512, 138)].
INFO:COMEBin	1.1.0:NN training: first combined-model batch moved to cpu; shape=(3072, 138).
INFO:COMEBin	1.1.0:NN training: first combined-model forward pass finished; loss=7.8501296043396.
INFO:COMEBin	1.1.0:NN training: first combined-model backward pass and optimizer step finished.
INFO:COMEBin	1.1.0:NN training: epoch=1/200, batches=5, loss=6.8213673, top1=0.7357, elapsed=9.282s, process_memory={'VmPeak': '3792272 kB', 'VmRSS': '1684704 kB'}, gpu_memory=None.
DEBUG:root:Epoch: 0	Loss: 6.821367263793945	Top1 accuracy: 0.7356770634651184
INFO:COMEBin	1.1.0:NN training: epoch=2/200, batches=5, loss=6.3488474, top1=1.5169, elapsed=10.262s, process_memory={'VmPeak': '3856152 kB', 'VmRSS': '1521088 kB'}, gpu_memory=None.
DEBUG:root:Epoch: 1	Loss: 6.348847389221191	Top1 accuracy: 1.5169270038604736
INFO:COMEBin	1.1.0:NN training: epoch=3/200, batches=5, loss=6.1097713, top1=2.2721, elapsed=10.214s, process_memory={'VmPeak': '3856152 kB', 'VmRSS': '1660408 kB'}, gpu_memory=None.
DEBUG:root:Epoch: 2	Loss: 6.109771251678467	Top1 accuracy: 2.2721352577209473
INFO:COMEBin	1.1.0:NN training: epoch=4/200, batches=5, loss=6.014708, top1=2.7018, elapsed=10.209s, process_memory={'VmPeak': '3870880 kB', 'VmRSS': '1766776 kB'}, gpu_memory=None.
DEBUG:root:Epoch: 3	Loss: 6.014708042144775	Top1 accuracy: 2.7018227577209473
INFO:COMEBin	1.1.0:NN training: epoch=5/200, batches=5, loss=5.8697491, top1=3.7891, elapsed=10.408s, process_memory={'VmPeak': '3874192 kB', 'VmRSS': '1682092 kB'}, gpu_memory=None.
DEBUG:root:Epoch: 4	Loss: 5.869749069213867	Top1 accuracy: 3.7890625
INFO:COMEBin	1.1.0:NN training: epoch=6/200, batches=5, loss=5.7549243, top1=3.9518, elapsed=10.741s, process_memory={'VmPeak': '3874192 kB', 'VmRSS': '1750436 kB'}, gpu_memory=None.
DEBUG:root:Epoch: 5	Loss: 5.754924297332764	Top1 accuracy: 3.9518227577209473
INFO:COMEBin	1.1.0:NN training: epoch=7/200, batches=5, loss=5.7627883, top1=4.6354, elapsed=10.303s, process_memory={'VmPeak': '3874192 kB', 'VmRSS': '1693096 kB'}, gpu_memory=None.
DEBUG:root:Epoch: 6	Loss: 5.76278829574585	Top1 accuracy: 4.635416507720947
INFO:COMEBin	1.1.0:NN training: epoch=8/200, batches=5, loss=5.582159, top1=6.1849, elapsed=10.369s, process_memory={'VmPeak': '3874192 kB', 'VmRSS': '1652268 kB'}, gpu_memory=None.
DEBUG:root:Epoch: 7	Loss: 5.582159042358398	Top1 accuracy: 6.1848955154418945
INFO:COMEBin	1.1.0:NN training: epoch=9/200, batches=5, loss=5.5427155, top1=5.7487, elapsed=10.149s, process_memory={'VmPeak': '3888920 kB', 'VmRSS': '1619376 kB'}, gpu_memory=None.
DEBUG:root:Epoch: 8	Loss: 5.542715549468994	Top1 accuracy: 5.748697757720947
INFO:COMEBin	1.1.0:NN training: epoch=10/200, batches=5, loss=5.4971375, top1=7.2331, elapsed=10.217s, process_memory={'VmPeak': '3888920 kB', 'VmRSS': '1636908 kB'}, gpu_memory=None.
DEBUG:root:Epoch: 9	Loss: 5.497137546539307	Top1 accuracy: 7.233072757720947
INFO:COMEBin	1.1.0:NN training: epoch=11/200, batches=5, loss=5.3338809, top1=9.6094, elapsed=10.658s, process_memory={'VmPeak': '3888920 kB', 'VmRSS': '1595948 kB'}, gpu_memory=None.
DEBUG:root:Epoch: 10	Loss: 5.33388090133667	Top1 accuracy: 9.609375
INFO:COMEBin	1.1.0:NN training: epoch=12/200, batches=5, loss=5.3113928, top1=9.7070, elapsed=10.279s, process_memory={'VmPeak': '3888920 kB', 'VmRSS': '1620592 kB'}, gpu_memory=None.
DEBUG:root:Epoch: 11	Loss: 5.311392784118652	Top1 accuracy: 9.70703125
INFO:COMEBin	1.1.0:NN training: epoch=13/200, batches=5, loss=5.1956158, top1=11.6862, elapsed=10.280s, process_memory={'VmPeak': '3888920 kB', 'VmRSS': '1627764 kB'}, gpu_memory=None.
DEBUG:root:Epoch: 12	Loss: 5.195615768432617	Top1 accuracy: 11.686197280883789
INFO:COMEBin	1.1.0:NN training: epoch=14/200, batches=5, loss=5.178762, top1=13.6328, elapsed=10.235s, process_memory={'VmPeak': '3929880 kB', 'VmRSS': '1684980 kB'}, gpu_memory=None.
DEBUG:root:Epoch: 13	Loss: 5.178761959075928	Top1 accuracy: 13.6328125
INFO:COMEBin	1.1.0:NN training: epoch=15/200, batches=5, loss=5.1237035, top1=15.1562, elapsed=10.340s, process_memory={'VmPeak': '3929880 kB', 'VmRSS': '1644148 kB'}, gpu_memory=None.
DEBUG:root:Epoch: 14	Loss: 5.123703479766846	Top1 accuracy: 15.15625
INFO:COMEBin	1.1.0:NN training: epoch=16/200, batches=5, loss=5.0784116, top1=16.5951, elapsed=10.212s, process_memory={'VmPeak': '3929880 kB', 'VmRSS': '1514100 kB'}, gpu_memory=None.
DEBUG:root:Epoch: 15	Loss: 5.07841157913208	Top1 accuracy: 16.595050811767578
INFO:COMEBin	1.1.0:NN training: epoch=17/200, batches=5, loss=4.9505453, top1=19.3034, elapsed=10.198s, process_memory={'VmPeak': '3929880 kB', 'VmRSS': '1759732 kB'}, gpu_memory=None.
DEBUG:root:Epoch: 16	Loss: 4.950545310974121	Top1 accuracy: 19.30338478088379
INFO:COMEBin	1.1.0:NN training: epoch=18/200, batches=5, loss=4.8225675, top1=19.4922, elapsed=10.216s, process_memory={'VmPeak': '3929880 kB', 'VmRSS': '1645176 kB'}, gpu_memory=None.
DEBUG:root:Epoch: 17	Loss: 4.822567462921143	Top1 accuracy: 19.4921875
