INFO:COMEBin	1.1.0:NN setup finished; loss function and training state are ready.
INFO:root:Start SimCLR training for 200 epochs.
INFO:COMEBin	1.1.0:NN training preflight: mode=combined-model, epochs=200, samples=3000, batches_per_epoch=2, batch_size=1024, device=cpu, fp16=False, process_memory={'VmPeak': '1733068 kB', 'VmRSS': '496852 kB'}, gpu_memory=None.
INFO:COMEBin	1.1.0:NN training: enter combined-model loop and request the first DataLoader batch.
INFO:root:kmer_len:	136

INFO:COMEBin	1.1.0:NN training: first combined-model batch received; view_shapes=[(1024, 138), (1024, 138), (1024, 138), (1024, 138), (1024, 138), (1024, 138)].
INFO:COMEBin	1.1.0:NN training: first combined-model batch moved to cpu; shape=(6144, 138).
INFO:COMEBin	1.1.0:NN training: first combined-model forward pass finished; loss=8.530816078186035.
INFO:COMEBin	1.1.0:NN training: first combined-model backward pass and optimizer step finished.
INFO:COMEBin	1.1.0:NN training: epoch=1/200, batches=2, loss=7.8648257, top1=0.2962, elapsed=11.499s, process_memory={'VmPeak': '6375076 kB', 'VmRSS': '1540280 kB'}, gpu_memory=None.
DEBUG:root:Epoch: 0	Loss: 7.86482572555542	Top1 accuracy: 0.2962239384651184
INFO:COMEBin	1.1.0:NN training: epoch=2/200, batches=2, loss=7.595367, top1=0.3776, elapsed=12.160s, process_memory={'VmPeak': '6574172 kB', 'VmRSS': '1543492 kB'}, gpu_memory=None.
DEBUG:root:Epoch: 1	Loss: 7.595366954803467	Top1 accuracy: 0.3776041567325592
INFO:COMEBin	1.1.0:NN training: epoch=3/200, batches=2, loss=7.5304279, top1=0.3418, elapsed=13.125s, process_memory={'VmPeak': '6574172 kB', 'VmRSS': '1548184 kB'}, gpu_memory=None.
DEBUG:root:Epoch: 2	Loss: 7.530427932739258	Top1 accuracy: 0.341796875
INFO:COMEBin	1.1.0:NN training: epoch=4/200, batches=2, loss=7.2860122, top1=0.5827, elapsed=13.048s, process_memory={'VmPeak': '6575788 kB', 'VmRSS': '1577880 kB'}, gpu_memory=None.
DEBUG:root:Epoch: 3	Loss: 7.286012172698975	Top1 accuracy: 0.5826822519302368
INFO:COMEBin	1.1.0:NN training: epoch=5/200, batches=2, loss=7.0509181, top1=0.9863, elapsed=13.110s, process_memory={'VmPeak': '6575788 kB', 'VmRSS': '1557400 kB'}, gpu_memory=None.
DEBUG:root:Epoch: 4	Loss: 7.050918102264404	Top1 accuracy: 0.986328125
INFO:COMEBin	1.1.0:NN training: epoch=6/200, batches=2, loss=6.9313602, top1=1.0254, elapsed=13.211s, process_memory={'VmPeak': '6588076 kB', 'VmRSS': '1557440 kB'}, gpu_memory=None.
DEBUG:root:Epoch: 5	Loss: 6.931360244750977	Top1 accuracy: 1.025390625
INFO:COMEBin	1.1.0:NN training: epoch=7/200, batches=2, loss=6.7925448, top1=1.2402, elapsed=13.076s, process_memory={'VmPeak': '6588076 kB', 'VmRSS': '1590220 kB'}, gpu_memory=None.
DEBUG:root:Epoch: 6	Loss: 6.792544841766357	Top1 accuracy: 1.240234375
INFO:COMEBin	1.1.0:NN training: epoch=8/200, batches=2, loss=6.7998013, top1=1.1751, elapsed=12.897s, process_memory={'VmPeak': '6588076 kB', 'VmRSS': '1590236 kB'}, gpu_memory=None.
DEBUG:root:Epoch: 7	Loss: 6.799801349639893	Top1 accuracy: 1.1751301288604736
INFO:COMEBin	1.1.0:NN training: epoch=9/200, batches=2, loss=6.7905374, top1=1.3053, elapsed=12.385s, process_memory={'VmPeak': '6588076 kB', 'VmRSS': '1550908 kB'}, gpu_memory=None.
DEBUG:root:Epoch: 8	Loss: 6.790537357330322	Top1 accuracy: 1.3053385019302368
INFO:COMEBin	1.1.0:NN training: epoch=10/200, batches=2, loss=6.6772294, top1=1.3997, elapsed=13.171s, process_memory={'VmPeak': '6588076 kB', 'VmRSS': '1566924 kB'}, gpu_memory=None.
DEBUG:root:Epoch: 9	Loss: 6.677229404449463	Top1 accuracy: 1.3997395038604736
INFO:COMEBin	1.1.0:NN training: epoch=11/200, batches=2, loss=6.5853543, top1=1.7122, elapsed=13.183s, process_memory={'VmPeak': '6588076 kB', 'VmRSS': '1566688 kB'}, gpu_memory=None.
DEBUG:root:Epoch: 10	Loss: 6.585354328155518	Top1 accuracy: 1.7122395038604736
INFO:COMEBin	1.1.0:NN training: epoch=12/200, batches=2, loss=6.5560818, top1=1.6374, elapsed=13.142s, process_memory={'VmPeak': '6588076 kB', 'VmRSS': '1560620 kB'}, gpu_memory=None.
DEBUG:root:Epoch: 11	Loss: 6.556081771850586	Top1 accuracy: 1.6373697519302368
INFO:COMEBin	1.1.0:NN training: epoch=13/200, batches=2, loss=6.5243306, top1=1.7578, elapsed=13.063s, process_memory={'VmPeak': '6588076 kB', 'VmRSS': '1557552 kB'}, gpu_memory=None.
DEBUG:root:Epoch: 12	Loss: 6.5243306159973145	Top1 accuracy: 1.7578125
INFO:COMEBin	1.1.0:NN training: epoch=14/200, batches=2, loss=6.4560871, top1=2.1745, elapsed=13.205s, process_memory={'VmPeak': '6588076 kB', 'VmRSS': '1541168 kB'}, gpu_memory=None.
DEBUG:root:Epoch: 13	Loss: 6.456087112426758	Top1 accuracy: 2.1744790077209473
