INFO:COMEBin	1.1.0:NN setup finished; loss function and training state are ready.
INFO:root:Start SimCLR training for 200 epochs.
INFO:COMEBin	1.1.0:NN training preflight: mode=combined-model, epochs=200, samples=3000, batches_per_epoch=5, batch_size=512, device=cpu, fp16=False, process_memory={'VmPeak': '1635784 kB', 'VmRSS': '466088 kB'}, gpu_memory=None.
INFO:COMEBin	1.1.0:NN training: enter combined-model loop and request the first DataLoader batch.
INFO:root:kmer_len:	136

INFO:COMEBin	1.1.0:NN training: first combined-model batch received; view_shapes=[(512, 138), (512, 138), (512, 138), (512, 138), (512, 138), (512, 138)].
INFO:COMEBin	1.1.0:NN training: first combined-model batch moved to cpu; shape=(3072, 138).
INFO:COMEBin	1.1.0:NN training: first combined-model forward pass finished; loss=7.850047588348389.
INFO:COMEBin	1.1.0:NN training: first combined-model backward pass and optimizer step finished.
INFO:COMEBin	1.1.0:NN training: epoch=1/200, batches=5, loss=6.8769107, top1=0.8008, elapsed=7.108s, process_memory={'VmPeak': '3350076 kB', 'VmRSS': '1174452 kB'}, gpu_memory=None.
DEBUG:root:Epoch: 0	Loss: 6.87691068649292	Top1 accuracy: 0.80078125
INFO:COMEBin	1.1.0:NN training: epoch=2/200, batches=5, loss=6.6256671, top1=0.8854, elapsed=7.795s, process_memory={'VmPeak': '3374652 kB', 'VmRSS': '1100840 kB'}, gpu_memory=None.
DEBUG:root:Epoch: 1	Loss: 6.625667095184326	Top1 accuracy: 0.8854166269302368
INFO:COMEBin	1.1.0:NN training: epoch=3/200, batches=5, loss=6.511323, top1=1.3151, elapsed=7.677s, process_memory={'VmPeak': '3374652 kB', 'VmRSS': '1100884 kB'}, gpu_memory=None.
DEBUG:root:Epoch: 2	Loss: 6.511322975158691	Top1 accuracy: 1.3151041269302368
INFO:COMEBin	1.1.0:NN training: epoch=4/200, batches=5, loss=6.2127762, top1=2.0182, elapsed=7.778s, process_memory={'VmPeak': '3374652 kB', 'VmRSS': '1100892 kB'}, gpu_memory=None.
DEBUG:root:Epoch: 3	Loss: 6.212776184082031	Top1 accuracy: 2.0182290077209473
INFO:COMEBin	1.1.0:NN training: epoch=5/200, batches=5, loss=6.0203481, top1=2.8841, elapsed=7.643s, process_memory={'VmPeak': '3402540 kB', 'VmRSS': '1223152 kB'}, gpu_memory=None.
DEBUG:root:Epoch: 4	Loss: 6.020348072052002	Top1 accuracy: 2.8841145038604736
INFO:COMEBin	1.1.0:NN training: epoch=6/200, batches=5, loss=5.8873472, top1=3.1966, elapsed=7.918s, process_memory={'VmPeak': '3402540 kB', 'VmRSS': '1100916 kB'}, gpu_memory=None.
DEBUG:root:Epoch: 5	Loss: 5.887347221374512	Top1 accuracy: 3.1966145038604736
INFO:COMEBin	1.1.0:NN training: epoch=7/200, batches=5, loss=5.8827376, top1=3.4115, elapsed=7.806s, process_memory={'VmPeak': '3402540 kB', 'VmRSS': '1217528 kB'}, gpu_memory=None.
DEBUG:root:Epoch: 6	Loss: 5.882737636566162	Top1 accuracy: 3.4114582538604736
INFO:COMEBin	1.1.0:NN training: epoch=8/200, batches=5, loss=5.7354207, top1=3.9844, elapsed=7.933s, process_memory={'VmPeak': '3402540 kB', 'VmRSS': '1100924 kB'}, gpu_memory=None.
DEBUG:root:Epoch: 7	Loss: 5.7354207038879395	Top1 accuracy: 3.984375
INFO:COMEBin	1.1.0:NN training: epoch=9/200, batches=5, loss=5.6535268, top1=4.4987, elapsed=7.647s, process_memory={'VmPeak': '3402540 kB', 'VmRSS': '1100932 kB'}, gpu_memory=None.
DEBUG:root:Epoch: 8	Loss: 5.653526782989502	Top1 accuracy: 4.498697757720947
INFO:COMEBin	1.1.0:NN training: epoch=10/200, batches=5, loss=5.6359539, top1=4.9479, elapsed=7.793s, process_memory={'VmPeak': '3402540 kB', 'VmRSS': '1223688 kB'}, gpu_memory=None.
DEBUG:root:Epoch: 9	Loss: 5.635953903198242	Top1 accuracy: 4.947916507720947
INFO:COMEBin	1.1.0:NN training: epoch=11/200, batches=5, loss=5.5253601, top1=6.4323, elapsed=7.940s, process_memory={'VmPeak': '3402540 kB', 'VmRSS': '1100944 kB'}, gpu_memory=None.
DEBUG:root:Epoch: 10	Loss: 5.525360107421875	Top1 accuracy: 6.432291507720947
