# Major benchmark steps (human readable)

# generated status/major-steps-last10.log   — the last 10 lines by make_major_steps_log.py

- [2026-09-23] 2026-09-23 | run small_test: no results CSV yet, 0m41s, exit 1
- [2026-09-23] 2026-09-23 | run small_test_v2: no results CSV yet, 0m43s, exit 1
- [2026-09-23] Benchmark infra set up; baseline run launched (unmodified COMEBin)
- [2026-09-24] 2026-09-24 | run baseline_rerun_autorestart1: 60 bins, CheckM2 25.01%/2.98% (HQ 0/MQ 7), 6h45m — exit 0
- [2026-09-24] 2026-09-24 | run fix_v11_20260924: 71 bins, CheckM2 24.38%/3.78% (HQ 1/MQ 6), 6h52m — exit 0
- [2026-09-24] 2026-09-24 | run medium_v11_20260924: 16 bins, CheckM2 35.93%/4.67% (HQ 0/MQ 2), 38m46s — exit 0
- [2026-09-24] 2026-09-24 | run small_test_v3: no results CSV yet, 1m22s, exit 0
- [2026-09-24] 2026-09-24 | run small_test_v4: 3 bins, CheckM2 26.07%/2.02% (HQ 0/MQ 0), 2m02s — exit 0
- [2026-09-24] Baseline finished: 60 bins, CheckM2 25.01%/2.98% on COMEBin demo (6h45m)
- [2026-09-24] Medium gate OK (medium_v11_20260924): 16 bins, CheckM2 35.93%/4.67%
- [2026-09-24] Small gate OK (small_test_v4): 3 bins, CheckM2 26.07%/2.02%
- [2026-09-25] 2026-09-25 | run human_v11_20260925: 107 bins, CheckM2 35.31%/5.13% (HQ 20/MQ 29), 1h21m — exit 0
- [2026-09-25] 2026-09-25 | run marine_v11_20260925: 152 bins, CheckM2 50.60%/4.10% (HQ 35/MQ 60), 8h43m — exit 0
- [2026-09-25] 2026-09-25 | run tiny_test_n100: no results CSV yet, 1m25s, exit 1
- [2026-09-25] 2026-09-25 | run tiny_test_n101: 1 bins, CheckM2 63.89%/9.05% (HQ 0/MQ 1), 1m25s — exit 0
- [2026-09-25] CAMI II human run (human_v11_20260925): 107 bins, 20 HQ / 29 MQ
- [2026-09-25] CAMI II marine run (marine_v11_20260925): 152 bins, best CheckM2 so far
- [2026-09-25] First fix-batch demo run (fix_v11_20260924): 71 bins vs 60 baseline
- [2026-09-26] 2026-09-26 | run cami3_v11_20260926: no results CSV yet, 1h51m, exit 1
- [2026-09-26] 2026-09-26 | run cami3_v11_20260926_rerun: 492 bins, CheckM2 35.97%/11.42% (HQ 53/MQ 112), 1h29m — exit 0
- [2026-09-26] CAMI III toy human gut run (cami3_v11_20260926_rerun): 492 bins, 53 HQ
- [2026-09-26] Issues #6 (optimization) answered, #8 and #12 closed
- [2026-09-26] Zenodo releases published: v2 (22969763) and v3 (22973575, incl. CAMI III)
- [2026-09-28] 2026-09-28 | run small_v11_issue28_regression: no results CSV yet, 4m34s, exit 1
- [2026-09-28] 4-dataset benchmark plot regenerated incl. CAMI III (issue #19)
- [2026-09-28] Full all-runs summary table generated (results/all_runs_table.md)
- [2026-09-28] Issue #28 fix committed (41606c8): graceful 0 bins on no-marker edge
- [2026-09-28] Issue #28 regression run launched (small_v11_issue28_regression)
