INFO:COMEBin	1.1.0:NN setup finished; loss function and training state are ready.
INFO:root:Start SimCLR training for 200 epochs.
INFO:COMEBin	1.1.0:NN training preflight: mode=combined-model, epochs=200, samples=3000, batches_per_epoch=2, batch_size=1024, device=cpu, fp16=False, process_memory={'VmPeak': '1734096 kB', 'VmRSS': '497760 kB'}, gpu_memory=None.
INFO:COMEBin	1.1.0:NN training: enter combined-model loop and request the first DataLoader batch.
INFO:root:kmer_len:	136

INFO:COMEBin	1.1.0:NN training: first combined-model batch received; view_shapes=[(1024, 138), (1024, 138), (1024, 138), (1024, 138), (1024, 138), (1024, 138)].
INFO:COMEBin	1.1.0:NN training: first combined-model batch moved to cpu; shape=(6144, 138).
INFO:COMEBin	1.1.0:NN training: first combined-model forward pass finished; loss=8.530816078186035.
INFO:COMEBin	1.1.0:NN training: first combined-model backward pass and optimizer step finished.
INFO:COMEBin	1.1.0:NN training: epoch=1/200, batches=2, loss=7.8648257, top1=0.2962, elapsed=13.004s, process_memory={'VmPeak': '6375444 kB', 'VmRSS': '1573472 kB'}, gpu_memory=None.
DEBUG:root:Epoch: 0	Loss: 7.86482572555542	Top1 accuracy: 0.2962239384651184
INFO:COMEBin	1.1.0:NN training: epoch=2/200, batches=2, loss=7.595367, top1=0.3776, elapsed=13.779s, process_memory={'VmPeak': '6574780 kB', 'VmRSS': '1577296 kB'}, gpu_memory=None.
DEBUG:root:Epoch: 1	Loss: 7.595366954803467	Top1 accuracy: 0.3776041567325592
INFO:COMEBin	1.1.0:NN training: epoch=3/200, batches=2, loss=7.5304279, top1=0.3418, elapsed=13.517s, process_memory={'VmPeak': '6578468 kB', 'VmRSS': '1577284 kB'}, gpu_memory=None.
DEBUG:root:Epoch: 2	Loss: 7.530427932739258	Top1 accuracy: 0.341796875
INFO:COMEBin	1.1.0:NN training: epoch=4/200, batches=2, loss=7.2860122, top1=0.5827, elapsed=13.402s, process_memory={'VmPeak': '6578468 kB', 'VmRSS': '1593664 kB'}, gpu_memory=None.
DEBUG:root:Epoch: 3	Loss: 7.286012172698975	Top1 accuracy: 0.5826822519302368
INFO:COMEBin	1.1.0:NN training: epoch=5/200, batches=2, loss=7.0509181, top1=0.9863, elapsed=13.341s, process_memory={'VmPeak': '6591516 kB', 'VmRSS': '1593680 kB'}, gpu_memory=None.
DEBUG:root:Epoch: 4	Loss: 7.050918102264404	Top1 accuracy: 0.986328125
INFO:COMEBin	1.1.0:NN training: epoch=6/200, batches=2, loss=6.9313602, top1=1.0254, elapsed=13.928s, process_memory={'VmPeak': '6591516 kB', 'VmRSS': '1610084 kB'}, gpu_memory=None.
DEBUG:root:Epoch: 5	Loss: 6.931360244750977	Top1 accuracy: 1.025390625
INFO:COMEBin	1.1.0:NN training: epoch=7/200, batches=2, loss=6.7925448, top1=1.2402, elapsed=13.728s, process_memory={'VmPeak': '6611212 kB', 'VmRSS': '1590632 kB'}, gpu_memory=None.
DEBUG:root:Epoch: 6	Loss: 6.792544841766357	Top1 accuracy: 1.240234375
INFO:COMEBin	1.1.0:NN training: epoch=8/200, batches=2, loss=6.7998013, top1=1.1751, elapsed=13.346s, process_memory={'VmPeak': '6611212 kB', 'VmRSS': '1574264 kB'}, gpu_memory=None.
DEBUG:root:Epoch: 7	Loss: 6.799801349639893	Top1 accuracy: 1.1751301288604736
INFO:COMEBin	1.1.0:NN training: epoch=9/200, batches=2, loss=6.7905374, top1=1.3053, elapsed=13.186s, process_memory={'VmPeak': '6611212 kB', 'VmRSS': '1600296 kB'}, gpu_memory=None.
DEBUG:root:Epoch: 8	Loss: 6.790537357330322	Top1 accuracy: 1.3053385019302368
INFO:COMEBin	1.1.0:NN training: epoch=10/200, batches=2, loss=6.6772294, top1=1.3997, elapsed=13.248s, process_memory={'VmPeak': '6611212 kB', 'VmRSS': '1596984 kB'}, gpu_memory=None.
DEBUG:root:Epoch: 9	Loss: 6.677229404449463	Top1 accuracy: 1.3997395038604736
INFO:COMEBin	1.1.0:NN training: epoch=11/200, batches=2, loss=6.5853543, top1=1.7122, elapsed=13.243s, process_memory={'VmPeak': '6611212 kB', 'VmRSS': '1593964 kB'}, gpu_memory=None.
DEBUG:root:Epoch: 10	Loss: 6.585354328155518	Top1 accuracy: 1.7122395038604736
INFO:COMEBin	1.1.0:NN training: epoch=12/200, batches=2, loss=6.5560818, top1=1.6374, elapsed=13.525s, process_memory={'VmPeak': '6611212 kB', 'VmRSS': '1577656 kB'}, gpu_memory=None.
DEBUG:root:Epoch: 11	Loss: 6.556081771850586	Top1 accuracy: 1.6373697519302368
INFO:COMEBin	1.1.0:NN training: epoch=13/200, batches=2, loss=6.5243306, top1=1.7578, elapsed=12.803s, process_memory={'VmPeak': '6611212 kB', 'VmRSS': '1590736 kB'}, gpu_memory=None.
DEBUG:root:Epoch: 12	Loss: 6.5243306159973145	Top1 accuracy: 1.7578125
INFO:COMEBin	1.1.0:NN training: epoch=14/200, batches=2, loss=6.4560871, top1=2.1745, elapsed=13.304s, process_memory={'VmPeak': '6611212 kB', 'VmRSS': '1574352 kB'}, gpu_memory=None.
DEBUG:root:Epoch: 13	Loss: 6.456087112426758	Top1 accuracy: 2.1744790077209473
INFO:COMEBin	1.1.0:NN training: epoch=15/200, batches=2, loss=6.397758, top1=2.3796, elapsed=13.103s, process_memory={'VmPeak': '6611212 kB', 'VmRSS': '1574356 kB'}, gpu_memory=None.
DEBUG:root:Epoch: 14	Loss: 6.3977580070495605	Top1 accuracy: 2.3795571327209473
INFO:COMEBin	1.1.0:NN training: epoch=16/200, batches=2, loss=6.36625, top1=2.2656, elapsed=13.162s, process_memory={'VmPeak': '6611212 kB', 'VmRSS': '1590740 kB'}, gpu_memory=None.
DEBUG:root:Epoch: 15	Loss: 6.366250038146973	Top1 accuracy: 2.265625
INFO:COMEBin	1.1.0:NN training: epoch=17/200, batches=2, loss=6.3351321, top1=2.7181, elapsed=13.134s, process_memory={'VmPeak': '6611212 kB', 'VmRSS': '1607124 kB'}, gpu_memory=None.
DEBUG:root:Epoch: 16	Loss: 6.335132122039795	Top1 accuracy: 2.7180988788604736
INFO:COMEBin	1.1.0:NN training: epoch=18/200, batches=2, loss=6.2714849, top1=2.9329, elapsed=13.556s, process_memory={'VmPeak': '6611212 kB', 'VmRSS': '1607124 kB'}, gpu_memory=None.
DEBUG:root:Epoch: 17	Loss: 6.271484851837158	Top1 accuracy: 2.9329426288604736
INFO:COMEBin	1.1.0:NN training: epoch=19/200, batches=2, loss=6.2485309, top1=3.2194, elapsed=13.516s, process_memory={'VmPeak': '6611212 kB', 'VmRSS': '1590740 kB'}, gpu_memory=None.
DEBUG:root:Epoch: 18	Loss: 6.248530864715576	Top1 accuracy: 3.2194008827209473
INFO:COMEBin	1.1.0:NN training: epoch=20/200, batches=2, loss=6.2235613, top1=3.4017, elapsed=13.329s, process_memory={'VmPeak': '6611212 kB', 'VmRSS': '1590740 kB'}, gpu_memory=None.
DEBUG:root:Epoch: 19	Loss: 6.2235612869262695	Top1 accuracy: 3.4016926288604736
INFO:COMEBin	1.1.0:NN training: epoch=21/200, batches=2, loss=6.1986632, top1=3.7956, elapsed=13.473s, process_memory={'VmPeak': '6611212 kB', 'VmRSS': '1590744 kB'}, gpu_memory=None.
DEBUG:root:Epoch: 20	Loss: 6.198663234710693	Top1 accuracy: 3.7955727577209473
INFO:COMEBin	1.1.0:NN training: epoch=22/200, batches=2, loss=6.1945882, top1=3.8314, elapsed=13.113s, process_memory={'VmPeak': '6611212 kB', 'VmRSS': '1590744 kB'}, gpu_memory=None.
DEBUG:root:Epoch: 21	Loss: 6.1945881843566895	Top1 accuracy: 3.8313801288604736
INFO:COMEBin	1.1.0:NN training: epoch=23/200, batches=2, loss=6.1740346, top1=4.1146, elapsed=13.494s, process_memory={'VmPeak': '6611212 kB', 'VmRSS': '1607128 kB'}, gpu_memory=None.
DEBUG:root:Epoch: 22	Loss: 6.174034595489502	Top1 accuracy: 4.1145830154418945
INFO:COMEBin	1.1.0:NN training: epoch=24/200, batches=2, loss=6.1276803, top1=4.4141, elapsed=13.482s, process_memory={'VmPeak': '6611212 kB', 'VmRSS': '1656280 kB'}, gpu_memory=None.
DEBUG:root:Epoch: 23	Loss: 6.12768030166626	Top1 accuracy: 4.4140625
INFO:COMEBin	1.1.0:NN training: epoch=25/200, batches=2, loss=6.164813, top1=4.4141, elapsed=13.536s, process_memory={'VmPeak': '6611212 kB', 'VmRSS': '1656280 kB'}, gpu_memory=None.
DEBUG:root:Epoch: 24	Loss: 6.164813041687012	Top1 accuracy: 4.4140625
INFO:COMEBin	1.1.0:NN training: epoch=26/200, batches=2, loss=6.0397029, top1=5.1628, elapsed=13.431s, process_memory={'VmPeak': '6611212 kB', 'VmRSS': '1607140 kB'}, gpu_memory=None.
DEBUG:root:Epoch: 25	Loss: 6.039702892303467	Top1 accuracy: 5.162760257720947
