INFO:COMEBin	1.1.0:NN setup finished; loss function and training state are ready.
INFO:root:Start SimCLR training for 200 epochs.
INFO:COMEBin	1.1.0:NN training preflight: mode=combined-model, epochs=200, samples=3000, batches_per_epoch=2, batch_size=1024, device=cpu, fp16=False, process_memory={'VmPeak': '1642948 kB', 'VmRSS': '472316 kB'}, gpu_memory=None.
INFO:COMEBin	1.1.0:NN training: enter combined-model loop and request the first DataLoader batch.
INFO:root:kmer_len:	136

INFO:COMEBin	1.1.0:NN training: first combined-model batch received; view_shapes=[(1024, 138), (1024, 138), (1024, 138), (1024, 138), (1024, 138), (1024, 138)].
INFO:COMEBin	1.1.0:NN training: first combined-model batch moved to cpu; shape=(6144, 138).
INFO:COMEBin	1.1.0:NN training: first combined-model forward pass finished; loss=8.4988431930542.
INFO:COMEBin	1.1.0:NN training: first combined-model backward pass and optimizer step finished.
INFO:COMEBin	1.1.0:NN training: epoch=1/200, batches=2, loss=7.8542957, top1=0.3027, elapsed=10.396s, process_memory={'VmPeak': '6080372 kB', 'VmRSS': '1618392 kB'}, gpu_memory=None.
DEBUG:root:Epoch: 0	Loss: 7.85429573059082	Top1 accuracy: 0.302734375
INFO:COMEBin	1.1.0:NN training: epoch=2/200, batches=2, loss=7.5835795, top1=0.4557, elapsed=10.927s, process_memory={'VmPeak': '6260604 kB', 'VmRSS': '1724896 kB'}, gpu_memory=None.
DEBUG:root:Epoch: 1	Loss: 7.5835795402526855	Top1 accuracy: 0.4557291567325592
INFO:COMEBin	1.1.0:NN training: epoch=3/200, batches=2, loss=7.5015793, top1=0.5859, elapsed=10.438s, process_memory={'VmPeak': '6276156 kB', 'VmRSS': '1659492 kB'}, gpu_memory=None.
DEBUG:root:Epoch: 2	Loss: 7.501579284667969	Top1 accuracy: 0.5859375
INFO:COMEBin	1.1.0:NN training: epoch=4/200, batches=2, loss=7.2275224, top1=0.8138, elapsed=10.318s, process_memory={'VmPeak': '6276156 kB', 'VmRSS': '1691436 kB'}, gpu_memory=None.
DEBUG:root:Epoch: 3	Loss: 7.227522373199463	Top1 accuracy: 0.8138020634651184
INFO:COMEBin	1.1.0:NN training: epoch=5/200, batches=2, loss=7.0274873, top1=0.9961, elapsed=10.350s, process_memory={'VmPeak': '6345004 kB', 'VmRSS': '1756860 kB'}, gpu_memory=None.
DEBUG:root:Epoch: 4	Loss: 7.027487277984619	Top1 accuracy: 0.99609375
INFO:COMEBin	1.1.0:NN training: epoch=6/200, batches=2, loss=6.8933411, top1=1.5951, elapsed=11.128s, process_memory={'VmPeak': '6345004 kB', 'VmRSS': '1732232 kB'}, gpu_memory=None.
DEBUG:root:Epoch: 5	Loss: 6.893341064453125	Top1 accuracy: 1.5950520038604736
INFO:COMEBin	1.1.0:NN training: epoch=7/200, batches=2, loss=6.740828, top1=1.6634, elapsed=10.516s, process_memory={'VmPeak': '6345004 kB', 'VmRSS': '1740428 kB'}, gpu_memory=None.
DEBUG:root:Epoch: 6	Loss: 6.740828037261963	Top1 accuracy: 1.6634113788604736
INFO:COMEBin	1.1.0:NN training: epoch=8/200, batches=2, loss=6.7514439, top1=1.9368, elapsed=10.370s, process_memory={'VmPeak': '6345004 kB', 'VmRSS': '1740444 kB'}, gpu_memory=None.
DEBUG:root:Epoch: 7	Loss: 6.751443862915039	Top1 accuracy: 1.9368488788604736
INFO:COMEBin	1.1.0:NN training: epoch=9/200, batches=2, loss=6.6986279, top1=2.2201, elapsed=10.414s, process_memory={'VmPeak': '6345004 kB', 'VmRSS': '1715868 kB'}, gpu_memory=None.
DEBUG:root:Epoch: 8	Loss: 6.698627948760986	Top1 accuracy: 2.2200520038604736
