INFO:COMEBin	1.1.0:NN setup finished; loss function and training state are ready.
INFO:root:Start SimCLR training for 200 epochs.
INFO:COMEBin	1.1.0:NN training preflight: mode=combined-model, epochs=200, samples=3000, batches_per_epoch=2, batch_size=1024, device=cpu, fp16=False, process_memory={'VmPeak': '1667528 kB', 'VmRSS': '497844 kB'}, gpu_memory=None.
INFO:COMEBin	1.1.0:NN training: enter combined-model loop and request the first DataLoader batch.
INFO:root:kmer_len:	136

INFO:COMEBin	1.1.0:NN training: first combined-model batch received; view_shapes=[(1024, 138), (1024, 138), (1024, 138), (1024, 138), (1024, 138), (1024, 138)].
INFO:COMEBin	1.1.0:NN training: first combined-model batch moved to cpu; shape=(6144, 138).
INFO:COMEBin	1.1.0:NN training: first combined-model forward pass finished; loss=8.633359909057617.
INFO:COMEBin	1.1.0:NN training: first combined-model backward pass and optimizer step finished.
INFO:COMEBin	1.1.0:NN training: epoch=1/200, batches=2, loss=7.9421868, top1=0.2539, elapsed=11.716s, process_memory={'VmPeak': '6375440 kB', 'VmRSS': '1589972 kB'}, gpu_memory=None.
DEBUG:root:Epoch: 0	Loss: 7.9421868324279785	Top1 accuracy: 0.25390625
INFO:COMEBin	1.1.0:NN training: epoch=2/200, batches=2, loss=7.8373919, top1=0.2376, elapsed=12.243s, process_memory={'VmPeak': '6591160 kB', 'VmRSS': '1573608 kB'}, gpu_memory=None.
DEBUG:root:Epoch: 1	Loss: 7.8373918533325195	Top1 accuracy: 0.2376302033662796
INFO:COMEBin	1.1.0:NN training: epoch=3/200, batches=2, loss=7.7641435, top1=0.3092, elapsed=12.209s, process_memory={'VmPeak': '6591160 kB', 'VmRSS': '1557128 kB'}, gpu_memory=None.
DEBUG:root:Epoch: 2	Loss: 7.764143466949463	Top1 accuracy: 0.3092447817325592
INFO:COMEBin	1.1.0:NN training: epoch=4/200, batches=2, loss=7.6795735, top1=0.3158, elapsed=12.182s, process_memory={'VmPeak': '6591160 kB', 'VmRSS': '1580704 kB'}, gpu_memory=None.
DEBUG:root:Epoch: 3	Loss: 7.6795735359191895	Top1 accuracy: 0.3157551884651184
INFO:COMEBin	1.1.0:NN training: epoch=5/200, batches=2, loss=7.6531053, top1=0.5013, elapsed=12.228s, process_memory={'VmPeak': '6591160 kB', 'VmRSS': '1564324 kB'}, gpu_memory=None.
DEBUG:root:Epoch: 4	Loss: 7.65310525894165	Top1 accuracy: 0.5013020634651184
INFO:COMEBin	1.1.0:NN training: epoch=6/200, batches=2, loss=7.6190915, top1=0.6445, elapsed=13.361s, process_memory={'VmPeak': '6591160 kB', 'VmRSS': '1574360 kB'}, gpu_memory=None.
DEBUG:root:Epoch: 5	Loss: 7.619091510772705	Top1 accuracy: 0.64453125
INFO:COMEBin	1.1.0:NN training: epoch=7/200, batches=2, loss=7.5645852, top1=0.8398, elapsed=13.264s, process_memory={'VmPeak': '6591160 kB', 'VmRSS': '1557980 kB'}, gpu_memory=None.
DEBUG:root:Epoch: 6	Loss: 7.564585208892822	Top1 accuracy: 0.83984375
INFO:COMEBin	1.1.0:NN training: epoch=8/200, batches=2, loss=7.5520115, top1=0.8171, elapsed=13.324s, process_memory={'VmPeak': '6591160 kB', 'VmRSS': '1574380 kB'}, gpu_memory=None.
DEBUG:root:Epoch: 7	Loss: 7.552011489868164	Top1 accuracy: 0.8170572519302368
INFO:COMEBin	1.1.0:NN training: epoch=9/200, batches=2, loss=7.5246043, top1=0.8724, elapsed=13.282s, process_memory={'VmPeak': '6591160 kB', 'VmRSS': '1574380 kB'}, gpu_memory=None.
DEBUG:root:Epoch: 8	Loss: 7.524604320526123	Top1 accuracy: 0.8723958134651184
INFO:COMEBin	1.1.0:NN training: epoch=10/200, batches=2, loss=7.4632411, top1=0.9180, elapsed=13.278s, process_memory={'VmPeak': '6591160 kB', 'VmRSS': '1573548 kB'}, gpu_memory=None.
DEBUG:root:Epoch: 9	Loss: 7.463241100311279	Top1 accuracy: 0.91796875
