INFO:COMEBin	1.1.0:NN setup finished; loss function and training state are ready.
INFO:root:Start SimCLR training for 200 epochs.
INFO:COMEBin	1.1.0:NN training preflight: mode=combined-model, epochs=200, samples=5000, batches_per_epoch=4, batch_size=1024, device=cpu, fp16=False, process_memory={'VmPeak': '3642792 kB', 'VmRSS': '507236 kB'}, gpu_memory=None.
INFO:COMEBin	1.1.0:NN training: enter combined-model loop and request the first DataLoader batch.
INFO:root:kmer_len:	136

INFO:COMEBin	1.1.0:NN training: first combined-model batch received; view_shapes=[(1024, 140), (1024, 140), (1024, 140), (1024, 140), (1024, 140), (1024, 140)].
INFO:COMEBin	1.1.0:NN training: first combined-model batch moved to cpu; shape=(6144, 140).
INFO:COMEBin	1.1.0:NN training: first combined-model forward pass finished; loss=9.039076805114746.
INFO:COMEBin	1.1.0:NN training: first combined-model backward pass and optimizer step finished.
INFO:COMEBin	1.1.0:NN training: epoch=1/200, batches=4, loss=8.6612701, top1=0.2474, elapsed=21.098s, process_memory={'VmPeak': '8525700 kB', 'VmRSS': '1582308 kB'}, gpu_memory=None.
DEBUG:root:Epoch: 0	Loss: 8.661270141601562	Top1 accuracy: 0.2473958283662796
INFO:COMEBin	1.1.0:NN training: epoch=2/200, batches=4, loss=8.4852667, top1=0.2507, elapsed=23.951s, process_memory={'VmPeak': '8581540 kB', 'VmRSS': '1651072 kB'}, gpu_memory=None.
DEBUG:root:Epoch: 1	Loss: 8.48526668548584	Top1 accuracy: 0.2506510317325592
INFO:COMEBin	1.1.0:NN training: epoch=3/200, batches=4, loss=8.2318134, top1=0.4232, elapsed=23.509s, process_memory={'VmPeak': '8604356 kB', 'VmRSS': '1648020 kB'}, gpu_memory=None.
DEBUG:root:Epoch: 2	Loss: 8.231813430786133	Top1 accuracy: 0.4231770634651184
INFO:COMEBin	1.1.0:NN training: epoch=4/200, batches=4, loss=8.0899019, top1=0.4134, elapsed=23.287s, process_memory={'VmPeak': '8604356 kB', 'VmRSS': '1582632 kB'}, gpu_memory=None.
DEBUG:root:Epoch: 3	Loss: 8.0899019241333	Top1 accuracy: 0.4134114384651184
INFO:COMEBin	1.1.0:NN training: epoch=5/200, batches=4, loss=7.925324, top1=0.6836, elapsed=23.381s, process_memory={'VmPeak': '8604356 kB', 'VmRSS': '1582528 kB'}, gpu_memory=None.
DEBUG:root:Epoch: 4	Loss: 7.925323963165283	Top1 accuracy: 0.68359375
INFO:COMEBin	1.1.0:NN training: epoch=6/200, batches=4, loss=7.7083583, top1=0.9115, elapsed=24.085s, process_memory={'VmPeak': '8604356 kB', 'VmRSS': '1582536 kB'}, gpu_memory=None.
DEBUG:root:Epoch: 5	Loss: 7.708358287811279	Top1 accuracy: 0.9114583134651184
INFO:COMEBin	1.1.0:NN training: epoch=7/200, batches=4, loss=7.377439, top1=1.3118, elapsed=24.245s, process_memory={'VmPeak': '8604356 kB', 'VmRSS': '1602016 kB'}, gpu_memory=None.
DEBUG:root:Epoch: 6	Loss: 7.377439022064209	Top1 accuracy: 1.3118488788604736
INFO:COMEBin	1.1.0:NN training: epoch=8/200, batches=4, loss=7.2348647, top1=1.8001, elapsed=24.010s, process_memory={'VmPeak': '8604356 kB', 'VmRSS': '1598952 kB'}, gpu_memory=None.
DEBUG:root:Epoch: 7	Loss: 7.234864711761475	Top1 accuracy: 1.8001301288604736
INFO:COMEBin	1.1.0:NN training: epoch=9/200, batches=4, loss=7.0012426, top1=2.3861, elapsed=23.234s, process_memory={'VmPeak': '8604356 kB', 'VmRSS': '1602024 kB'}, gpu_memory=None.
DEBUG:root:Epoch: 8	Loss: 7.001242637634277	Top1 accuracy: 2.3860676288604736
INFO:COMEBin	1.1.0:NN training: epoch=10/200, batches=4, loss=6.6973715, top1=2.7474, elapsed=23.330s, process_memory={'VmPeak': '8604356 kB', 'VmRSS': '1615336 kB'}, gpu_memory=None.
DEBUG:root:Epoch: 9	Loss: 6.697371482849121	Top1 accuracy: 2.7473957538604736
INFO:COMEBin	1.1.0:NN training: epoch=11/200, batches=4, loss=6.4761825, top1=3.2715, elapsed=23.170s, process_memory={'VmPeak': '8604356 kB', 'VmRSS': '1651176 kB'}, gpu_memory=None.
DEBUG:root:Epoch: 10	Loss: 6.476182460784912	Top1 accuracy: 3.271484375
INFO:COMEBin	1.1.0:NN training: epoch=12/200, batches=4, loss=6.211988, top1=4.1211, elapsed=23.038s, process_memory={'VmPeak': '8604356 kB', 'VmRSS': '1634988 kB'}, gpu_memory=None.
DEBUG:root:Epoch: 11	Loss: 6.2119879722595215	Top1 accuracy: 4.12109375
INFO:COMEBin	1.1.0:NN training: epoch=13/200, batches=4, loss=6.164607, top1=5.0293, elapsed=23.525s, process_memory={'VmPeak': '8604356 kB', 'VmRSS': '1634988 kB'}, gpu_memory=None.
DEBUG:root:Epoch: 12	Loss: 6.164607048034668	Top1 accuracy: 5.029296875
INFO:COMEBin	1.1.0:NN training: epoch=14/200, batches=4, loss=6.0559149, top1=4.9154, elapsed=23.119s, process_memory={'VmPeak': '8604356 kB', 'VmRSS': '1697324 kB'}, gpu_memory=None.
DEBUG:root:Epoch: 13	Loss: 6.055914878845215	Top1 accuracy: 4.9153642654418945
INFO:COMEBin	1.1.0:NN training: epoch=15/200, batches=4, loss=6.0405002, top1=5.8659, elapsed=23.100s, process_memory={'VmPeak': '8604356 kB', 'VmRSS': '1582640 kB'}, gpu_memory=None.
DEBUG:root:Epoch: 14	Loss: 6.040500164031982	Top1 accuracy: 5.865885257720947
INFO:COMEBin	1.1.0:NN training: epoch=16/200, batches=4, loss=5.9418597, top1=5.7487, elapsed=23.714s, process_memory={'VmPeak': '8604356 kB', 'VmRSS': '1599024 kB'}, gpu_memory=None.
DEBUG:root:Epoch: 15	Loss: 5.941859722137451	Top1 accuracy: 5.748697757720947
INFO:COMEBin	1.1.0:NN training: epoch=17/200, batches=4, loss=5.9243121, top1=6.5983, elapsed=23.524s, process_memory={'VmPeak': '8604356 kB', 'VmRSS': '1599024 kB'}, gpu_memory=None.
DEBUG:root:Epoch: 16	Loss: 5.924312114715576	Top1 accuracy: 6.598307132720947
INFO:COMEBin	1.1.0:NN training: epoch=18/200, batches=4, loss=5.9003911, top1=6.6862, elapsed=23.493s, process_memory={'VmPeak': '8604356 kB', 'VmRSS': '1582640 kB'}, gpu_memory=None.
DEBUG:root:Epoch: 17	Loss: 5.900391101837158	Top1 accuracy: 6.686197757720947
INFO:COMEBin	1.1.0:NN training: epoch=19/200, batches=4, loss=5.7911348, top1=6.6992, elapsed=23.712s, process_memory={'VmPeak': '8604356 kB', 'VmRSS': '1631792 kB'}, gpu_memory=None.
DEBUG:root:Epoch: 18	Loss: 5.791134834289551	Top1 accuracy: 6.69921875
INFO:COMEBin	1.1.0:NN training: epoch=20/200, batches=4, loss=5.7499804, top1=6.5495, elapsed=24.143s, process_memory={'VmPeak': '8604356 kB', 'VmRSS': '1599024 kB'}, gpu_memory=None.
DEBUG:root:Epoch: 19	Loss: 5.749980449676514	Top1 accuracy: 6.549479007720947
INFO:COMEBin	1.1.0:NN training: epoch=21/200, batches=4, loss=5.7486148, top1=7.2038, elapsed=23.973s, process_memory={'VmPeak': '8604356 kB', 'VmRSS': '1582644 kB'}, gpu_memory=None.
DEBUG:root:Epoch: 20	Loss: 5.74861478805542	Top1 accuracy: 7.203775882720947
INFO:COMEBin	1.1.0:NN training: epoch=22/200, batches=4, loss=5.6304598, top1=7.9590, elapsed=23.762s, process_memory={'VmPeak': '8604356 kB', 'VmRSS': '1582644 kB'}, gpu_memory=None.
DEBUG:root:Epoch: 21	Loss: 5.630459785461426	Top1 accuracy: 7.958984375
INFO:COMEBin	1.1.0:NN training: epoch=23/200, batches=4, loss=5.5912647, top1=7.6888, elapsed=23.954s, process_memory={'VmPeak': '8604356 kB', 'VmRSS': '1631796 kB'}, gpu_memory=None.
DEBUG:root:Epoch: 22	Loss: 5.591264724731445	Top1 accuracy: 7.6888017654418945
INFO:COMEBin	1.1.0:NN training: epoch=24/200, batches=4, loss=5.5235739, top1=8.0990, elapsed=24.076s, process_memory={'VmPeak': '8604356 kB', 'VmRSS': '1664568 kB'}, gpu_memory=None.
DEBUG:root:Epoch: 23	Loss: 5.523573875427246	Top1 accuracy: 8.098958015441895
INFO:COMEBin	1.1.0:NN training: epoch=25/200, batches=4, loss=5.5996861, top1=7.3014, elapsed=24.338s, process_memory={'VmPeak': '8604356 kB', 'VmRSS': '1599032 kB'}, gpu_memory=None.
DEBUG:root:Epoch: 24	Loss: 5.599686145782471	Top1 accuracy: 7.301432132720947
