INFO:COMEBin	1.1.0:NN setup finished; loss function and training state are ready.
INFO:root:Start SimCLR training for 200 epochs.
INFO:COMEBin	1.1.0:NN training preflight: mode=combined-model, epochs=200, samples=3000, batches_per_epoch=2, batch_size=1024, device=cpu, fp16=False, process_memory={'VmPeak': '1670760 kB', 'VmRSS': '501024 kB'}, gpu_memory=None.
INFO:COMEBin	1.1.0:NN training: enter combined-model loop and request the first DataLoader batch.
INFO:root:kmer_len:	136

INFO:COMEBin	1.1.0:NN training: first combined-model batch received; view_shapes=[(1024, 138), (1024, 138), (1024, 138), (1024, 138), (1024, 138), (1024, 138), (1024, 138), (1024, 138)].
INFO:COMEBin	1.1.0:NN training: first combined-model batch moved to cpu; shape=(8192, 138).
INFO:COMEBin	1.1.0:NN training: first combined-model forward pass finished; loss=8.82616138458252.
INFO:COMEBin	1.1.0:NN training: first combined-model backward pass and optimizer step finished.
INFO:COMEBin	1.1.0:NN training: epoch=1/200, batches=2, loss=8.1636734, top1=0.2337, elapsed=19.851s, process_memory={'VmPeak': '11332160 kB', 'VmRSS': '2684764 kB'}, gpu_memory=None.
DEBUG:root:Epoch: 0	Loss: 8.163673400878906	Top1 accuracy: 0.2336774468421936
INFO:COMEBin	1.1.0:NN training: epoch=2/200, batches=2, loss=7.9163747, top1=0.3156, elapsed=20.856s, process_memory={'VmPeak': '11533448 kB', 'VmRSS': '2684900 kB'}, gpu_memory=None.
DEBUG:root:Epoch: 1	Loss: 7.916374683380127	Top1 accuracy: 0.3156389594078064
INFO:COMEBin	1.1.0:NN training: epoch=3/200, batches=2, loss=7.8363595, top1=0.2476, elapsed=22.829s, process_memory={'VmPeak': '11537224 kB', 'VmRSS': '2693096 kB'}, gpu_memory=None.
DEBUG:root:Epoch: 2	Loss: 7.83635950088501	Top1 accuracy: 0.2476283460855484
INFO:COMEBin	1.1.0:NN training: epoch=4/200, batches=2, loss=7.5277252, top1=0.4325, elapsed=22.810s, process_memory={'VmPeak': '11541640 kB', 'VmRSS': '2684668 kB'}, gpu_memory=None.
DEBUG:root:Epoch: 3	Loss: 7.5277252197265625	Top1 accuracy: 0.4324776828289032
INFO:COMEBin	1.1.0:NN training: epoch=5/200, batches=2, loss=7.3673315, top1=0.6906, elapsed=22.693s, process_memory={'VmPeak': '11541640 kB', 'VmRSS': '2684668 kB'}, gpu_memory=None.
DEBUG:root:Epoch: 4	Loss: 7.367331504821777	Top1 accuracy: 0.6905691623687744
INFO:COMEBin	1.1.0:NN training: epoch=6/200, batches=2, loss=7.2301016, top1=0.7900, elapsed=21.851s, process_memory={'VmPeak': '11541640 kB', 'VmRSS': '2651936 kB'}, gpu_memory=None.
DEBUG:root:Epoch: 5	Loss: 7.230101585388184	Top1 accuracy: 0.7899693250656128
INFO:COMEBin	1.1.0:NN training: epoch=7/200, batches=2, loss=7.0893054, top1=0.9382, elapsed=21.378s, process_memory={'VmPeak': '11541640 kB', 'VmRSS': '2689120 kB'}, gpu_memory=None.
DEBUG:root:Epoch: 6	Loss: 7.089305400848389	Top1 accuracy: 0.9381975531578064
