INFO:COMEBin	1.1.0:NN setup finished; loss function and training state are ready.
INFO:root:Start SimCLR training for 200 epochs.
INFO:COMEBin	1.1.0:NN training preflight: mode=combined-model, epochs=200, samples=3000, batches_per_epoch=2, batch_size=1024, device=cpu, fp16=False, process_memory={'VmPeak': '3634956 kB', 'VmRSS': '499352 kB'}, gpu_memory=None.
INFO:COMEBin	1.1.0:NN training: enter combined-model loop and request the first DataLoader batch.
INFO:root:kmer_len:	136

INFO:COMEBin	1.1.0:NN training: first combined-model batch received; view_shapes=[(1024, 138), (1024, 138), (1024, 138), (1024, 138), (1024, 138), (1024, 138)].
INFO:COMEBin	1.1.0:NN training: first combined-model batch moved to cpu; shape=(6144, 138).
INFO:COMEBin	1.1.0:NN training: first combined-model forward pass finished; loss=8.530816078186035.
INFO:COMEBin	1.1.0:NN training: first combined-model backward pass and optimizer step finished.
INFO:COMEBin	1.1.0:NN training: epoch=1/200, batches=2, loss=7.8647113, top1=0.2995, elapsed=8.652s, process_memory={'VmPeak': '8341648 kB', 'VmRSS': '1620324 kB'}, gpu_memory=None.
DEBUG:root:Epoch: 0	Loss: 7.864711284637451	Top1 accuracy: 0.2994791567325592
INFO:COMEBin	1.1.0:NN training: epoch=2/200, batches=2, loss=7.5960431, top1=0.4036, elapsed=9.835s, process_memory={'VmPeak': '8570444 kB', 'VmRSS': '1571320 kB'}, gpu_memory=None.
DEBUG:root:Epoch: 1	Loss: 7.596043109893799	Top1 accuracy: 0.4036458134651184
INFO:COMEBin	1.1.0:NN training: epoch=3/200, batches=2, loss=7.5309882, top1=0.3418, elapsed=10.694s, process_memory={'VmPeak': '8570444 kB', 'VmRSS': '1584684 kB'}, gpu_memory=None.
DEBUG:root:Epoch: 2	Loss: 7.5309882164001465	Top1 accuracy: 0.341796875
INFO:COMEBin	1.1.0:NN training: epoch=4/200, batches=2, loss=7.289876, top1=0.5566, elapsed=10.328s, process_memory={'VmPeak': '8570444 kB', 'VmRSS': '1581612 kB'}, gpu_memory=None.
DEBUG:root:Epoch: 3	Loss: 7.2898759841918945	Top1 accuracy: 0.556640625
INFO:COMEBin	1.1.0:NN training: epoch=5/200, batches=2, loss=7.0562043, top1=0.9831, elapsed=10.382s, process_memory={'VmPeak': '8570444 kB', 'VmRSS': '1581388 kB'}, gpu_memory=None.
DEBUG:root:Epoch: 4	Loss: 7.056204319000244	Top1 accuracy: 0.9830728769302368
INFO:COMEBin	1.1.0:NN training: epoch=6/200, batches=2, loss=6.9310284, top1=0.8724, elapsed=10.656s, process_memory={'VmPeak': '8570444 kB', 'VmRSS': '1578332 kB'}, gpu_memory=None.
DEBUG:root:Epoch: 5	Loss: 6.931028366088867	Top1 accuracy: 0.8723958134651184
