INFO:COMEBin	1.1.0:NN setup finished; loss function and training state are ready.
INFO:root:Start SimCLR training for 200 epochs.
INFO:COMEBin	1.1.0:NN training preflight: mode=combined-model, epochs=200, samples=3000, batches_per_epoch=2, batch_size=1024, device=cpu, fp16=False, process_memory={'VmPeak': '1733080 kB', 'VmRSS': '496812 kB'}, gpu_memory=None.
INFO:COMEBin	1.1.0:NN training: enter combined-model loop and request the first DataLoader batch.
INFO:root:kmer_len:	136

INFO:COMEBin	1.1.0:NN training: first combined-model batch received; view_shapes=[(1024, 138), (1024, 138), (1024, 138), (1024, 138), (1024, 138), (1024, 138)].
INFO:COMEBin	1.1.0:NN training: first combined-model batch moved to cpu; shape=(6144, 138).
INFO:COMEBin	1.1.0:NN training: first combined-model forward pass finished; loss=8.530816078186035.
INFO:COMEBin	1.1.0:NN training: first combined-model backward pass and optimizer step finished.
INFO:COMEBin	1.1.0:NN training: epoch=1/200, batches=2, loss=7.8648257, top1=0.2962, elapsed=13.017s, process_memory={'VmPeak': '6375088 kB', 'VmRSS': '1572960 kB'}, gpu_memory=None.
DEBUG:root:Epoch: 0	Loss: 7.86482572555542	Top1 accuracy: 0.2962239384651184
INFO:COMEBin	1.1.0:NN training: epoch=2/200, batches=2, loss=7.595367, top1=0.3776, elapsed=13.512s, process_memory={'VmPeak': '6587496 kB', 'VmRSS': '1579432 kB'}, gpu_memory=None.
DEBUG:root:Epoch: 1	Loss: 7.595366954803467	Top1 accuracy: 0.3776041567325592
INFO:COMEBin	1.1.0:NN training: epoch=3/200, batches=2, loss=7.5304279, top1=0.3418, elapsed=13.638s, process_memory={'VmPeak': '6587496 kB', 'VmRSS': '1540928 kB'}, gpu_memory=None.
DEBUG:root:Epoch: 2	Loss: 7.530427932739258	Top1 accuracy: 0.341796875
INFO:COMEBin	1.1.0:NN training: epoch=4/200, batches=2, loss=7.2860122, top1=0.5827, elapsed=13.524s, process_memory={'VmPeak': '6587496 kB', 'VmRSS': '1580032 kB'}, gpu_memory=None.
DEBUG:root:Epoch: 3	Loss: 7.286012172698975	Top1 accuracy: 0.5826822519302368
INFO:COMEBin	1.1.0:NN training: epoch=5/200, batches=2, loss=7.0509181, top1=0.9863, elapsed=13.369s, process_memory={'VmPeak': '6587496 kB', 'VmRSS': '1563480 kB'}, gpu_memory=None.
DEBUG:root:Epoch: 4	Loss: 7.050918102264404	Top1 accuracy: 0.986328125
INFO:COMEBin	1.1.0:NN training: epoch=6/200, batches=2, loss=6.9313602, top1=1.0254, elapsed=13.400s, process_memory={'VmPeak': '6587496 kB', 'VmRSS': '1557352 kB'}, gpu_memory=None.
DEBUG:root:Epoch: 5	Loss: 6.931360244750977	Top1 accuracy: 1.025390625
INFO:COMEBin	1.1.0:NN training: epoch=7/200, batches=2, loss=6.7925448, top1=1.2402, elapsed=13.330s, process_memory={'VmPeak': '6588088 kB', 'VmRSS': '1573756 kB'}, gpu_memory=None.
DEBUG:root:Epoch: 6	Loss: 6.792544841766357	Top1 accuracy: 1.240234375
INFO:COMEBin	1.1.0:NN training: epoch=8/200, batches=2, loss=6.7998013, top1=1.1751, elapsed=13.358s, process_memory={'VmPeak': '6588088 kB', 'VmRSS': '1557372 kB'}, gpu_memory=None.
DEBUG:root:Epoch: 7	Loss: 6.799801349639893	Top1 accuracy: 1.1751301288604736
INFO:COMEBin	1.1.0:NN training: epoch=9/200, batches=2, loss=6.7905374, top1=1.3053, elapsed=13.322s, process_memory={'VmPeak': '6588088 kB', 'VmRSS': '1576884 kB'}, gpu_memory=None.
DEBUG:root:Epoch: 8	Loss: 6.790537357330322	Top1 accuracy: 1.3053385019302368
INFO:COMEBin	1.1.0:NN training: epoch=10/200, batches=2, loss=6.6772294, top1=1.3997, elapsed=13.767s, process_memory={'VmPeak': '6588088 kB', 'VmRSS': '1593228 kB'}, gpu_memory=None.
DEBUG:root:Epoch: 9	Loss: 6.677229404449463	Top1 accuracy: 1.3997395038604736
INFO:COMEBin	1.1.0:NN training: epoch=11/200, batches=2, loss=6.5853543, top1=1.7122, elapsed=13.655s, process_memory={'VmPeak': '6594488 kB', 'VmRSS': '1560464 kB'}, gpu_memory=None.
DEBUG:root:Epoch: 10	Loss: 6.585354328155518	Top1 accuracy: 1.7122395038604736
INFO:COMEBin	1.1.0:NN training: epoch=12/200, batches=2, loss=6.5560818, top1=1.6374, elapsed=13.880s, process_memory={'VmPeak': '6594488 kB', 'VmRSS': '1560524 kB'}, gpu_memory=None.
DEBUG:root:Epoch: 11	Loss: 6.556081771850586	Top1 accuracy: 1.6373697519302368
INFO:COMEBin	1.1.0:NN training: epoch=13/200, batches=2, loss=6.5243306, top1=1.7578, elapsed=14.050s, process_memory={'VmPeak': '6594488 kB', 'VmRSS': '1573836 kB'}, gpu_memory=None.
DEBUG:root:Epoch: 12	Loss: 6.5243306159973145	Top1 accuracy: 1.7578125
INFO:COMEBin	1.1.0:NN training: epoch=14/200, batches=2, loss=6.4560871, top1=2.1745, elapsed=13.710s, process_memory={'VmPeak': '6594488 kB', 'VmRSS': '1573840 kB'}, gpu_memory=None.
DEBUG:root:Epoch: 13	Loss: 6.456087112426758	Top1 accuracy: 2.1744790077209473
INFO:COMEBin	1.1.0:NN training: epoch=15/200, batches=2, loss=6.397758, top1=2.3796, elapsed=13.836s, process_memory={'VmPeak': '6594488 kB', 'VmRSS': '1541076 kB'}, gpu_memory=None.
DEBUG:root:Epoch: 14	Loss: 6.3977580070495605	Top1 accuracy: 2.3795571327209473
INFO:COMEBin	1.1.0:NN training: epoch=16/200, batches=2, loss=6.36625, top1=2.2656, elapsed=13.732s, process_memory={'VmPeak': '6594488 kB', 'VmRSS': '1573844 kB'}, gpu_memory=None.
DEBUG:root:Epoch: 15	Loss: 6.366250038146973	Top1 accuracy: 2.265625
