INFO:COMEBin	1.1.0:NN setup finished; loss function and training state are ready.
INFO:root:Start SimCLR training for 200 epochs.
INFO:COMEBin	1.1.0:NN training preflight: mode=combined-model, epochs=200, samples=3000, batches_per_epoch=2, batch_size=1024, device=cpu, fp16=False, process_memory={'VmPeak': '1666508 kB', 'VmRSS': '496740 kB'}, gpu_memory=None.
INFO:COMEBin	1.1.0:NN training: enter combined-model loop and request the first DataLoader batch.
INFO:root:kmer_len:	136

INFO:COMEBin	1.1.0:NN training: first combined-model batch received; view_shapes=[(1024, 138), (1024, 138), (1024, 138), (1024, 138), (1024, 138), (1024, 138)].
INFO:COMEBin	1.1.0:NN training: first combined-model batch moved to cpu; shape=(6144, 138).
INFO:COMEBin	1.1.0:NN training: first combined-model forward pass finished; loss=8.530816078186035.
INFO:COMEBin	1.1.0:NN training: first combined-model backward pass and optimizer step finished.
INFO:COMEBin	1.1.0:NN training: epoch=1/200, batches=2, loss=7.8648257, top1=0.2962, elapsed=11.558s, process_memory={'VmPeak': '6375076 kB', 'VmRSS': '1589288 kB'}, gpu_memory=None.
DEBUG:root:Epoch: 0	Loss: 7.86482572555542	Top1 accuracy: 0.2962239384651184
INFO:COMEBin	1.1.0:NN training: epoch=2/200, batches=2, loss=7.595367, top1=0.3776, elapsed=13.370s, process_memory={'VmPeak': '6587484 kB', 'VmRSS': '1566708 kB'}, gpu_memory=None.
DEBUG:root:Epoch: 1	Loss: 7.595366954803467	Top1 accuracy: 0.3776041567325592
INFO:COMEBin	1.1.0:NN training: epoch=3/200, batches=2, loss=7.5304279, top1=0.3418, elapsed=12.056s, process_memory={'VmPeak': '6587484 kB', 'VmRSS': '1566720 kB'}, gpu_memory=None.
DEBUG:root:Epoch: 2	Loss: 7.530427932739258	Top1 accuracy: 0.341796875
INFO:COMEBin	1.1.0:NN training: epoch=4/200, batches=2, loss=7.2860122, top1=0.5827, elapsed=12.096s, process_memory={'VmPeak': '6594460 kB', 'VmRSS': '1596416 kB'}, gpu_memory=None.
DEBUG:root:Epoch: 3	Loss: 7.286012172698975	Top1 accuracy: 0.5826822519302368
INFO:COMEBin	1.1.0:NN training: epoch=5/200, batches=2, loss=7.0509181, top1=0.9863, elapsed=12.076s, process_memory={'VmPeak': '6597772 kB', 'VmRSS': '1573048 kB'}, gpu_memory=None.
DEBUG:root:Epoch: 4	Loss: 7.050918102264404	Top1 accuracy: 0.986328125
INFO:COMEBin	1.1.0:NN training: epoch=6/200, batches=2, loss=6.9313602, top1=1.0254, elapsed=12.052s, process_memory={'VmPeak': '6597772 kB', 'VmRSS': '1622088 kB'}, gpu_memory=None.
DEBUG:root:Epoch: 5	Loss: 6.931360244750977	Top1 accuracy: 1.025390625
INFO:COMEBin	1.1.0:NN training: epoch=7/200, batches=2, loss=6.7925448, top1=1.2402, elapsed=12.322s, process_memory={'VmPeak': '6623412 kB', 'VmRSS': '1573684 kB'}, gpu_memory=None.
DEBUG:root:Epoch: 6	Loss: 6.792544841766357	Top1 accuracy: 1.240234375
INFO:COMEBin	1.1.0:NN training: epoch=8/200, batches=2, loss=6.7998013, top1=1.1751, elapsed=12.048s, process_memory={'VmPeak': '6623412 kB', 'VmRSS': '1573700 kB'}, gpu_memory=None.
DEBUG:root:Epoch: 7	Loss: 6.799801349639893	Top1 accuracy: 1.1751301288604736
INFO:COMEBin	1.1.0:NN training: epoch=9/200, batches=2, loss=6.7905374, top1=1.3053, elapsed=12.012s, process_memory={'VmPeak': '6623412 kB', 'VmRSS': '1622852 kB'}, gpu_memory=None.
DEBUG:root:Epoch: 8	Loss: 6.790537357330322	Top1 accuracy: 1.3053385019302368
INFO:COMEBin	1.1.0:NN training: epoch=10/200, batches=2, loss=6.6772294, top1=1.3997, elapsed=12.018s, process_memory={'VmPeak': '6623412 kB', 'VmRSS': '1639236 kB'}, gpu_memory=None.
DEBUG:root:Epoch: 9	Loss: 6.677229404449463	Top1 accuracy: 1.3997395038604736
INFO:COMEBin	1.1.0:NN training: epoch=11/200, batches=2, loss=6.5853543, top1=1.7122, elapsed=12.182s, process_memory={'VmPeak': '6623412 kB', 'VmRSS': '1629196 kB'}, gpu_memory=None.
DEBUG:root:Epoch: 10	Loss: 6.585354328155518	Top1 accuracy: 1.7122395038604736
INFO:COMEBin	1.1.0:NN training: epoch=12/200, batches=2, loss=6.5560818, top1=1.6374, elapsed=11.996s, process_memory={'VmPeak': '6623412 kB', 'VmRSS': '1645656 kB'}, gpu_memory=None.
DEBUG:root:Epoch: 11	Loss: 6.556081771850586	Top1 accuracy: 1.6373697519302368
