INFO:COMEBin	1.1.0:NN setup finished; loss function and training state are ready.
INFO:root:Start SimCLR training for 200 epochs.
INFO:COMEBin	1.1.0:NN training preflight: mode=combined-model, epochs=200, samples=4900, batches_per_epoch=4, batch_size=1024, device=cpu, fp16=False, process_memory={'VmPeak': '3705620 kB', 'VmRSS': '505592 kB'}, gpu_memory=None.
INFO:COMEBin	1.1.0:NN training: enter combined-model loop and request the first DataLoader batch.
INFO:root:kmer_len:	136

INFO:COMEBin	1.1.0:NN training: first combined-model batch received; view_shapes=[(1024, 138), (1024, 138), (1024, 138), (1024, 138), (1024, 138), (1024, 138)].
INFO:COMEBin	1.1.0:NN training: first combined-model batch moved to cpu; shape=(6144, 138).
INFO:COMEBin	1.1.0:NN training: first combined-model forward pass finished; loss=8.678824424743652.
INFO:COMEBin	1.1.0:NN training: first combined-model backward pass and optimizer step finished.
INFO:COMEBin	1.1.0:NN training: epoch=1/200, batches=4, loss=7.5872226, top1=0.6510, elapsed=16.319s, process_memory={'VmPeak': '8545680 kB', 'VmRSS': '1580776 kB'}, gpu_memory=None.
DEBUG:root:Epoch: 0	Loss: 7.587222576141357	Top1 accuracy: 0.6510416269302368
INFO:COMEBin	1.1.0:NN training: epoch=2/200, batches=4, loss=7.3429556, top1=0.9082, elapsed=18.866s, process_memory={'VmPeak': '8579712 kB', 'VmRSS': '1597336 kB'}, gpu_memory=None.
DEBUG:root:Epoch: 1	Loss: 7.342955589294434	Top1 accuracy: 0.908203125
INFO:COMEBin	1.1.0:NN training: epoch=3/200, batches=4, loss=7.0031252, top1=1.3216, elapsed=18.775s, process_memory={'VmPeak': '8579712 kB', 'VmRSS': '1580972 kB'}, gpu_memory=None.
DEBUG:root:Epoch: 2	Loss: 7.003125190734863	Top1 accuracy: 1.3216145038604736
INFO:COMEBin	1.1.0:NN training: epoch=4/200, batches=4, loss=6.7679415, top1=1.3639, elapsed=19.167s, process_memory={'VmPeak': '8579712 kB', 'VmRSS': '1616820 kB'}, gpu_memory=None.
DEBUG:root:Epoch: 3	Loss: 6.767941474914551	Top1 accuracy: 1.3639322519302368
INFO:COMEBin	1.1.0:NN training: epoch=5/200, batches=4, loss=6.7027788, top1=1.2793, elapsed=18.886s, process_memory={'VmPeak': '8579712 kB', 'VmRSS': '1613776 kB'}, gpu_memory=None.
DEBUG:root:Epoch: 4	Loss: 6.7027788162231445	Top1 accuracy: 1.279296875
INFO:COMEBin	1.1.0:NN training: epoch=6/200, batches=4, loss=6.6097264, top1=1.5039, elapsed=18.948s, process_memory={'VmPeak': '8579712 kB', 'VmRSS': '1584080 kB'}, gpu_memory=None.
DEBUG:root:Epoch: 5	Loss: 6.609726428985596	Top1 accuracy: 1.50390625
INFO:COMEBin	1.1.0:NN training: epoch=7/200, batches=4, loss=6.5628924, top1=1.7253, elapsed=19.053s, process_memory={'VmPeak': '8579712 kB', 'VmRSS': '1613792 kB'}, gpu_memory=None.
DEBUG:root:Epoch: 6	Loss: 6.562892436981201	Top1 accuracy: 1.7252603769302368
